Archive member included to satisfy reference by file (symbol)

C:/PROGRA~2/ARMGNU~1/14EFD8~1.2RE/bin/../lib/gcc/arm-none-eabi/14.2.1/thumb/v7e-m+dp/hard\libgcc.a(_aeabi_uldivmod.o)
                              cmake/stm32cubemx/CMakeFiles/STM32_Drivers.dir/__/__/Drivers/STM32H7xx_HAL_Driver/Src/stm32h7xx_hal_uart.c.obj (__aeabi_uldivmod)
C:/PROGRA~2/ARMGNU~1/14EFD8~1.2RE/bin/../lib/gcc/arm-none-eabi/14.2.1/thumb/v7e-m+dp/hard\libgcc.a(_udivmoddi4.o)
                              C:/PROGRA~2/ARMGNU~1/14EFD8~1.2RE/bin/../lib/gcc/arm-none-eabi/14.2.1/thumb/v7e-m+dp/hard\libgcc.a(_aeabi_uldivmod.o) (__udivmoddi4)
C:/PROGRA~2/ARMGNU~1/14EFD8~1.2RE/bin/../lib/gcc/arm-none-eabi/14.2.1/thumb/v7e-m+dp/hard\libgcc.a(_dvmd_tls.o)
                              C:/PROGRA~2/ARMGNU~1/14EFD8~1.2RE/bin/../lib/gcc/arm-none-eabi/14.2.1/thumb/v7e-m+dp/hard\libgcc.a(_aeabi_uldivmod.o) (__aeabi_ldiv0)
C:/PROGRA~2/ARMGNU~1/14EFD8~1.2RE/bin/../lib/gcc/arm-none-eabi/14.2.1/thumb/v7e-m+dp/hard\libg_nano.a(libc_a-exit.o)
                              C:/PROGRA~2/ARMGNU~1/14EFD8~1.2RE/bin/../lib/gcc/arm-none-eabi/14.2.1/thumb/v7e-m+dp/hard/crt0.o (exit)
C:/PROGRA~2/ARMGNU~1/14EFD8~1.2RE/bin/../lib/gcc/arm-none-eabi/14.2.1/thumb/v7e-m+dp/hard\libg_nano.a(libc_a-findfp.o)
                              C:/PROGRA~2/ARMGNU~1/14EFD8~1.2RE/bin/../lib/gcc/arm-none-eabi/14.2.1/thumb/v7e-m+dp/hard\libg_nano.a(libc_a-exit.o) (__stdio_exit_handler)
C:/PROGRA~2/ARMGNU~1/14EFD8~1.2RE/bin/../lib/gcc/arm-none-eabi/14.2.1/thumb/v7e-m+dp/hard\libg_nano.a(libc_a-fwalk.o)
                              C:/PROGRA~2/ARMGNU~1/14EFD8~1.2RE/bin/../lib/gcc/arm-none-eabi/14.2.1/thumb/v7e-m+dp/hard\libg_nano.a(libc_a-findfp.o) (_fwalk_sglue)
C:/PROGRA~2/ARMGNU~1/14EFD8~1.2RE/bin/../lib/gcc/arm-none-eabi/14.2.1/thumb/v7e-m+dp/hard\libg_nano.a(libc_a-snprintf.o)
                              CMakeFiles/com_H753VIT.dir/Core/Src/main.c.obj (snprintf)
C:/PROGRA~2/ARMGNU~1/14EFD8~1.2RE/bin/../lib/gcc/arm-none-eabi/14.2.1/thumb/v7e-m+dp/hard\libg_nano.a(libc_a-stdio.o)
                              C:/PROGRA~2/ARMGNU~1/14EFD8~1.2RE/bin/../lib/gcc/arm-none-eabi/14.2.1/thumb/v7e-m+dp/hard\libg_nano.a(libc_a-findfp.o) (__sread)
C:/PROGRA~2/ARMGNU~1/14EFD8~1.2RE/bin/../lib/gcc/arm-none-eabi/14.2.1/thumb/v7e-m+dp/hard\libg_nano.a(libc_a-memset.o)
                              C:/PROGRA~2/ARMGNU~1/14EFD8~1.2RE/bin/../lib/gcc/arm-none-eabi/14.2.1/thumb/v7e-m+dp/hard/crt0.o (memset)
C:/PROGRA~2/ARMGNU~1/14EFD8~1.2RE/bin/../lib/gcc/arm-none-eabi/14.2.1/thumb/v7e-m+dp/hard\libg_nano.a(libc_a-closer.o)
                              C:/PROGRA~2/ARMGNU~1/14EFD8~1.2RE/bin/../lib/gcc/arm-none-eabi/14.2.1/thumb/v7e-m+dp/hard\libg_nano.a(libc_a-stdio.o) (_close_r)
C:/PROGRA~2/ARMGNU~1/14EFD8~1.2RE/bin/../lib/gcc/arm-none-eabi/14.2.1/thumb/v7e-m+dp/hard\libg_nano.a(libc_a-reent.o)
                              C:/PROGRA~2/ARMGNU~1/14EFD8~1.2RE/bin/../lib/gcc/arm-none-eabi/14.2.1/thumb/v7e-m+dp/hard\libg_nano.a(libc_a-closer.o) (errno)
C:/PROGRA~2/ARMGNU~1/14EFD8~1.2RE/bin/../lib/gcc/arm-none-eabi/14.2.1/thumb/v7e-m+dp/hard\libg_nano.a(libc_a-impure.o)
                              C:/PROGRA~2/ARMGNU~1/14EFD8~1.2RE/bin/../lib/gcc/arm-none-eabi/14.2.1/thumb/v7e-m+dp/hard\libg_nano.a(libc_a-snprintf.o) (_impure_ptr)
C:/PROGRA~2/ARMGNU~1/14EFD8~1.2RE/bin/../lib/gcc/arm-none-eabi/14.2.1/thumb/v7e-m+dp/hard\libg_nano.a(libc_a-lseekr.o)
                              C:/PROGRA~2/ARMGNU~1/14EFD8~1.2RE/bin/../lib/gcc/arm-none-eabi/14.2.1/thumb/v7e-m+dp/hard\libg_nano.a(libc_a-stdio.o) (_lseek_r)
C:/PROGRA~2/ARMGNU~1/14EFD8~1.2RE/bin/../lib/gcc/arm-none-eabi/14.2.1/thumb/v7e-m+dp/hard\libg_nano.a(libc_a-readr.o)
                              C:/PROGRA~2/ARMGNU~1/14EFD8~1.2RE/bin/../lib/gcc/arm-none-eabi/14.2.1/thumb/v7e-m+dp/hard\libg_nano.a(libc_a-stdio.o) (_read_r)
C:/PROGRA~2/ARMGNU~1/14EFD8~1.2RE/bin/../lib/gcc/arm-none-eabi/14.2.1/thumb/v7e-m+dp/hard\libg_nano.a(libc_a-writer.o)
                              C:/PROGRA~2/ARMGNU~1/14EFD8~1.2RE/bin/../lib/gcc/arm-none-eabi/14.2.1/thumb/v7e-m+dp/hard\libg_nano.a(libc_a-stdio.o) (_write_r)
C:/PROGRA~2/ARMGNU~1/14EFD8~1.2RE/bin/../lib/gcc/arm-none-eabi/14.2.1/thumb/v7e-m+dp/hard\libg_nano.a(libc_a-errno.o)
                              CMakeFiles/com_H753VIT.dir/Core/Src/sysmem.c.obj (__errno)
C:/PROGRA~2/ARMGNU~1/14EFD8~1.2RE/bin/../lib/gcc/arm-none-eabi/14.2.1/thumb/v7e-m+dp/hard\libg_nano.a(libc_a-init.o)
                              C:/PROGRA~2/ARMGNU~1/14EFD8~1.2RE/bin/../lib/gcc/arm-none-eabi/14.2.1/thumb/v7e-m+dp/hard/crt0.o (__libc_init_array)
C:/PROGRA~2/ARMGNU~1/14EFD8~1.2RE/bin/../lib/gcc/arm-none-eabi/14.2.1/thumb/v7e-m+dp/hard\libg_nano.a(libc_a-lock.o)
                              C:/PROGRA~2/ARMGNU~1/14EFD8~1.2RE/bin/../lib/gcc/arm-none-eabi/14.2.1/thumb/v7e-m+dp/hard\libg_nano.a(libc_a-findfp.o) (__retarget_lock_init_recursive)
[...]
Memory Configuration

Name             Origin             Length             Attributes
DTCMRAM          0x20000000         0x00020000         xrw
RAM              0x24000000         0x00080000         xrw
RAM_D2           0x30000000         0x00048000         xrw
RAM_D3           0x38000000         0x00010000         xrw
ITCMRAM          0x00000000         0x00010000         xrw
FLASH            0x08000000         0x00200000         xr
*default*        0x00000000         0xffffffff

Linker script and memory map

LOAD C:/PROGRA~2/ARMGNU~1/14EFD8~1.2RE/bin/../lib/gcc/arm-none-eabi/14.2.1/thumb/v7e-m+dp/hard/crti.o
LOAD C:/PROGRA~2/ARMGNU~1/14EFD8~1.2RE/bin/../lib/gcc/arm-none-eabi/14.2.1/thumb/v7e-m+dp/hard/crtbegin.o
LOAD C:/PROGRA~2/ARMGNU~1/14EFD8~1.2RE/bin/../lib/gcc/arm-none-eabi/14.2.1/thumb/v7e-m+dp/hard/crt0.o
LOAD cmake/stm32cubemx/CMakeFiles/STM32_Drivers.dir/__/__/Core/Src/system_stm32h7xx.c.obj
LOAD cmake/stm32cubemx/CMakeFiles/STM32_Drivers.dir/__/__/Drivers/STM32H7xx_HAL_Driver/Src/stm32h7xx_hal_cortex.c.obj
LOAD cmake/stm32cubemx/CMakeFiles/STM32_Drivers.dir/__/__/Drivers/STM32H7xx_HAL_Driver/Src/stm32h7xx_hal_rcc.c.obj
LOAD cmake/stm32cubemx/CMakeFiles/STM32_Drivers.dir/__/__/Drivers/STM32H7xx_HAL_Driver/Src/stm32h7xx_hal_rcc_ex.c.obj
LOAD cmake/stm32cubemx/CMakeFiles/STM32_Drivers.dir/__/__/Drivers/STM32H7xx_HAL_Driver/Src/stm32h7xx_hal_flash.c.obj
LOAD cmake/stm32cubemx/CMakeFiles/STM32_Drivers.dir/__/__/Drivers/STM32H7xx_HAL_Driver/Src/stm32h7xx_hal_flash_ex.c.obj
LOAD cmake/stm32cubemx/CMakeFiles/STM32_Drivers.dir/__/__/Drivers/STM32H7xx_HAL_Driver/Src/stm32h7xx_hal_gpio.c.obj
LOAD cmake/stm32cubemx/CMakeFiles/STM32_Drivers.dir/__/__/Drivers/STM32H7xx_HAL_Driver/Src/stm32h7xx_hal_hsem.c.obj
LOAD cmake/stm32cubemx/CMakeFiles/STM32_Drivers.dir/__/__/Drivers/STM32H7xx_HAL_Driver/Src/stm32h7xx_hal_dma.c.obj
LOAD cmake/stm32cubemx/CMakeFiles/STM32_Drivers.dir/__/__/Drivers/STM32H7xx_HAL_Driver/Src/stm32h7xx_hal_dma_ex.c.obj
LOAD cmake/stm32cubemx/CMakeFiles/STM32_Drivers.dir/__/__/Drivers/STM32H7xx_HAL_Driver/Src/stm32h7xx_hal_mdma.c.obj
LOAD cmake/stm32cubemx/CMakeFiles/STM32_Drivers.dir/__/__/Drivers/STM32H7xx_HAL_Driver/Src/stm32h7xx_hal_pwr.c.obj
LOAD cmake/stm32cubemx/CMakeFiles/STM32_Drivers.dir/__/__/Drivers/STM32H7xx_HAL_Driver/Src/stm32h7xx_hal_pwr_ex.c.obj
LOAD cmake/stm32cubemx/CMakeFiles/STM32_Drivers.dir/__/__/Drivers/STM32H7xx_HAL_Driver/Src/stm32h7xx_hal.c.obj
LOAD cmake/stm32cubemx/CMakeFiles/STM32_Drivers.dir/__/__/Drivers/STM32H7xx_HAL_Driver/Src/stm32h7xx_hal_i2c.c.obj
LOAD cmake/stm32cubemx/CMakeFiles/STM32_Drivers.dir/__/__/Drivers/STM32H7xx_HAL_Driver/Src/stm32h7xx_hal_i2c_ex.c.obj
LOAD cmake/stm32cubemx/CMakeFiles/STM32_Drivers.dir/__/__/Drivers/STM32H7xx_HAL_Driver/Src/stm32h7xx_hal_exti.c.obj
LOAD cmake/stm32cubemx/CMakeFiles/STM32_Drivers.dir/__/__/Drivers/STM32H7xx_HAL_Driver/Src/stm32h7xx_hal_spi.c.obj
LOAD cmake/stm32cubemx/CMakeFiles/STM32_Drivers.dir/__/__/Drivers/STM32H7xx_HAL_Driver/Src/stm32h7xx_hal_spi_ex.c.obj
LOAD cmake/stm32cubemx/CMakeFiles/STM32_Drivers.dir/__/__/Drivers/STM32H7xx_HAL_Driver/Src/stm32h7xx_hal_tim.c.obj
LOAD cmake/stm32cubemx/CMakeFiles/STM32_Drivers.dir/__/__/Drivers/STM32H7xx_HAL_Driver/Src/stm32h7xx_hal_tim_ex.c.obj
LOAD cmake/stm32cubemx/CMakeFiles/STM32_Drivers.dir/__/__/Drivers/STM32H7xx_HAL_Driver/Src/stm32h7xx_hal_uart.c.obj
LOAD cmake/stm32cubemx/CMakeFiles/STM32_Drivers.dir/__/__/Drivers/STM32H7xx_HAL_Driver/Src/stm32h7xx_hal_uart_ex.c.obj
LOAD CMakeFiles/com_H753VIT.dir/Core/Src/main.c.obj
LOAD CMakeFiles/com_H753VIT.dir/Core/Src/stm32h7xx_it.c.obj
LOAD CMakeFiles/com_H753VIT.dir/Core/Src/stm32h7xx_hal_msp.c.obj
LOAD CMakeFiles/com_H753VIT.dir/Core/Src/sysmem.c.obj
LOAD CMakeFiles/com_H753VIT.dir/Core/Src/syscalls.c.obj
LOAD CMakeFiles/com_H753VIT.dir/startup_stm32h753xx.s.obj
LOAD C:/PROGRA~2/ARMGNU~1/14EFD8~1.2RE/bin/../lib/gcc/arm-none-eabi/14.2.1/thumb/v7e-m+dp/hard\libm.a
START GROUP
LOAD C:/PROGRA~2/ARMGNU~1/14EFD8~1.2RE/bin/../lib/gcc/arm-none-eabi/14.2.1/thumb/v7e-m+dp/hard\libgcc.a
LOAD C:/PROGRA~2/ARMGNU~1/14EFD8~1.2RE/bin/../lib/gcc/arm-none-eabi/14.2.1/thumb/v7e-m+dp/hard\libg_nano.a
LOAD C:/PROGRA~2/ARMGNU~1/14EFD8~1.2RE/bin/../lib/gcc/arm-none-eabi/14.2.1/thumb/v7e-m+dp/hard\libc_nano.a
END GROUP
START GROUP
LOAD C:/PROGRA~2/ARMGNU~1/14EFD8~1.2RE/bin/../lib/gcc/arm-none-eabi/14.2.1/thumb/v7e-m+dp/hard\libgcc.a
LOAD C:/PROGRA~2/ARMGNU~1/14EFD8~1.2RE/bin/../lib/gcc/arm-none-eabi/14.2.1/thumb/v7e-m+dp/hard\libc_nano.a
END GROUP
LOAD C:/PROGRA~2/ARMGNU~1/14EFD8~1.2RE/bin/../lib/gcc/arm-none-eabi/14.2.1/thumb/v7e-m+dp/hard/crtend.o
LOAD C:/PROGRA~2/ARMGNU~1/14EFD8~1.2RE/bin/../lib/gcc/arm-none-eabi/14.2.1/thumb/v7e-m+dp/hard/crtn.o
                0x20020000                        _estack = (ORIGIN (DTCMRAM) + LENGTH (DTCMRAM))
                0x2001fc00                        _sstack = (_estack - _Min_Stack_Size)
                0x00000200                        _Min_Heap_Size = 0x200
                0x00000400                        _Min_Stack_Size = 0x400

.isr_vector     0x08000000      0x298
                0x08000000                        . = ALIGN (0x4)
 *(.isr_vector)
 .isr_vector    0x08000000      0x298 CMakeFiles/com_H753VIT.dir/startup_stm32h753xx.s.obj
                0x08000000                g_pfnVectors
                0x08000298                        . = ALIGN (0x4)

.text           0x080002a0     0x90c8
                0x080002a0                        . = ALIGN (0x4)
 *(.text)
 .text          0x080002a0       0x30 C:/PROGRA~2/ARMGNU~1/14EFD8~1.2RE/bin/../lib/gcc/arm-none-eabi/14.2.1/thumb/v7e-m+dp/hard\libgcc.a(_aeabi_uldivmod.o)
                0x080002a0                __aeabi_uldivmod
 .text          0x080002d0        0x4 C:/PROGRA~2/ARMGNU~1/14EFD8~1.2RE/bin/../lib/gcc/arm-none-eabi/14.2.1/thumb/v7e-m+dp/hard\libgcc.a(_dvmd_tls.o)
                0x080002d0                __aeabi_idiv0
                0x080002d0                __aeabi_ldiv0
 .text          0x080002d4       0x10 C:/PROGRA~2/ARMGNU~1/14EFD8~1.2RE/bin/../lib/gcc/arm-none-eabi/14.2.1/thumb/v7e-m+dp/hard\libg_nano.a(libc_a-strlen.o)
                0x080002d4                strlen
 *fill*         0x080002e4        0xc 
 .text          0x080002f0       0xa0 C:/PROGRA~2/ARMGNU~1/14EFD8~1.2RE/bin/../lib/gcc/arm-none-eabi/14.2.1/thumb/v7e-m+dp/hard\libg_nano.a(libc_a-memchr.o)
                0x080002f0                memchr
 *(.text*)
 .text.deregister_tm_clones
                0x08000390       0x1c C:/PROGRA~2/ARMGNU~1/14EFD8~1.2RE/bin/../lib/gcc/arm-none-eabi/14.2.1/thumb/v7e-m+dp/hard/crtbegin.o
 .text.register_tm_clones
                0x080003ac       0x24 C:/PROGRA~2/ARMGNU~1/14EFD8~1.2RE/bin/../lib/gcc/arm-none-eabi/14.2.1/thumb/v7e-m+dp/hard/crtbegin.o
 .text.__do_global_dtors_aux
                0x080003d0       0x28 C:/PROGRA~2/ARMGNU~1/14EFD8~1.2RE/bin/../lib/gcc/arm-none-eabi/14.2.1/thumb/v7e-m+dp/hard/crtbegin.o
 .text.frame_dummy
                0x080003f8       0x24 C:/PROGRA~2/ARMGNU~1/14EFD8~1.2RE/bin/../lib/gcc/arm-none-eabi/14.2.1/thumb/v7e-m+dp/hard/crtbegin.o
 .text.SystemInit
                0x0800041c      0x140 cmake/stm32cubemx/CMakeFiles/STM32_Drivers.dir/__/__/Core/Src/system_stm32h7xx.c.obj
                0x0800041c                SystemInit
 .text.ExitRun0Mode
                0x0800055c       0x18 cmake/stm32cubemx/CMakeFiles/STM32_Drivers.dir/__/__/Core/Src/system_stm32h7xx.c.obj
                0x0800055c                ExitRun0Mode
 .text.__NVIC_SetPriorityGrouping
                0x08000574       0x48 cmake/stm32cubemx/CMakeFiles/STM32_Drivers.dir/__/__/Drivers/STM32H7xx_HAL_Driver/Src/stm32h7xx_hal_cortex.c.obj
 .text.__NVIC_GetPriorityGrouping
                0x080005bc       0x1c cmake/stm32cubemx/CMakeFiles/STM32_Drivers.dir/__/__/Drivers/STM32H7xx_HAL_Driver/Src/stm32h7xx_hal_cortex.c.obj
 .text.__NVIC_EnableIRQ
                0x080005d8       0x3c cmake/stm32cubemx/CMakeFiles/STM32_Drivers.dir/__/__/Drivers/STM32H7xx_HAL_Driver/Src/stm32h7xx_hal_cortex.c.obj
 .text.__NVIC_SetPriority
                0x08000614       0x54 cmake/stm32cubemx/CMakeFiles/STM32_Drivers.dir/__/__/Drivers/STM32H7xx_HAL_Driver/Src/stm32h7xx_hal_cortex.c.obj
 .text.NVIC_EncodePriority
                0x08000668       0x66 cmake/stm32cubemx/CMakeFiles/STM32_Drivers.dir/__/__/Drivers/STM32H7xx_HAL_Driver/Src/stm32h7xx_hal_cortex.c.obj
 *fill*         0x080006ce        0x2 
 .text.SysTick_Config
                0x080006d0       0x44 cmake/stm32cubemx/CMakeFiles/STM32_Drivers.dir/__/__/Drivers/STM32H7xx_HAL_Driver/Src/stm32h7xx_hal_cortex.c.obj
 .text.HAL_NVIC_SetPriorityGrouping
                0x08000714       0x16 cmake/stm32cubemx/CMakeFiles/STM32_Drivers.dir/__/__/Drivers/STM32H7xx_HAL_Driver/Src/stm32h7xx_hal_cortex.c.obj
                0x08000714                HAL_NVIC_SetPriorityGrouping
 .text.HAL_NVIC_SetPriority
                0x0800072a       0x34 cmake/stm32cubemx/CMakeFiles/STM32_Drivers.dir/__/__/Drivers/STM32H7xx_HAL_Driver/Src/stm32h7xx_hal_cortex.c.obj
                0x0800072a                HAL_NVIC_SetPriority
 .text.HAL_NVIC_EnableIRQ
                0x0800075e       0x1c cmake/stm32cubemx/CMakeFiles/STM32_Drivers.dir/__/__/Drivers/STM32H7xx_HAL_Driver/Src/stm32h7xx_hal_cortex.c.obj
                0x0800075e                HAL_NVIC_EnableIRQ
 .text.HAL_SYSTICK_Config
                0x0800077a       0x18 cmake/stm32cubemx/CMakeFiles/STM32_Drivers.dir/__/__/Drivers/STM32H7xx_HAL_Driver/Src/stm32h7xx_hal_cortex.c.obj
                0x0800077a                HAL_SYSTICK_Config
 *fill*         0x08000792        0x2 
 .text.HAL_MPU_Disable
                0x08000794       0x30 cmake/stm32cubemx/CMakeFiles/STM32_Drivers.dir/__/__/Drivers/STM32H7xx_HAL_Driver/Src/stm32h7xx_hal_cortex.c.obj
                0x08000794                HAL_MPU_Disable
 .text.HAL_MPU_Enable
                0x080007c4       0x40 cmake/stm32cubemx/CMakeFiles/STM32_Drivers.dir/__/__/Drivers/STM32H7xx_HAL_Driver/Src/stm32h7xx_hal_cortex.c.obj
                0x080007c4                HAL_MPU_Enable
 .text.HAL_MPU_ConfigRegion
                0x08000804       0x80 cmake/stm32cubemx/CMakeFiles/STM32_Drivers.dir/__/__/Drivers/STM32H7xx_HAL_Driver/Src/stm32h7xx_hal_cortex.c.obj
                0x08000804                HAL_MPU_ConfigRegion
 .text.HAL_RCC_OscConfig
                0x08000884      0x8b4 cmake/stm32cubemx/CMakeFiles/STM32_Drivers.dir/__/__/Drivers/STM32H7xx_HAL_Driver/Src/stm32h7xx_hal_rcc.c.obj
                0x08000884                HAL_RCC_OscConfig
 .text.HAL_RCC_ClockConfig
                0x08001138      0x36c cmake/stm32cubemx/CMakeFiles/STM32_Drivers.dir/__/__/Drivers/STM32H7xx_HAL_Driver/Src/stm32h7xx_hal_rcc.c.obj
                0x08001138                HAL_RCC_ClockConfig
 .text.HAL_RCC_GetSysClockFreq
                0x080014a4      0x2f4 cmake/stm32cubemx/CMakeFiles/STM32_Drivers.dir/__/__/Drivers/STM32H7xx_HAL_Driver/Src/stm32h7xx_hal_rcc.c.obj
                0x080014a4                HAL_RCC_GetSysClockFreq
 .text.HAL_RCC_GetHCLKFreq
                0x08001798       0x60 cmake/stm32cubemx/CMakeFiles/STM32_Drivers.dir/__/__/Drivers/STM32H7xx_HAL_Driver/Src/stm32h7xx_hal_rcc.c.obj
                0x08001798                HAL_RCC_GetHCLKFreq
 .text.HAL_RCC_GetPCLK1Freq
                0x080017f8       0x2c cmake/stm32cubemx/CMakeFiles/STM32_Drivers.dir/__/__/Drivers/STM32H7xx_HAL_Driver/Src/stm32h7xx_hal_rcc.c.obj
                0x080017f8                HAL_RCC_GetPCLK1Freq
 .text.HAL_RCC_GetPCLK2Freq
                0x08001824       0x2c cmake/stm32cubemx/CMakeFiles/STM32_Drivers.dir/__/__/Drivers/STM32H7xx_HAL_Driver/Src/stm32h7xx_hal_rcc.c.obj
                0x08001824                HAL_RCC_GetPCLK2Freq
 .text.HAL_RCCEx_PeriphCLKConfig
                0x08001850     0x1414 cmake/stm32cubemx/CMakeFiles/STM32_Drivers.dir/__/__/Drivers/STM32H7xx_HAL_Driver/Src/stm32h7xx_hal_rcc_ex.c.obj
                0x08001850                HAL_RCCEx_PeriphCLKConfig
 .text.HAL_RCCEx_GetD3PCLK1Freq
                0x08002c64       0x2c cmake/stm32cubemx/CMakeFiles/STM32_Drivers.dir/__/__/Drivers/STM32H7xx_HAL_Driver/Src/stm32h7xx_hal_rcc_ex.c.obj
                0x08002c64                HAL_RCCEx_GetD3PCLK1Freq
 .text.HAL_RCCEx_GetPLL2ClockFreq
                0x08002c90      0x2a8 cmake/stm32cubemx/CMakeFiles/STM32_Drivers.dir/__/__/Drivers/STM32H7xx_HAL_Driver/Src/stm32h7xx_hal_rcc_ex.c.obj
                0x08002c90                HAL_RCCEx_GetPLL2ClockFreq
 .text.HAL_RCCEx_GetPLL3ClockFreq
                0x08002f38      0x2a8 cmake/stm32cubemx/CMakeFiles/STM32_Drivers.dir/__/__/Drivers/STM32H7xx_HAL_Driver/Src/stm32h7xx_hal_rcc_ex.c.obj
                0x08002f38                HAL_RCCEx_GetPLL3ClockFreq
 .text.RCCEx_PLL2_Config
                0x080031e0      0x164 cmake/stm32cubemx/CMakeFiles/STM32_Drivers.dir/__/__/Drivers/STM32H7xx_HAL_Driver/Src/stm32h7xx_hal_rcc_ex.c.obj
 .text.RCCEx_PLL3_Config
                0x08003344      0x164 cmake/stm32cubemx/CMakeFiles/STM32_Drivers.dir/__/__/Drivers/STM32H7xx_HAL_Driver/Src/stm32h7xx_hal_rcc_ex.c.obj
 .text.HAL_GPIO_Init
                0x080034a8      0x374 cmake/stm32cubemx/CMakeFiles/STM32_Drivers.dir/__/__/Drivers/STM32H7xx_HAL_Driver/Src/stm32h7xx_hal_gpio.c.obj
                0x080034a8                HAL_GPIO_Init
 .text.HAL_GPIO_WritePin
                0x0800381c       0x32 cmake/stm32cubemx/CMakeFiles/STM32_Drivers.dir/__/__/Drivers/STM32H7xx_HAL_Driver/Src/stm32h7xx_hal_gpio.c.obj
                0x0800381c                HAL_GPIO_WritePin
 *fill*         0x0800384e        0x2 
 .text.HAL_DMA_Abort
                0x08003850      0x63c cmake/stm32cubemx/CMakeFiles/STM32_Drivers.dir/__/__/Drivers/STM32H7xx_HAL_Driver/Src/stm32h7xx_hal_dma.c.obj
                0x08003850                HAL_DMA_Abort
 .text.HAL_DMA_Abort_IT
                0x08003e8c      0x48c cmake/stm32cubemx/CMakeFiles/STM32_Drivers.dir/__/__/Drivers/STM32H7xx_HAL_Driver/Src/stm32h7xx_hal_dma.c.obj
                0x08003e8c                HAL_DMA_Abort_IT
 .text.HAL_PWREx_ConfigSupply
                0x08004318       0x74 cmake/stm32cubemx/CMakeFiles/STM32_Drivers.dir/__/__/Drivers/STM32H7xx_HAL_Driver/Src/stm32h7xx_hal_pwr_ex.c.obj
                0x08004318                HAL_PWREx_ConfigSupply
 .text.HAL_Init
                0x0800438c       0x78 cmake/stm32cubemx/CMakeFiles/STM32_Drivers.dir/__/__/Drivers/STM32H7xx_HAL_Driver/Src/stm32h7xx_hal.c.obj
                0x0800438c                HAL_Init
 .text.HAL_InitTick
                0x08004404       0x6c cmake/stm32cubemx/CMakeFiles/STM32_Drivers.dir/__/__/Drivers/STM32H7xx_HAL_Driver/Src/stm32h7xx_hal.c.obj
                0x08004404                HAL_InitTick
 .text.HAL_IncTick
                0x08004470       0x28 cmake/stm32cubemx/CMakeFiles/STM32_Drivers.dir/__/__/Drivers/STM32H7xx_HAL_Driver/Src/stm32h7xx_hal.c.obj
                0x08004470                HAL_IncTick
 .text.HAL_GetTick
                0x08004498       0x18 cmake/stm32cubemx/CMakeFiles/STM32_Drivers.dir/__/__/Drivers/STM32H7xx_HAL_Driver/Src/stm32h7xx_hal.c.obj
                0x08004498                HAL_GetTick
 .text.HAL_Delay
                0x080044b0       0x48 cmake/stm32cubemx/CMakeFiles/STM32_Drivers.dir/__/__/Drivers/STM32H7xx_HAL_Driver/Src/stm32h7xx_hal.c.obj
                0x080044b0                HAL_Delay
 .text.HAL_GetREVID
                0x080044f8       0x18 cmake/stm32cubemx/CMakeFiles/STM32_Drivers.dir/__/__/Drivers/STM32H7xx_HAL_Driver/Src/stm32h7xx_hal.c.obj
                0x080044f8                HAL_GetREVID
 .text.HAL_SPI_Init
                0x08004510      0x248 cmake/stm32cubemx/CMakeFiles/STM32_Drivers.dir/__/__/Drivers/STM32H7xx_HAL_Driver/Src/stm32h7xx_hal_spi.c.obj
                0x08004510                HAL_SPI_Init
 .text.HAL_SPI_TransmitReceive
                0x08004758      0x674 cmake/stm32cubemx/CMakeFiles/STM32_Drivers.dir/__/__/Drivers/STM32H7xx_HAL_Driver/Src/stm32h7xx_hal_spi.c.obj
                0x08004758                HAL_SPI_TransmitReceive
 .text.SPI_CloseTransfer
                0x08004dcc      0x140 cmake/stm32cubemx/CMakeFiles/STM32_Drivers.dir/__/__/Drivers/STM32H7xx_HAL_Driver/Src/stm32h7xx_hal_spi.c.obj
 .text.SPI_WaitOnFlagUntilTimeout
                0x08004f0c       0x5c cmake/stm32cubemx/CMakeFiles/STM32_Drivers.dir/__/__/Drivers/STM32H7xx_HAL_Driver/Src/stm32h7xx_hal_spi.c.obj
 .text.SPI_GetPacketSize
                0x08004f68       0x36 cmake/stm32cubemx/CMakeFiles/STM32_Drivers.dir/__/__/Drivers/STM32H7xx_HAL_Driver/Src/stm32h7xx_hal_spi.c.obj
 .text.HAL_UART_Init
                0x08004f9e       0xa0 cmake/stm32cubemx/CMakeFiles/STM32_Drivers.dir/__/__/Drivers/STM32H7xx_HAL_Driver/Src/stm32h7xx_hal_uart.c.obj
                0x08004f9e                HAL_UART_Init
 .text.HAL_UART_Transmit
                0x0800503e      0x132 cmake/stm32cubemx/CMakeFiles/STM32_Drivers.dir/__/__/Drivers/STM32H7xx_HAL_Driver/Src/stm32h7xx_hal_uart.c.obj
                0x0800503e                HAL_UART_Transmit
 .text.HAL_UART_Receive_IT
                0x08005170       0x98 cmake/stm32cubemx/CMakeFiles/STM32_Drivers.dir/__/__/Drivers/STM32H7xx_HAL_Driver/Src/stm32h7xx_hal_uart.c.obj
                0x08005170                HAL_UART_Receive_IT
 .text.HAL_UART_IRQHandler
                0x08005208      0x7ac cmake/stm32cubemx/CMakeFiles/STM32_Drivers.dir/__/__/Drivers/STM32H7xx_HAL_Driver/Src/stm32h7xx_hal_uart.c.obj
                0x08005208                HAL_UART_IRQHandler
 .text.HAL_UART_TxCpltCallback
                0x080059b4       0x14 cmake/stm32cubemx/CMakeFiles/STM32_Drivers.dir/__/__/Drivers/STM32H7xx_HAL_Driver/Src/stm32h7xx_hal_uart.c.obj
                0x080059b4                HAL_UART_TxCpltCallback
 .text.HAL_UART_ErrorCallback
                0x080059c8       0x14 cmake/stm32cubemx/CMakeFiles/STM32_Drivers.dir/__/__/Drivers/STM32H7xx_HAL_Driver/Src/stm32h7xx_hal_uart.c.obj
                0x080059c8                HAL_UART_ErrorCallback
 .text.HAL_UARTEx_RxEventCallback
                0x080059dc       0x18 cmake/stm32cubemx/CMakeFiles/STM32_Drivers.dir/__/__/Drivers/STM32H7xx_HAL_Driver/Src/stm32h7xx_hal_uart.c.obj
                0x080059dc                HAL_UARTEx_RxEventCallback
 .text.UART_SetConfig
                0x080059f4      0xad0 cmake/stm32cubemx/CMakeFiles/STM32_Drivers.dir/__/__/Drivers/STM32H7xx_HAL_Driver/Src/stm32h7xx_hal_uart.c.obj
                0x080059f4                UART_SetConfig
 .text.UART_AdvFeatureConfig
                0x080064c4      0x144 cmake/stm32cubemx/CMakeFiles/STM32_Drivers.dir/__/__/Drivers/STM32H7xx_HAL_Driver/Src/stm32h7xx_hal_uart.c.obj
                0x080064c4                UART_AdvFeatureConfig
 .text.UART_CheckIdleState
                0x08006608      0x154 cmake/stm32cubemx/CMakeFiles/STM32_Drivers.dir/__/__/Drivers/STM32H7xx_HAL_Driver/Src/stm32h7xx_hal_uart.c.obj
                0x08006608                UART_CheckIdleState
 .text.UART_WaitOnFlagUntilTimeout
                0x0800675c       0xda cmake/stm32cubemx/CMakeFiles/STM32_Drivers.dir/__/__/Drivers/STM32H7xx_HAL_Driver/Src/stm32h7xx_hal_uart.c.obj
                0x0800675c                UART_WaitOnFlagUntilTimeout
 *fill*         0x08006836        0x2 
 .text.UART_Start_Receive_IT
                0x08006838      0x244 cmake/stm32cubemx/CMakeFiles/STM32_Drivers.dir/__/__/Drivers/STM32H7xx_HAL_Driver/Src/stm32h7xx_hal_uart.c.obj
                0x08006838                UART_Start_Receive_IT
 .text.UART_EndRxTransfer
                0x08006a7c       0xcc cmake/stm32cubemx/CMakeFiles/STM32_Drivers.dir/__/__/Drivers/STM32H7xx_HAL_Driver/Src/stm32h7xx_hal_uart.c.obj
 .text.UART_DMAAbortOnError
                0x08006b48       0x1c cmake/stm32cubemx/CMakeFiles/STM32_Drivers.dir/__/__/Drivers/STM32H7xx_HAL_Driver/Src/stm32h7xx_hal_uart.c.obj
 .text.UART_EndTransmit_IT
                0x08006b64       0x56 cmake/stm32cubemx/CMakeFiles/STM32_Drivers.dir/__/__/Drivers/STM32H7xx_HAL_Driver/Src/stm32h7xx_hal_uart.c.obj
 *fill*         0x08006bba        0x2 
 .text.UART_RxISR_8BIT
                0x08006bbc      0x1b8 cmake/stm32cubemx/CMakeFiles/STM32_Drivers.dir/__/__/Drivers/STM32H7xx_HAL_Driver/Src/stm32h7xx_hal_uart.c.obj
 .text.UART_RxISR_16BIT
                0x08006d74      0x1b8 cmake/stm32cubemx/CMakeFiles/STM32_Drivers.dir/__/__/Drivers/STM32H7xx_HAL_Driver/Src/stm32h7xx_hal_uart.c.obj
 .text.UART_RxISR_8BIT_FIFOEN
                0x08006f2c      0x364 cmake/stm32cubemx/CMakeFiles/STM32_Drivers.dir/__/__/Drivers/STM32H7xx_HAL_Driver/Src/stm32h7xx_hal_uart.c.obj
 .text.UART_RxISR_16BIT_FIFOEN
                0x08007290      0x36c cmake/stm32cubemx/CMakeFiles/STM32_Drivers.dir/__/__/Drivers/STM32H7xx_HAL_Driver/Src/stm32h7xx_hal_uart.c.obj
 .text.HAL_UARTEx_WakeupCallback
                0x080075fc       0x14 cmake/stm32cubemx/CMakeFiles/STM32_Drivers.dir/__/__/Drivers/STM32H7xx_HAL_Driver/Src/stm32h7xx_hal_uart_ex.c.obj
                0x080075fc                HAL_UARTEx_WakeupCallback
 .text.HAL_UARTEx_RxFifoFullCallback
                0x08007610       0x14 cmake/stm32cubemx/CMakeFiles/STM32_Drivers.dir/__/__/Drivers/STM32H7xx_HAL_Driver/Src/stm32h7xx_hal_uart_ex.c.obj
                0x08007610                HAL_UARTEx_RxFifoFullCallback
 .text.HAL_UARTEx_TxFifoEmptyCallback
                0x08007624       0x14 cmake/stm32cubemx/CMakeFiles/STM32_Drivers.dir/__/__/Drivers/STM32H7xx_HAL_Driver/Src/stm32h7xx_hal_uart_ex.c.obj
                0x08007624                HAL_UARTEx_TxFifoEmptyCallback
 .text.HAL_UARTEx_DisableFifoMode
                0x08007638       0x72 cmake/stm32cubemx/CMakeFiles/STM32_Drivers.dir/__/__/Drivers/STM32H7xx_HAL_Driver/Src/stm32h7xx_hal_uart_ex.c.obj
                0x08007638                HAL_UARTEx_DisableFifoMode
 .text.HAL_UARTEx_SetTxFifoThreshold
                0x080076aa       0x7c cmake/stm32cubemx/CMakeFiles/STM32_Drivers.dir/__/__/Drivers/STM32H7xx_HAL_Driver/Src/stm32h7xx_hal_uart_ex.c.obj
                0x080076aa                HAL_UARTEx_SetTxFifoThreshold
 .text.HAL_UARTEx_SetRxFifoThreshold
                0x08007726       0x7c cmake/stm32cubemx/CMakeFiles/STM32_Drivers.dir/__/__/Drivers/STM32H7xx_HAL_Driver/Src/stm32h7xx_hal_uart_ex.c.obj
                0x08007726                HAL_UARTEx_SetRxFifoThreshold
 *fill*         0x080077a2        0x2 
 .text.UARTEx_SetNbDataToProcess
                0x080077a4       0x9c cmake/stm32cubemx/CMakeFiles/STM32_Drivers.dir/__/__/Drivers/STM32H7xx_HAL_Driver/Src/stm32h7xx_hal_uart_ex.c.obj
 .text.Debug_Print
                0x08007840       0x2c CMakeFiles/com_H753VIT.dir/Core/Src/main.c.obj
 .text.IMU_CalcXOR
                0x0800786c       0x40 CMakeFiles/com_H753VIT.dir/Core/Src/main.c.obj
 .text.IMU_ValidatePacket
                0x080078ac       0x46 CMakeFiles/com_H753VIT.dir/Core/Src/main.c.obj
 .text.IMU_ParsePacket
                0x080078f2       0xe4 CMakeFiles/com_H753VIT.dir/Core/Src/main.c.obj
 *fill*         0x080079d6        0x2 
 .text.IMU_PrintData
                0x080079d8       0x7c CMakeFiles/com_H753VIT.dir/Core/Src/main.c.obj
 .text.main     0x08007a54      0x2d8 CMakeFiles/com_H753VIT.dir/Core/Src/main.c.obj
                0x08007a54                main
 .text.SystemClock_Config
                0x08007d2c       0xf4 CMakeFiles/com_H753VIT.dir/Core/Src/main.c.obj
                0x08007d2c                SystemClock_Config
 .text.MX_SPI3_Init
                0x08007e20       0xac CMakeFiles/com_H753VIT.dir/Core/Src/main.c.obj
 .text.MX_UART4_Init
                0x08007ecc       0x98 CMakeFiles/com_H753VIT.dir/Core/Src/main.c.obj
 .text.MX_USART2_UART_Init
                0x08007f64       0x98 CMakeFiles/com_H753VIT.dir/Core/Src/main.c.obj
 .text.MX_USART3_UART_Init
                0x08007ffc       0x98 CMakeFiles/com_H753VIT.dir/Core/Src/main.c.obj
 .text.MX_GPIO_Init
                0x08008094       0xec CMakeFiles/com_H753VIT.dir/Core/Src/main.c.obj
 .text.HAL_UART_RxCpltCallback
                0x08008180       0xa4 CMakeFiles/com_H753VIT.dir/Core/Src/main.c.obj
                0x08008180                HAL_UART_RxCpltCallback
 .text.MPU_Config
                0x08008224       0x58 CMakeFiles/com_H753VIT.dir/Core/Src/main.c.obj
 .text.Error_Handler
                0x0800827c        0xc CMakeFiles/com_H753VIT.dir/Core/Src/main.c.obj
                0x0800827c                Error_Handler
 .text.NMI_Handler
                0x08008288        0x8 CMakeFiles/com_H753VIT.dir/Core/Src/stm32h7xx_it.c.obj
                0x08008288                NMI_Handler
 .text.HardFault_Handler
                0x08008290        0x8 CMakeFiles/com_H753VIT.dir/Core/Src/stm32h7xx_it.c.obj
                0x08008290                HardFault_Handler
 .text.MemManage_Handler
                0x08008298        0x8 CMakeFiles/com_H753VIT.dir/Core/Src/stm32h7xx_it.c.obj
                0x08008298                MemManage_Handler
 .text.BusFault_Handler
                0x080082a0        0x8 CMakeFiles/com_H753VIT.dir/Core/Src/stm32h7xx_it.c.obj
                0x080082a0                BusFault_Handler
 .text.UsageFault_Handler
                0x080082a8        0x8 CMakeFiles/com_H753VIT.dir/Core/Src/stm32h7xx_it.c.obj
                0x080082a8                UsageFault_Handler
 .text.SVC_Handler
                0x080082b0        0xe CMakeFiles/com_H753VIT.dir/Core/Src/stm32h7xx_it.c.obj
                0x080082b0                SVC_Handler
 .text.DebugMon_Handler
                0x080082be        0xe CMakeFiles/com_H753VIT.dir/Core/Src/stm32h7xx_it.c.obj
                0x080082be                DebugMon_Handler
 .text.PendSV_Handler
                0x080082cc        0xe CMakeFiles/com_H753VIT.dir/Core/Src/stm32h7xx_it.c.obj
                0x080082cc                PendSV_Handler
 .text.SysTick_Handler
                0x080082da        0xc CMakeFiles/com_H753VIT.dir/Core/Src/stm32h7xx_it.c.obj
                0x080082da                SysTick_Handler
 *fill*         0x080082e6        0x2 
 .text.USART3_IRQHandler
                0x080082e8       0x14 CMakeFiles/com_H753VIT.dir/Core/Src/stm32h7xx_it.c.obj
                0x080082e8                USART3_IRQHandler
 .text.HAL_MspInit
                0x080082fc       0x34 CMakeFiles/com_H753VIT.dir/Core/Src/stm32h7xx_hal_msp.c.obj
                0x080082fc                HAL_MspInit
 .text.HAL_SPI_MspInit
                0x08008330       0xd0 CMakeFiles/com_H753VIT.dir/Core/Src/stm32h7xx_hal_msp.c.obj
                0x08008330                HAL_SPI_MspInit
 .text.HAL_UART_MspInit
                0x08008400      0x220 CMakeFiles/com_H753VIT.dir/Core/Src/stm32h7xx_hal_msp.c.obj
                0x08008400                HAL_UART_MspInit
 .text._sbrk    0x08008620       0x6c CMakeFiles/com_H753VIT.dir/Core/Src/sysmem.c.obj
                0x08008620                _sbrk
 .text.Reset_Handler
                0x0800868c       0x54 CMakeFiles/com_H753VIT.dir/startup_stm32h753xx.s.obj
                0x0800868c                Reset_Handler
 .text.Default_Handler
                0x080086e0        0x2 CMakeFiles/com_H753VIT.dir/startup_stm32h753xx.s.obj
                0x080086e0                RTC_Alarm_IRQHandler
                0x080086e0                HASH_RNG_IRQHandler
                0x080086e0                EXTI2_IRQHandler
                0x080086e0                TIM8_CC_IRQHandler
                0x080086e0                HRTIM1_Master_IRQHandler
                0x080086e0                UART8_IRQHandler
                0x080086e0                SPI4_IRQHandler
                0x080086e0                TIM1_CC_IRQHandler
                0x080086e0                BDMA_Channel6_IRQHandler
                0x080086e0                DMA2_Stream5_IRQHandler
                0x080086e0                HRTIM1_FLT_IRQHandler
                0x080086e0                JPEG_IRQHandler
                0x080086e0                DMA1_Stream5_IRQHandler
                0x080086e0                BDMA_Channel1_IRQHandler
                0x080086e0                HRTIM1_TIMD_IRQHandler
                0x080086e0                TAMP_STAMP_IRQHandler
                0x080086e0                EXTI3_IRQHandler
                0x080086e0                LPTIM4_IRQHandler
                0x080086e0                TIM8_TRG_COM_TIM14_IRQHandler
                0x080086e0                LPTIM2_IRQHandler
                0x080086e0                DFSDM1_FLT1_IRQHandler
                0x080086e0                DMAMUX2_OVR_IRQHandler
                0x080086e0                TIM8_UP_TIM13_IRQHandler
                0x080086e0                I2C3_ER_IRQHandler
                0x080086e0                DFSDM1_FLT2_IRQHandler
                0x080086e0                MDMA_IRQHandler
                0x080086e0                LPTIM3_IRQHandler
                0x080086e0                HSEM1_IRQHandler
                0x080086e0                EXTI0_IRQHandler
                0x080086e0                I2C2_EV_IRQHandler
                0x080086e0                DMA1_Stream2_IRQHandler
                0x080086e0                FPU_IRQHandler
                0x080086e0                OTG_HS_WKUP_IRQHandler
                0x080086e0                FDCAN1_IT1_IRQHandler
                0x080086e0                LTDC_ER_IRQHandler
                0x080086e0                DMA2_Stream2_IRQHandler
                0x080086e0                HRTIM1_TIME_IRQHandler
                0x080086e0                SPI1_IRQHandler
                0x080086e0                TIM6_DAC_IRQHandler
                0x080086e0                DCMI_IRQHandler
                0x080086e0                HRTIM1_TIMC_IRQHandler
                0x080086e0                DMA2_Stream3_IRQHandler
                0x080086e0                SAI2_IRQHandler
                0x080086e0                DFSDM1_FLT3_IRQHandler
                0x080086e0                USART6_IRQHandler
                0x080086e0                TIM17_IRQHandler
                0x080086e0                BDMA_Channel7_IRQHandler
                0x080086e0                CRYP_IRQHandler
                0x080086e0                LPTIM5_IRQHandler
                0x080086e0                UART5_IRQHandler
                0x080086e0                ADC3_IRQHandler
                0x080086e0                DMA2_Stream0_IRQHandler
                0x080086e0                TIM4_IRQHandler
                0x080086e0                BDMA_Channel2_IRQHandler
                0x080086e0                QUADSPI_IRQHandler
                0x080086e0                I2C1_EV_IRQHandler
                0x080086e0                DMA1_Stream6_IRQHandler
                0x080086e0                DMAMUX1_OVR_IRQHandler
                0x080086e0                DMA1_Stream1_IRQHandler
                0x080086e0                TIM16_IRQHandler
                0x080086e0                UART4_IRQHandler
                0x080086e0                BDMA_Channel5_IRQHandler
                0x080086e0                TIM3_IRQHandler
                0x080086e0                RCC_IRQHandler
                0x080086e0                TIM8_BRK_TIM12_IRQHandler
                0x080086e0                TIM1_TRG_COM_IRQHandler
                0x080086e0                Default_Handler
                0x080086e0                ECC_IRQHandler
                0x080086e0                CEC_IRQHandler
                0x080086e0                EXTI15_10_IRQHandler
                0x080086e0                BDMA_Channel0_IRQHandler
                0x080086e0                ADC_IRQHandler
                0x080086e0                DMA1_Stream7_IRQHandler
                0x080086e0                HRTIM1_TIMA_IRQHandler
                0x080086e0                SPI5_IRQHandler
                0x080086e0                TIM7_IRQHandler
                0x080086e0                SDMMC1_IRQHandler
                0x080086e0                TIM5_IRQHandler
                0x080086e0                DMA2_Stream7_IRQHandler
                0x080086e0                TIM15_IRQHandler
                0x080086e0                PVD_AVD_IRQHandler
                0x080086e0                I2C3_EV_IRQHandler
                0x080086e0                EXTI9_5_IRQHandler
                0x080086e0                RTC_WKUP_IRQHandler
                0x080086e0                LTDC_IRQHandler
                0x080086e0                SAI3_IRQHandler
                0x080086e0                ETH_WKUP_IRQHandler
                0x080086e0                SPDIF_RX_IRQHandler
                0x080086e0                SPI2_IRQHandler
                0x080086e0                OTG_HS_EP1_IN_IRQHandler
                0x080086e0                DMA1_Stream0_IRQHandler
                0x080086e0                CRS_IRQHandler
                0x080086e0                EXTI4_IRQHandler
                0x080086e0                HRTIM1_TIMB_IRQHandler
                0x080086e0                FDCAN2_IT1_IRQHandler
                0x080086e0                ETH_IRQHandler
                0x080086e0                TIM1_UP_IRQHandler
                0x080086e0                BDMA_Channel4_IRQHandler
                0x080086e0                OTG_HS_EP1_OUT_IRQHandler
                0x080086e0                WWDG_IRQHandler
                0x080086e0                SPI6_IRQHandler
                0x080086e0                MDIOS_IRQHandler
                0x080086e0                I2C4_EV_IRQHandler
                0x080086e0                FDCAN2_IT0_IRQHandler
                0x080086e0                LPUART1_IRQHandler
                0x080086e0                FDCAN1_IT0_IRQHandler
                0x080086e0                TIM2_IRQHandler
                0x080086e0                OTG_FS_WKUP_IRQHandler
                0x080086e0                OTG_HS_IRQHandler
                0x080086e0                DMA2D_IRQHandler
                0x080086e0                TIM1_BRK_IRQHandler
                0x080086e0                EXTI1_IRQHandler
                0x080086e0                SDMMC2_IRQHandler
                0x080086e0                OTG_FS_EP1_OUT_IRQHandler
                0x080086e0                BDMA_Channel3_IRQHandler
                0x080086e0                UART7_IRQHandler
                0x080086e0                MDIOS_WKUP_IRQHandler
                0x080086e0                USART2_IRQHandler
                0x080086e0                DFSDM1_FLT0_IRQHandler
                0x080086e0                SAI4_IRQHandler
                0x080086e0                I2C2_ER_IRQHandler
                0x080086e0                DMA2_Stream1_IRQHandler
                0x080086e0                FLASH_IRQHandler
                0x080086e0                DMA2_Stream4_IRQHandler
                0x080086e0                USART1_IRQHandler
                0x080086e0                OTG_FS_IRQHandler
                0x080086e0                SPI3_IRQHandler
                0x080086e0                WAKEUP_PIN_IRQHandler
                0x080086e0                DMA1_Stream4_IRQHandler
                0x080086e0                OTG_FS_EP1_IN_IRQHandler
                0x080086e0                I2C1_ER_IRQHandler
                0x080086e0                FMC_IRQHandler
                0x080086e0                FDCAN_CAL_IRQHandler
                0x080086e0                SWPMI1_IRQHandler
                0x080086e0                COMP1_IRQHandler
                0x080086e0                LPTIM1_IRQHandler
                0x080086e0                I2C4_ER_IRQHandler
                0x080086e0                DMA2_Stream6_IRQHandler
                0x080086e0                SAI1_IRQHandler
                0x080086e0                DMA1_Stream3_IRQHandler
 *fill*         0x080086e2        0x2 
 .text.__udivmoddi4
                0x080086e4      0x2f8 C:/PROGRA~2/ARMGNU~1/14EFD8~1.2RE/bin/../lib/gcc/arm-none-eabi/14.2.1/thumb/v7e-m+dp/hard\libgcc.a(_udivmoddi4.o)
                0x080086e4                __udivmoddi4
 .text.snprintf
                0x080089dc       0x6c C:/PROGRA~2/ARMGNU~1/14EFD8~1.2RE/bin/../lib/gcc/arm-none-eabi/14.2.1/thumb/v7e-m+dp/hard\libg_nano.a(libc_a-snprintf.o)
                0x080089dc                sniprintf
                0x080089dc                snprintf
 .text.memset   0x08008a48       0x10 C:/PROGRA~2/ARMGNU~1/14EFD8~1.2RE/bin/../lib/gcc/arm-none-eabi/14.2.1/thumb/v7e-m+dp/hard\libg_nano.a(libc_a-memset.o)
                0x08008a48                memset
 .text.__errno  0x08008a58        0xc C:/PROGRA~2/ARMGNU~1/14EFD8~1.2RE/bin/../lib/gcc/arm-none-eabi/14.2.1/thumb/v7e-m+dp/hard\libg_nano.a(libc_a-errno.o)
                0x08008a58                __errno
 .text.__libc_init_array
                0x08008a64       0x48 C:/PROGRA~2/ARMGNU~1/14EFD8~1.2RE/bin/../lib/gcc/arm-none-eabi/14.2.1/thumb/v7e-m+dp/hard\libg_nano.a(libc_a-init.o)
                0x08008a64                __libc_init_array
 .text.__retarget_lock_acquire_recursive
                0x08008aac        0x2 C:/PROGRA~2/ARMGNU~1/14EFD8~1.2RE/bin/../lib/gcc/arm-none-eabi/14.2.1/thumb/v7e-m+dp/hard\libg_nano.a(libc_a-lock.o)
                0x08008aac                __retarget_lock_acquire_recursive
 .text.__retarget_lock_release_recursive
                0x08008aae        0x2 C:/PROGRA~2/ARMGNU~1/14EFD8~1.2RE/bin/../lib/gcc/arm-none-eabi/14.2.1/thumb/v7e-m+dp/hard\libg_nano.a(libc_a-lock.o)
                0x08008aae                __retarget_lock_release_recursive
 .text._free_r  0x08008ab0       0x94 C:/PROGRA~2/ARMGNU~1/14EFD8~1.2RE/bin/../lib/gcc/arm-none-eabi/14.2.1/thumb/v7e-m+dp/hard\libg_nano.a(libc_a-freer.o)
                0x08008ab0                _free_r
 .text.sbrk_aligned
                0x08008b44       0x44 C:/PROGRA~2/ARMGNU~1/14EFD8~1.2RE/bin/../lib/gcc/arm-none-eabi/14.2.1/thumb/v7e-m+dp/hard\libg_nano.a(libc_a-mallocr.o)
 .text._malloc_r
                0x08008b88      0x100 C:/PROGRA~2/ARMGNU~1/14EFD8~1.2RE/bin/../lib/gcc/arm-none-eabi/14.2.1/thumb/v7e-m+dp/hard\libg_nano.a(libc_a-mallocr.o)
                0x08008b88                _malloc_r
 .text.__malloc_lock
                0x08008c88        0xc C:/PROGRA~2/ARMGNU~1/14EFD8~1.2RE/bin/../lib/gcc/arm-none-eabi/14.2.1/thumb/v7e-m+dp/hard\libg_nano.a(libc_a-mlock.o)
                0x08008c88                __malloc_lock
 .text.__malloc_unlock
                0x08008c94        0xc C:/PROGRA~2/ARMGNU~1/14EFD8~1.2RE/bin/../lib/gcc/arm-none-eabi/14.2.1/thumb/v7e-m+dp/hard\libg_nano.a(libc_a-mlock.o)
                0x08008c94                __malloc_unlock
 .text.__ssputs_r
                0x08008ca0       0xc0 C:/PROGRA~2/ARMGNU~1/14EFD8~1.2RE/bin/../lib/gcc/arm-none-eabi/14.2.1/thumb/v7e-m+dp/hard\libg_nano.a(libc_a-nano-svfprintf.o)
                0x08008ca0                __ssputs_r
 .text._svfprintf_r
                0x08008d60      0x1f8 C:/PROGRA~2/ARMGNU~1/14EFD8~1.2RE/bin/../lib/gcc/arm-none-eabi/14.2.1/thumb/v7e-m+dp/hard\libg_nano.a(libc_a-nano-svfprintf.o)
                0x08008d60                _svfiprintf_r
                0x08008d60                _svfprintf_r
 .text._printf_common
                0x08008f58       0xda C:/PROGRA~2/ARMGNU~1/14EFD8~1.2RE/bin/../lib/gcc/arm-none-eabi/14.2.1/thumb/v7e-m+dp/hard\libg_nano.a(libc_a-nano-vfprintf_i.o)
                0x08008f58                _printf_common
 *fill*         0x08009032        0x2 
 .text._printf_i
                0x08009034      0x240 C:/PROGRA~2/ARMGNU~1/14EFD8~1.2RE/bin/../lib/gcc/arm-none-eabi/14.2.1/thumb/v7e-m+dp/hard\libg_nano.a(libc_a-nano-vfprintf_i.o)
                0x08009034                _printf_i
 .text.memmove  0x08009274       0x32 C:/PROGRA~2/ARMGNU~1/14EFD8~1.2RE/bin/../lib/gcc/arm-none-eabi/14.2.1/thumb/v7e-m+dp/hard\libg_nano.a(libc_a-memmove.o)
                0x08009274                memmove
 *fill*         0x080092a6        0x2 
 .text._sbrk_r  0x080092a8       0x20 C:/PROGRA~2/ARMGNU~1/14EFD8~1.2RE/bin/../lib/gcc/arm-none-eabi/14.2.1/thumb/v7e-m+dp/hard\libg_nano.a(libc_a-sbrkr.o)
                0x080092a8                _sbrk_r
 .text.memcpy   0x080092c8       0x1c C:/PROGRA~2/ARMGNU~1/14EFD8~1.2RE/bin/../lib/gcc/arm-none-eabi/14.2.1/thumb/v7e-m+dp/hard\libg_nano.a(libc_a-memcpy-stub.o)
                0x080092c8                memcpy
 .text._realloc_r
                0x080092e4       0x5c C:/PROGRA~2/ARMGNU~1/14EFD8~1.2RE/bin/../lib/gcc/arm-none-eabi/14.2.1/thumb/v7e-m+dp/hard\libg_nano.a(libc_a-reallocr.o)
                0x080092e4                _realloc_r
 .text._malloc_usable_size_r
                0x08009340       0x10 C:/PROGRA~2/ARMGNU~1/14EFD8~1.2RE/bin/../lib/gcc/arm-none-eabi/14.2.1/thumb/v7e-m+dp/hard\libg_nano.a(libc_a-msizer.o)
                0x08009340                _malloc_usable_size_r
 *(.glue_7)
 .glue_7        0x08009350        0x0 linker stubs
 *(.glue_7t)
 .glue_7t       0x08009350        0x0 linker stubs
 *(.eh_frame)
 .eh_frame      0x08009350        0x0 C:/PROGRA~2/ARMGNU~1/14EFD8~1.2RE/bin/../lib/gcc/arm-none-eabi/14.2.1/thumb/v7e-m+dp/hard/crtbegin.o
 *(.init)
 .init          0x08009350        0x4 C:/PROGRA~2/ARMGNU~1/14EFD8~1.2RE/bin/../lib/gcc/arm-none-eabi/14.2.1/thumb/v7e-m+dp/hard/crti.o
                0x08009350                _init
 .init          0x08009354        0x8 C:/PROGRA~2/ARMGNU~1/14EFD8~1.2RE/bin/../lib/gcc/arm-none-eabi/14.2.1/thumb/v7e-m+dp/hard/crtn.o
 *(.fini)
 .fini          0x0800935c        0x4 C:/PROGRA~2/ARMGNU~1/14EFD8~1.2RE/bin/../lib/gcc/arm-none-eabi/14.2.1/thumb/v7e-m+dp/hard/crti.o
                0x0800935c                _fini
 .fini          0x08009360        0x8 C:/PROGRA~2/ARMGNU~1/14EFD8~1.2RE/bin/../lib/gcc/arm-none-eabi/14.2.1/thumb/v7e-m+dp/hard/crtn.o
                0x08009368                        . = ALIGN (0x4)
                0x08009368                        _etext = .

.vfp11_veneer   0x08009368        0x0
 .vfp11_veneer  0x08009368        0x0 linker stubs

.v4_bx          0x08009368        0x0
 .v4_bx         0x08009368        0x0 linker stubs

.iplt           0x08009368        0x0
 .iplt          0x08009368        0x0 C:/PROGRA~2/ARMGNU~1/14EFD8~1.2RE/bin/../lib/gcc/arm-none-eabi/14.2.1/thumb/v7e-m+dp/hard/crtbegin.o

.rodata         0x08009368      0x31c
                0x08009368                        . = ALIGN (0x4)
 *(.rodata)
 *(.rodata*)
 .rodata.D1CorePrescTable
                0x08009368       0x10 cmake/stm32cubemx/CMakeFiles/STM32_Drivers.dir/__/__/Core/Src/system_stm32h7xx.c.obj
                0x08009368                D1CorePrescTable
 .rodata.UARTPrescTable
                0x08009378       0x18 cmake/stm32cubemx/CMakeFiles/STM32_Drivers.dir/__/__/Drivers/STM32H7xx_HAL_Driver/Src/stm32h7xx_hal_uart.c.obj
                0x08009378                UARTPrescTable
 .rodata.numerator.1
                0x08009390        0x8 cmake/stm32cubemx/CMakeFiles/STM32_Drivers.dir/__/__/Drivers/STM32H7xx_HAL_Driver/Src/stm32h7xx_hal_uart_ex.c.obj
 .rodata.denominator.0
                0x08009398        0x8 cmake/stm32cubemx/CMakeFiles/STM32_Drivers.dir/__/__/Drivers/STM32H7xx_HAL_Driver/Src/stm32h7xx_hal_uart_ex.c.obj
 .rodata.spi_tx_dummy
                0x080093a0       0x12 CMakeFiles/com_H753VIT.dir/Core/Src/main.c.obj
 *fill*         0x080093b2        0x2 
 .rodata.IMU_PrintData.str1.4
                0x080093b4      0x29b CMakeFiles/com_H753VIT.dir/Core/Src/main.c.obj
                                 0x64 (size before relaxing)
 .rodata.main.str1.4
                0x0800964f      0x237 CMakeFiles/com_H753VIT.dir/Core/Src/main.c.obj
 .rodata._svfprintf_r.str1.1
                0x0800964f       0x33 C:/PROGRA~2/ARMGNU~1/14EFD8~1.2RE/bin/../lib/gcc/arm-none-eabi/14.2.1/thumb/v7e-m+dp/hard\libg_nano.a(libc_a-nano-svfprintf.o)
                                 0x11 (size before relaxing)
 .rodata._printf_i.str1.1
                0x08009682       0x22 C:/PROGRA~2/ARMGNU~1/14EFD8~1.2RE/bin/../lib/gcc/arm-none-eabi/14.2.1/thumb/v7e-m+dp/hard\libg_nano.a(libc_a-nano-vfprintf_i.o)
                0x08009888                        . = ALIGN (0x4)
 *fill*         0x08009682        0x2 

.ARM.extab      0x08009684        0x0
                0x08009684                        . = ALIGN (0x4)
 *(.ARM.extab* .gnu.linkonce.armextab.*)
                0x08009684                        . = ALIGN (0x4)

.ARM            0x08009684        0x8
                0x08009684                        . = ALIGN (0x4)
                0x08009684                        __exidx_start = .
 *(.ARM.exidx*)
 .ARM.exidx     0x08009684        0x8 C:/PROGRA~2/ARMGNU~1/14EFD8~1.2RE/bin/../lib/gcc/arm-none-eabi/14.2.1/thumb/v7e-m+dp/hard\libg_nano.a(libc_a-strlen.o)
 .ARM.exidx     0x0800968c        0x0 C:/PROGRA~2/ARMGNU~1/14EFD8~1.2RE/bin/../lib/gcc/arm-none-eabi/14.2.1/thumb/v7e-m+dp/hard\libg_nano.a(libc_a-memchr.o)
                                  0x8 (size before relaxing)
 .ARM.exidx.text.__udivmoddi4
                0x0800968c        0x0 C:/PROGRA~2/ARMGNU~1/14EFD8~1.2RE/bin/../lib/gcc/arm-none-eabi/14.2.1/thumb/v7e-m+dp/hard\libgcc.a(_udivmoddi4.o)
                                  0x8 (size before relaxing)
                0x0800968c                        __exidx_end = .
                0x0800968c                        . = ALIGN (0x4)

.preinit_array  0x0800968c        0x0
                0x0800968c                        . = ALIGN (0x4)
                0x0800968c                        PROVIDE (__preinit_array_start = .)
 *(.preinit_array*)
                0x0800968c                        PROVIDE (__preinit_array_end = .)
                0x0800968c                        . = ALIGN (0x4)

.init_array     0x0800968c        0x4
                0x0800968c                        . = ALIGN (0x4)
                0x0800968c                        PROVIDE (__init_array_start = .)
 *(SORT_BY_NAME(.init_array.*))
 *(.init_array*)
 .init_array    0x0800968c        0x4 C:/PROGRA~2/ARMGNU~1/14EFD8~1.2RE/bin/../lib/gcc/arm-none-eabi/14.2.1/thumb/v7e-m+dp/hard/crtbegin.o
                0x08009690                        PROVIDE (__init_array_end = .)
                0x08009690                        . = ALIGN (0x4)

.fini_array     0x08009690        0x4
                0x08009690                        . = ALIGN (0x4)
                [!provide]                        PROVIDE (__fini_array_start = .)
 *(SORT_BY_NAME(.fini_array.*))
 *(.fini_array*)
 .fini_array    0x08009690        0x4 C:/PROGRA~2/ARMGNU~1/14EFD8~1.2RE/bin/../lib/gcc/arm-none-eabi/14.2.1/thumb/v7e-m+dp/hard/crtbegin.o
                [!provide]                        PROVIDE (__fini_array_end = .)
                0x08009694                        . = ALIGN (0x4)
                0x08009694                        _sidata = LOADADDR (.data)

.rel.dyn        0x08009694        0x0
 .rel.iplt      0x08009694        0x0 C:/PROGRA~2/ARMGNU~1/14EFD8~1.2RE/bin/../lib/gcc/arm-none-eabi/14.2.1/thumb/v7e-m+dp/hard/crtbegin.o

.data           0x20000000       0x60 load address 0x08009694
                0x20000000                        . = ALIGN (0x4)
                0x20000000                        _sdata = .
 *(.data)
 *(.data*)
 .data.SystemCoreClock
                0x20000000        0x4 cmake/stm32cubemx/CMakeFiles/STM32_Drivers.dir/__/__/Core/Src/system_stm32h7xx.c.obj
                0x20000000                SystemCoreClock
 .data.SystemD2Clock
                0x20000004        0x4 cmake/stm32cubemx/CMakeFiles/STM32_Drivers.dir/__/__/Core/Src/system_stm32h7xx.c.obj
                0x20000004                SystemD2Clock
 .data.uwTickPrio
                0x20000008        0x4 cmake/stm32cubemx/CMakeFiles/STM32_Drivers.dir/__/__/Drivers/STM32H7xx_HAL_Driver/Src/stm32h7xx_hal.c.obj
                0x20000008                uwTickPrio
 .data.uwTickFreq
                0x2000000c        0x1 cmake/stm32cubemx/CMakeFiles/STM32_Drivers.dir/__/__/Drivers/STM32H7xx_HAL_Driver/Src/stm32h7xx_hal.c.obj
                0x2000000c                uwTickFreq
 *fill*         0x2000000d        0x3 
 .data._impure_ptr
                0x20000010        0x4 C:/PROGRA~2/ARMGNU~1/14EFD8~1.2RE/bin/../lib/gcc/arm-none-eabi/14.2.1/thumb/v7e-m+dp/hard\libg_nano.a(libc_a-impure.o)
                0x20000010                _impure_ptr
 .data._impure_data
                0x20000014       0x4c C:/PROGRA~2/ARMGNU~1/14EFD8~1.2RE/bin/../lib/gcc/arm-none-eabi/14.2.1/thumb/v7e-m+dp/hard\libg_nano.a(libc_a-impure.o)
                0x20000014                _impure_data
 *(.RamFunc)
 *(.RamFunc*)
                0x20000060                        . = ALIGN (0x4)

.tm_clone_table
                0x20000060        0x0 load address 0x080096f4
 .tm_clone_table
                0x20000060        0x0 C:/PROGRA~2/ARMGNU~1/14EFD8~1.2RE/bin/../lib/gcc/arm-none-eabi/14.2.1/thumb/v7e-m+dp/hard/crtbegin.o
 .tm_clone_table
                0x20000060        0x0 C:/PROGRA~2/ARMGNU~1/14EFD8~1.2RE/bin/../lib/gcc/arm-none-eabi/14.2.1/thumb/v7e-m+dp/hard/crtend.o

.igot.plt       0x20000060        0x0 load address 0x080096f4
 .igot.plt      0x20000060        0x0 C:/PROGRA~2/ARMGNU~1/14EFD8~1.2RE/bin/../lib/gcc/arm-none-eabi/14.2.1/thumb/v7e-m+dp/hard/crtbegin.o

.tdata          0x20000060        0x0 load address 0x080096f4
 *(.tdata .tdata.* .gnu.linkonce.td.*)
                0x20000060                        . = ALIGN (0x4)
                0x20000060                        _edata = .
                [!provide]                        PROVIDE (__data_end = .)
                [!provide]                        PROVIDE (__tdata_end = .)
                [!provide]                        PROVIDE (__tdata_start = ADDR (.tdata))
                [!provide]                        PROVIDE (__tdata_size = (__tdata_end - __tdata_start))
                [!provide]                        PROVIDE (__data_start = ADDR (.data))
                [!provide]                        PROVIDE (__data_size = (__data_end - __data_start))
                [!provide]                        PROVIDE (__tdata_source = LOADADDR (.tdata))
                [!provide]                        PROVIDE (__tdata_source_end = (LOADADDR (.tdata) + SIZEOF (.tdata)))
                [!provide]                        PROVIDE (__tdata_source_size = (__tdata_source_end - __tdata_source))
                [!provide]                        PROVIDE (__data_source = LOADADDR (.data))
                [!provide]                        PROVIDE (__data_source_end = __tdata_source_end)
                [!provide]                        PROVIDE (__data_source_size = (__data_source_end - __data_source))

.tbss           0x20000060        0x0 load address 0x080096f4
                0x20000060                        _sbss = .
                0x20000060                        __bss_start__ = _sbss
 *(.tbss .tbss.*)
                0x20000060                        . = ALIGN (0x4)
                [!provide]                        PROVIDE (__tbss_end = .)
                [!provide]                        PROVIDE (__tbss_start = ADDR (.tbss))
                [!provide]                        PROVIDE (__tbss_size = (__tbss_end - __tbss_start))
                [!provide]                        PROVIDE (__tbss_offset = (ADDR (.tbss) - ADDR (.tdata)))
                [!provide]                        PROVIDE (__tls_base = __tdata_start)
                [!provide]                        PROVIDE (__tls_end = __tbss_end)
                [!provide]                        PROVIDE (__tls_size = (__tls_end - __tls_base))
                [!provide]                        PROVIDE (__tls_align = MAX (ALIGNOF (.tdata), ALIGNOF (.tbss)))
                [!provide]                        PROVIDE (__tls_size_align = (((__tls_size + __tls_align) - 0x1) & ~ ((__tls_align - 0x1))))
                [!provide]                        PROVIDE (__arm32_tls_tcb_offset = MAX (0x8, __tls_align))
                [!provide]                        PROVIDE (__arm64_tls_tcb_offset = MAX (0x10, __tls_align))

.bss            0x20000060      0x4ec load address 0x080096f4
 *(.bss)
 *(.bss*)
 .bss.completed.1
                0x20000060        0x1 C:/PROGRA~2/ARMGNU~1/14EFD8~1.2RE/bin/../lib/gcc/arm-none-eabi/14.2.1/thumb/v7e-m+dp/hard/crtbegin.o
 *fill*         0x20000061        0x3 
 .bss.object.0  0x20000064       0x18 C:/PROGRA~2/ARMGNU~1/14EFD8~1.2RE/bin/../lib/gcc/arm-none-eabi/14.2.1/thumb/v7e-m+dp/hard/crtbegin.o
 .bss.uwTick    0x2000007c        0x4 cmake/stm32cubemx/CMakeFiles/STM32_Drivers.dir/__/__/Drivers/STM32H7xx_HAL_Driver/Src/stm32h7xx_hal.c.obj
                0x2000007c                uwTick
 .bss.hspi3     0x20000080       0x88 CMakeFiles/com_H753VIT.dir/Core/Src/main.c.obj
                0x20000080                hspi3
 .bss.huart4    0x20000108       0x94 CMakeFiles/com_H753VIT.dir/Core/Src/main.c.obj
                0x20000108                huart4
 .bss.huart2    0x2000019c       0x94 CMakeFiles/com_H753VIT.dir/Core/Src/main.c.obj
                0x2000019c                huart2
 .bss.huart3    0x20000230       0x94 CMakeFiles/com_H753VIT.dir/Core/Src/main.c.obj
                0x20000230                huart3
 .bss.debug_buf
                0x200002c4      0x100 CMakeFiles/com_H753VIT.dir/Core/Src/main.c.obj
 .bss.spi_rx_buf
                0x200003c4       0x12 CMakeFiles/com_H753VIT.dir/Core/Src/main.c.obj
 .bss.uart3_rx_byte
                0x200003d6        0x1 CMakeFiles/com_H753VIT.dir/Core/Src/main.c.obj
 *fill*         0x200003d7        0x1 
 .bss.uart3_pkt_buf
                0x200003d8       0x12 CMakeFiles/com_H753VIT.dir/Core/Src/main.c.obj
 .bss.uart3_pkt_idx
                0x200003ea        0x1 CMakeFiles/com_H753VIT.dir/Core/Src/main.c.obj
 *fill*         0x200003eb        0x1 
 .bss.uart3_pkt_ready
                0x200003ec       0x12 CMakeFiles/com_H753VIT.dir/Core/Src/main.c.obj
 .bss.uart3_new_pkt
                0x200003fe        0x1 CMakeFiles/com_H753VIT.dir/Core/Src/main.c.obj
 *fill*         0x200003ff        0x1 
 .bss.__sbrk_heap_end
                0x20000400        0x4 CMakeFiles/com_H753VIT.dir/Core/Src/sysmem.c.obj
 .bss.__sf      0x20000404      0x138 C:/PROGRA~2/ARMGNU~1/14EFD8~1.2RE/bin/../lib/gcc/arm-none-eabi/14.2.1/thumb/v7e-m+dp/hard\libg_nano.a(libc_a-findfp.o)
                0x20000404                __sf
 .bss.errno     0x2000053c        0x4 C:/PROGRA~2/ARMGNU~1/14EFD8~1.2RE/bin/../lib/gcc/arm-none-eabi/14.2.1/thumb/v7e-m+dp/hard\libg_nano.a(libc_a-reent.o)
                0x2000053c                errno
 .bss.__lock___malloc_recursive_mutex
                0x20000540        0x1 C:/PROGRA~2/ARMGNU~1/14EFD8~1.2RE/bin/../lib/gcc/arm-none-eabi/14.2.1/thumb/v7e-m+dp/hard\libg_nano.a(libc_a-lock.o)
                0x20000540                __lock___malloc_recursive_mutex
 *fill*         0x20000541        0x3 
 .bss.__malloc_sbrk_start
                0x20000544        0x4 C:/PROGRA~2/ARMGNU~1/14EFD8~1.2RE/bin/../lib/gcc/arm-none-eabi/14.2.1/thumb/v7e-m+dp/hard\libg_nano.a(libc_a-mallocr.o)
                0x20000544                __malloc_sbrk_start
 .bss.__malloc_free_list
                0x20000548        0x4 C:/PROGRA~2/ARMGNU~1/14EFD8~1.2RE/bin/../lib/gcc/arm-none-eabi/14.2.1/thumb/v7e-m+dp/hard\libg_nano.a(libc_a-mallocr.o)
                0x20000548                __malloc_free_list
 *(COMMON)
                0x2000054c                        . = ALIGN (0x4)
                0x2000054c                        _ebss = .
                0x2000054c                        __bss_end__ = _ebss
                [!provide]                        PROVIDE (__bss_end = .)
                [!provide]                        PROVIDE (__non_tls_bss_start = ADDR (.bss))
                [!provide]                        PROVIDE (__bss_start = __tbss_start)
                [!provide]                        PROVIDE (__bss_size = (__bss_end - __bss_start))

._user_heap_stack
                0x2000054c      0x604 load address 0x080096f4
                0x20000550                        . = ALIGN (0x8)
 *fill*         0x2000054c        0x4 
                [!provide]                        PROVIDE (end = .)
                0x20000550                        PROVIDE (_end = .)
                0x20000750                        . = (. + _Min_Heap_Size)
 *fill*         0x20000550      0x200 
                0x20000b50                        . = (. + _Min_Stack_Size)
 *fill*         0x20000750      0x400 
                0x20000b50                        . = ALIGN (0x8)

/DISCARD/
 libc.a:*(*)
 libm.a:*(*)
 libgcc.a:*(*)
OUTPUT(com_H753VIT.elf elf32-littlearm)
LOAD linker stubs

.ARM.attributes
                0x00000000       0x2e
 .ARM.attributes
                0x00000000       0x20 C:/PROGRA~2/ARMGNU~1/14EFD8~1.2RE/bin/../lib/gcc/arm-none-eabi/14.2.1/thumb/v7e-m+dp/hard/crti.o
 .ARM.attributes
                0x00000020       0x32 C:/PROGRA~2/ARMGNU~1/14EFD8~1.2RE/bin/../lib/gcc/arm-none-eabi/14.2.1/thumb/v7e-m+dp/hard/crtbegin.o
 .ARM.attributes
                0x00000052       0x32 cmake/stm32cubemx/CMakeFiles/STM32_Drivers.dir/__/__/Core/Src/system_stm32h7xx.c.obj
 .ARM.attributes
                0x00000084       0x32 cmake/stm32cubemx/CMakeFiles/STM32_Drivers.dir/__/__/Drivers/STM32H7xx_HAL_Driver/Src/stm32h7xx_hal_cortex.c.obj
 .ARM.attributes
                0x000000b6       0x32 cmake/stm32cubemx/CMakeFiles/STM32_Drivers.dir/__/__/Drivers/STM32H7xx_HAL_Driver/Src/stm32h7xx_hal_rcc.c.obj
 .ARM.attributes
                0x000000e8       0x32 cmake/stm32cubemx/CMakeFiles/STM32_Drivers.dir/__/__/Drivers/STM32H7xx_HAL_Driver/Src/stm32h7xx_hal_rcc_ex.c.obj
 .ARM.attributes
                0x0000011a       0x32 cmake/stm32cubemx/CMakeFiles/STM32_Drivers.dir/__/__/Drivers/STM32H7xx_HAL_Driver/Src/stm32h7xx_hal_gpio.c.obj
 .ARM.attributes
                0x0000014c       0x32 cmake/stm32cubemx/CMakeFiles/STM32_Drivers.dir/__/__/Drivers/STM32H7xx_HAL_Driver/Src/stm32h7xx_hal_dma.c.obj
 .ARM.attributes
                0x0000017e       0x32 cmake/stm32cubemx/CMakeFiles/STM32_Drivers.dir/__/__/Drivers/STM32H7xx_HAL_Driver/Src/stm32h7xx_hal_pwr_ex.c.obj
 .ARM.attributes
                0x000001b0       0x32 cmake/stm32cubemx/CMakeFiles/STM32_Drivers.dir/__/__/Drivers/STM32H7xx_HAL_Driver/Src/stm32h7xx_hal.c.obj
 .ARM.attributes
                0x000001e2       0x32 cmake/stm32cubemx/CMakeFiles/STM32_Drivers.dir/__/__/Drivers/STM32H7xx_HAL_Driver/Src/stm32h7xx_hal_spi.c.obj
 .ARM.attributes
                0x00000214       0x32 cmake/stm32cubemx/CMakeFiles/STM32_Drivers.dir/__/__/Drivers/STM32H7xx_HAL_Driver/Src/stm32h7xx_hal_uart.c.obj
 .ARM.attributes
                0x00000246       0x32 cmake/stm32cubemx/CMakeFiles/STM32_Drivers.dir/__/__/Drivers/STM32H7xx_HAL_Driver/Src/stm32h7xx_hal_uart_ex.c.obj
 .ARM.attributes
                0x00000278       0x32 CMakeFiles/com_H753VIT.dir/Core/Src/main.c.obj
 .ARM.attributes
                0x000002aa       0x32 CMakeFiles/com_H753VIT.dir/Core/Src/stm32h7xx_it.c.obj
 .ARM.attributes
                0x000002dc       0x32 CMakeFiles/com_H753VIT.dir/Core/Src/stm32h7xx_hal_msp.c.obj
 .ARM.attributes
                0x0000030e       0x32 CMakeFiles/com_H753VIT.dir/Core/Src/sysmem.c.obj
 .ARM.attributes
                0x00000340       0x21 CMakeFiles/com_H753VIT.dir/startup_stm32h753xx.s.obj
 .ARM.attributes
                0x00000361       0x20 C:/PROGRA~2/ARMGNU~1/14EFD8~1.2RE/bin/../lib/gcc/arm-none-eabi/14.2.1/thumb/v7e-m+dp/hard\libgcc.a(_aeabi_uldivmod.o)
 .ARM.attributes
                0x00000381       0x32 C:/PROGRA~2/ARMGNU~1/14EFD8~1.2RE/bin/../lib/gcc/arm-none-eabi/14.2.1/thumb/v7e-m+dp/hard\libgcc.a(_udivmoddi4.o)
 .ARM.attributes
                0x000003b3       0x20 C:/PROGRA~2/ARMGNU~1/14EFD8~1.2RE/bin/../lib/gcc/arm-none-eabi/14.2.1/thumb/v7e-m+dp/hard\libgcc.a(_dvmd_tls.o)
 .ARM.attributes
                0x000003d3       0x32 C:/PROGRA~2/ARMGNU~1/14EFD8~1.2RE/bin/../lib/gcc/arm-none-eabi/14.2.1/thumb/v7e-m+dp/hard\libg_nano.a(libc_a-findfp.o)
 .ARM.attributes
                0x00000405       0x32 C:/PROGRA~2/ARMGNU~1/14EFD8~1.2RE/bin/../lib/gcc/arm-none-eabi/14.2.1/thumb/v7e-m+dp/hard\libg_nano.a(libc_a-snprintf.o)
 .ARM.attributes
                0x00000437       0x32 C:/PROGRA~2/ARMGNU~1/14EFD8~1.2RE/bin/../lib/gcc/arm-none-eabi/14.2.1/thumb/v7e-m+dp/hard\libg_nano.a(libc_a-memset.o)
 .ARM.attributes
                0x00000469       0x32 C:/PROGRA~2/ARMGNU~1/14EFD8~1.2RE/bin/../lib/gcc/arm-none-eabi/14.2.1/thumb/v7e-m+dp/hard\libg_nano.a(libc_a-reent.o)
 .ARM.attributes
                0x0000049b       0x32 C:/PROGRA~2/ARMGNU~1/14EFD8~1.2RE/bin/../lib/gcc/arm-none-eabi/14.2.1/thumb/v7e-m+dp/hard\libg_nano.a(libc_a-impure.o)
 .ARM.attributes
                0x000004cd       0x32 C:/PROGRA~2/ARMGNU~1/14EFD8~1.2RE/bin/../lib/gcc/arm-none-eabi/14.2.1/thumb/v7e-m+dp/hard\libg_nano.a(libc_a-errno.o)
 .ARM.attributes
                0x000004ff       0x32 C:/PROGRA~2/ARMGNU~1/14EFD8~1.2RE/bin/../lib/gcc/arm-none-eabi/14.2.1/thumb/v7e-m+dp/hard\libg_nano.a(libc_a-init.o)
 .ARM.attributes
                0x00000531       0x32 C:/PROGRA~2/ARMGNU~1/14EFD8~1.2RE/bin/../lib/gcc/arm-none-eabi/14.2.1/thumb/v7e-m+dp/hard\libg_nano.a(libc_a-lock.o)
 .ARM.attributes
                0x00000563       0x17 C:/PROGRA~2/ARMGNU~1/14EFD8~1.2RE/bin/../lib/gcc/arm-none-eabi/14.2.1/thumb/v7e-m+dp/hard\libg_nano.a(libc_a-strlen.o)
 .ARM.attributes
                0x0000057a       0x32 C:/PROGRA~2/ARMGNU~1/14EFD8~1.2RE/bin/../lib/gcc/arm-none-eabi/14.2.1/thumb/v7e-m+dp/hard\libg_nano.a(libc_a-freer.o)
 .ARM.attributes
                0x000005ac       0x32 C:/PROGRA~2/ARMGNU~1/14EFD8~1.2RE/bin/../lib/gcc/arm-none-eabi/14.2.1/thumb/v7e-m+dp/hard\libg_nano.a(libc_a-mallocr.o)
 .ARM.attributes
                0x000005de       0x32 C:/PROGRA~2/ARMGNU~1/14EFD8~1.2RE/bin/../lib/gcc/arm-none-eabi/14.2.1/thumb/v7e-m+dp/hard\libg_nano.a(libc_a-mlock.o)
 .ARM.attributes
                0x00000610       0x32 C:/PROGRA~2/ARMGNU~1/14EFD8~1.2RE/bin/../lib/gcc/arm-none-eabi/14.2.1/thumb/v7e-m+dp/hard\libg_nano.a(libc_a-nano-svfprintf.o)
 .ARM.attributes
                0x00000642       0x32 C:/PROGRA~2/ARMGNU~1/14EFD8~1.2RE/bin/../lib/gcc/arm-none-eabi/14.2.1/thumb/v7e-m+dp/hard\libg_nano.a(libc_a-nano-vfprintf_i.o)
 .ARM.attributes
                0x00000674       0x32 C:/PROGRA~2/ARMGNU~1/14EFD8~1.2RE/bin/../lib/gcc/arm-none-eabi/14.2.1/thumb/v7e-m+dp/hard\libg_nano.a(libc_a-memmove.o)
 .ARM.attributes
                0x000006a6       0x32 C:/PROGRA~2/ARMGNU~1/14EFD8~1.2RE/bin/../lib/gcc/arm-none-eabi/14.2.1/thumb/v7e-m+dp/hard\libg_nano.a(libc_a-sbrkr.o)
 .ARM.attributes
                0x000006d8       0x1c C:/PROGRA~2/ARMGNU~1/14EFD8~1.2RE/bin/../lib/gcc/arm-none-eabi/14.2.1/thumb/v7e-m+dp/hard\libg_nano.a(libc_a-memchr.o)
 .ARM.attributes
                0x000006f4       0x32 C:/PROGRA~2/ARMGNU~1/14EFD8~1.2RE/bin/../lib/gcc/arm-none-eabi/14.2.1/thumb/v7e-m+dp/hard\libg_nano.a(libc_a-memcpy-stub.o)
 .ARM.attributes
                0x00000726       0x32 C:/PROGRA~2/ARMGNU~1/14EFD8~1.2RE/bin/../lib/gcc/arm-none-eabi/14.2.1/thumb/v7e-m+dp/hard\libg_nano.a(libc_a-reallocr.o)
 .ARM.attributes
                0x00000758       0x32 C:/PROGRA~2/ARMGNU~1/14EFD8~1.2RE/bin/../lib/gcc/arm-none-eabi/14.2.1/thumb/v7e-m+dp/hard\libg_nano.a(libc_a-msizer.o)
 .ARM.attributes
                0x0000078a       0x32 C:/PROGRA~2/ARMGNU~1/14EFD8~1.2RE/bin/../lib/gcc/arm-none-eabi/14.2.1/thumb/v7e-m+dp/hard/crtend.o
 .ARM.attributes
                0x000007bc       0x20 C:/PROGRA~2/ARMGNU~1/14EFD8~1.2RE/bin/../lib/gcc/arm-none-eabi/14.2.1/thumb/v7e-m+dp/hard/crtn.o

.comment        0x00000000       0x45
 .comment       0x00000000       0x45 cmake/stm32cubemx/CMakeFiles/STM32_Drivers.dir/__/__/Core/Src/system_stm32h7xx.c.obj
                                 0x46 (size before relaxing)
 .comment       0x00000045       0x46 cmake/stm32cubemx/CMakeFiles/STM32_Drivers.dir/__/__/Drivers/STM32H7xx_HAL_Driver/Src/stm32h7xx_hal_cortex.c.obj
 .comment       0x00000045       0x46 cmake/stm32cubemx/CMakeFiles/STM32_Drivers.dir/__/__/Drivers/STM32H7xx_HAL_Driver/Src/stm32h7xx_hal_rcc.c.obj
 .comment       0x00000045       0x46 cmake/stm32cubemx/CMakeFiles/STM32_Drivers.dir/__/__/Drivers/STM32H7xx_HAL_Driver/Src/stm32h7xx_hal_rcc_ex.c.obj
 .comment       0x00000045       0x46 cmake/stm32cubemx/CMakeFiles/STM32_Drivers.dir/__/__/Drivers/STM32H7xx_HAL_Driver/Src/stm32h7xx_hal_gpio.c.obj
 .comment       0x00000045       0x46 cmake/stm32cubemx/CMakeFiles/STM32_Drivers.dir/__/__/Drivers/STM32H7xx_HAL_Driver/Src/stm32h7xx_hal_dma.c.obj
 .comment       0x00000045       0x46 cmake/stm32cubemx/CMakeFiles/STM32_Drivers.dir/__/__/Drivers/STM32H7xx_HAL_Driver/Src/stm32h7xx_hal_pwr_ex.c.obj
 .comment       0x00000045       0x46 cmake/stm32cubemx/CMakeFiles/STM32_Drivers.dir/__/__/Drivers/STM32H7xx_HAL_Driver/Src/stm32h7xx_hal.c.obj
 .comment       0x00000045       0x46 cmake/stm32cubemx/CMakeFiles/STM32_Drivers.dir/__/__/Drivers/STM32H7xx_HAL_Driver/Src/stm32h7xx_hal_spi.c.obj
 .comment       0x00000045       0x46 cmake/stm32cubemx/CMakeFiles/STM32_Drivers.dir/__/__/Drivers/STM32H7xx_HAL_Driver/Src/stm32h7xx_hal_uart.c.obj
 .comment       0x00000045       0x46 cmake/stm32cubemx/CMakeFiles/STM32_Drivers.dir/__/__/Drivers/STM32H7xx_HAL_Driver/Src/stm32h7xx_hal_uart_ex.c.obj
 .comment       0x00000045       0x46 CMakeFiles/com_H753VIT.dir/Core/Src/main.c.obj
 .comment       0x00000045       0x46 CMakeFiles/com_H753VIT.dir/Core/Src/stm32h7xx_it.c.obj
 .comment       0x00000045       0x46 CMakeFiles/com_H753VIT.dir/Core/Src/stm32h7xx_hal_msp.c.obj
 .comment       0x00000045       0x46 CMakeFiles/com_H753VIT.dir/Core/Src/sysmem.c.obj

.debug_info     0x00000000    0x12ba8
 .debug_info    0x00000000      0xdc1 cmake/stm32cubemx/CMakeFiles/STM32_Drivers.dir/__/__/Core/Src/system_stm32h7xx.c.obj
 .debug_info    0x00000dc1     0x10c4 cmake/stm32cubemx/CMakeFiles/STM32_Drivers.dir/__/__/Drivers/STM32H7xx_HAL_Driver/Src/stm32h7xx_hal_cortex.c.obj
 .debug_info    0x00001e85      0xe74 cmake/stm32cubemx/CMakeFiles/STM32_Drivers.dir/__/__/Drivers/STM32H7xx_HAL_Driver/Src/stm32h7xx_hal_rcc.c.obj
 .debug_info    0x00002cf9     0x1225 cmake/stm32cubemx/CMakeFiles/STM32_Drivers.dir/__/__/Drivers/STM32H7xx_HAL_Driver/Src/stm32h7xx_hal_rcc_ex.c.obj
 .debug_info    0x00003f1e      0xc5a cmake/stm32cubemx/CMakeFiles/STM32_Drivers.dir/__/__/Drivers/STM32H7xx_HAL_Driver/Src/stm32h7xx_hal_gpio.c.obj
 .debug_info    0x00004b78      0xc31 cmake/stm32cubemx/CMakeFiles/STM32_Drivers.dir/__/__/Drivers/STM32H7xx_HAL_Driver/Src/stm32h7xx_hal_dma.c.obj
 .debug_info    0x000057a9     0x1021 cmake/stm32cubemx/CMakeFiles/STM32_Drivers.dir/__/__/Drivers/STM32H7xx_HAL_Driver/Src/stm32h7xx_hal_pwr_ex.c.obj
 .debug_info    0x000067ca     0x1541 cmake/stm32cubemx/CMakeFiles/STM32_Drivers.dir/__/__/Drivers/STM32H7xx_HAL_Driver/Src/stm32h7xx_hal.c.obj
 .debug_info    0x00007d0b     0x1454 cmake/stm32cubemx/CMakeFiles/STM32_Drivers.dir/__/__/Drivers/STM32H7xx_HAL_Driver/Src/stm32h7xx_hal_spi.c.obj
 .debug_info    0x0000915f     0x4b53 cmake/stm32cubemx/CMakeFiles/STM32_Drivers.dir/__/__/Drivers/STM32H7xx_HAL_Driver/Src/stm32h7xx_hal_uart.c.obj
 .debug_info    0x0000dcb2      0xfbe cmake/stm32cubemx/CMakeFiles/STM32_Drivers.dir/__/__/Drivers/STM32H7xx_HAL_Driver/Src/stm32h7xx_hal_uart_ex.c.obj
 .debug_info    0x0000ec70     0x1ca1 CMakeFiles/com_H753VIT.dir/Core/Src/main.c.obj
 .debug_info    0x00010911      0x82f CMakeFiles/com_H753VIT.dir/Core/Src/stm32h7xx_it.c.obj
 .debug_info    0x00011140     0x18d0 CMakeFiles/com_H753VIT.dir/Core/Src/stm32h7xx_hal_msp.c.obj
 .debug_info    0x00012a10      0x168 CMakeFiles/com_H753VIT.dir/Core/Src/sysmem.c.obj
 .debug_info    0x00012b78       0x30 CMakeFiles/com_H753VIT.dir/startup_stm32h753xx.s.obj

.debug_abbrev   0x00000000     0x2430
 .debug_abbrev  0x00000000      0x165 cmake/stm32cubemx/CMakeFiles/STM32_Drivers.dir/__/__/Core/Src/system_stm32h7xx.c.obj
 .debug_abbrev  0x00000165      0x339 cmake/stm32cubemx/CMakeFiles/STM32_Drivers.dir/__/__/Drivers/STM32H7xx_HAL_Driver/Src/stm32h7xx_hal_cortex.c.obj
 .debug_abbrev  0x0000049e      0x2c8 cmake/stm32cubemx/CMakeFiles/STM32_Drivers.dir/__/__/Drivers/STM32H7xx_HAL_Driver/Src/stm32h7xx_hal_rcc.c.obj
 .debug_abbrev  0x00000766      0x269 cmake/stm32cubemx/CMakeFiles/STM32_Drivers.dir/__/__/Drivers/STM32H7xx_HAL_Driver/Src/stm32h7xx_hal_rcc_ex.c.obj
 .debug_abbrev  0x000009cf      0x205 cmake/stm32cubemx/CMakeFiles/STM32_Drivers.dir/__/__/Drivers/STM32H7xx_HAL_Driver/Src/stm32h7xx_hal_gpio.c.obj
 .debug_abbrev  0x00000bd4      0x248 cmake/stm32cubemx/CMakeFiles/STM32_Drivers.dir/__/__/Drivers/STM32H7xx_HAL_Driver/Src/stm32h7xx_hal_dma.c.obj
 .debug_abbrev  0x00000e1c      0x2a7 cmake/stm32cubemx/CMakeFiles/STM32_Drivers.dir/__/__/Drivers/STM32H7xx_HAL_Driver/Src/stm32h7xx_hal_pwr_ex.c.obj
 .debug_abbrev  0x000010c3      0x295 cmake/stm32cubemx/CMakeFiles/STM32_Drivers.dir/__/__/Drivers/STM32H7xx_HAL_Driver/Src/stm32h7xx_hal.c.obj
 .debug_abbrev  0x00001358      0x2ba cmake/stm32cubemx/CMakeFiles/STM32_Drivers.dir/__/__/Drivers/STM32H7xx_HAL_Driver/Src/stm32h7xx_hal_spi.c.obj
 .debug_abbrev  0x00001612      0x33d cmake/stm32cubemx/CMakeFiles/STM32_Drivers.dir/__/__/Drivers/STM32H7xx_HAL_Driver/Src/stm32h7xx_hal_uart.c.obj
 .debug_abbrev  0x0000194f      0x2d2 cmake/stm32cubemx/CMakeFiles/STM32_Drivers.dir/__/__/Drivers/STM32H7xx_HAL_Driver/Src/stm32h7xx_hal_uart_ex.c.obj
 .debug_abbrev  0x00001c21      0x386 CMakeFiles/com_H753VIT.dir/Core/Src/main.c.obj
 .debug_abbrev  0x00001fa7      0x170 CMakeFiles/com_H753VIT.dir/Core/Src/stm32h7xx_it.c.obj
 .debug_abbrev  0x00002117      0x239 CMakeFiles/com_H753VIT.dir/Core/Src/stm32h7xx_hal_msp.c.obj
 .debug_abbrev  0x00002350       0xbc CMakeFiles/com_H753VIT.dir/Core/Src/sysmem.c.obj
 .debug_abbrev  0x0000240c       0x24 CMakeFiles/com_H753VIT.dir/startup_stm32h753xx.s.obj

.debug_aranges  0x00000000      0xce0
 .debug_aranges
                0x00000000       0x30 cmake/stm32cubemx/CMakeFiles/STM32_Drivers.dir/__/__/Core/Src/system_stm32h7xx.c.obj
 .debug_aranges
                0x00000030      0x130 cmake/stm32cubemx/CMakeFiles/STM32_Drivers.dir/__/__/Drivers/STM32H7xx_HAL_Driver/Src/stm32h7xx_hal_cortex.c.obj
 .debug_aranges
                0x00000160       0x88 cmake/stm32cubemx/CMakeFiles/STM32_Drivers.dir/__/__/Drivers/STM32H7xx_HAL_Driver/Src/stm32h7xx_hal_rcc.c.obj
 .debug_aranges
                0x000001e8       0xf8 cmake/stm32cubemx/CMakeFiles/STM32_Drivers.dir/__/__/Drivers/STM32H7xx_HAL_Driver/Src/stm32h7xx_hal_rcc_ex.c.obj
 .debug_aranges
                0x000002e0       0x58 cmake/stm32cubemx/CMakeFiles/STM32_Drivers.dir/__/__/Drivers/STM32H7xx_HAL_Driver/Src/stm32h7xx_hal_gpio.c.obj
 .debug_aranges
                0x00000338       0xa0 cmake/stm32cubemx/CMakeFiles/STM32_Drivers.dir/__/__/Drivers/STM32H7xx_HAL_Driver/Src/stm32h7xx_hal_dma.c.obj
 .debug_aranges
                0x000003d8      0x158 cmake/stm32cubemx/CMakeFiles/STM32_Drivers.dir/__/__/Drivers/STM32H7xx_HAL_Driver/Src/stm32h7xx_hal_pwr_ex.c.obj
 .debug_aranges
                0x00000530      0x198 cmake/stm32cubemx/CMakeFiles/STM32_Drivers.dir/__/__/Drivers/STM32H7xx_HAL_Driver/Src/stm32h7xx_hal.c.obj
 .debug_aranges
                0x000006c8      0x1a8 cmake/stm32cubemx/CMakeFiles/STM32_Drivers.dir/__/__/Drivers/STM32H7xx_HAL_Driver/Src/stm32h7xx_hal_spi.c.obj
 .debug_aranges
                0x00000870      0x248 cmake/stm32cubemx/CMakeFiles/STM32_Drivers.dir/__/__/Drivers/STM32H7xx_HAL_Driver/Src/stm32h7xx_hal_uart.c.obj
 .debug_aranges
                0x00000ab8       0xa8 cmake/stm32cubemx/CMakeFiles/STM32_Drivers.dir/__/__/Drivers/STM32H7xx_HAL_Driver/Src/stm32h7xx_hal_uart_ex.c.obj
 .debug_aranges
                0x00000b60       0x90 CMakeFiles/com_H753VIT.dir/Core/Src/main.c.obj
 .debug_aranges
                0x00000bf0       0x68 CMakeFiles/com_H753VIT.dir/Core/Src/stm32h7xx_it.c.obj
 .debug_aranges
                0x00000c58       0x40 CMakeFiles/com_H753VIT.dir/Core/Src/stm32h7xx_hal_msp.c.obj
 .debug_aranges
                0x00000c98       0x20 CMakeFiles/com_H753VIT.dir/Core/Src/sysmem.c.obj
 .debug_aranges
                0x00000cb8       0x28 CMakeFiles/com_H753VIT.dir/startup_stm32h753xx.s.obj

.debug_rnglists
                0x00000000      0x9ef
 .debug_rnglists
                0x00000000       0x21 cmake/stm32cubemx/CMakeFiles/STM32_Drivers.dir/__/__/Core/Src/system_stm32h7xx.c.obj
 .debug_rnglists
                0x00000021       0xe0 cmake/stm32cubemx/CMakeFiles/STM32_Drivers.dir/__/__/Drivers/STM32H7xx_HAL_Driver/Src/stm32h7xx_hal_cortex.c.obj
 .debug_rnglists
                0x00000101       0x68 cmake/stm32cubemx/CMakeFiles/STM32_Drivers.dir/__/__/Drivers/STM32H7xx_HAL_Driver/Src/stm32h7xx_hal_rcc.c.obj
 .debug_rnglists
                0x00000169       0xc0 cmake/stm32cubemx/CMakeFiles/STM32_Drivers.dir/__/__/Drivers/STM32H7xx_HAL_Driver/Src/stm32h7xx_hal_rcc_ex.c.obj
 .debug_rnglists
                0x00000229       0x3f cmake/stm32cubemx/CMakeFiles/STM32_Drivers.dir/__/__/Drivers/STM32H7xx_HAL_Driver/Src/stm32h7xx_hal_gpio.c.obj
 .debug_rnglists
                0x00000268       0x82 cmake/stm32cubemx/CMakeFiles/STM32_Drivers.dir/__/__/Drivers/STM32H7xx_HAL_Driver/Src/stm32h7xx_hal_dma.c.obj
 .debug_rnglists
                0x000002ea      0x103 cmake/stm32cubemx/CMakeFiles/STM32_Drivers.dir/__/__/Drivers/STM32H7xx_HAL_Driver/Src/stm32h7xx_hal_pwr_ex.c.obj
 .debug_rnglists
                0x000003ed      0x131 cmake/stm32cubemx/CMakeFiles/STM32_Drivers.dir/__/__/Drivers/STM32H7xx_HAL_Driver/Src/stm32h7xx_hal.c.obj
 .debug_rnglists
                0x0000051e      0x148 cmake/stm32cubemx/CMakeFiles/STM32_Drivers.dir/__/__/Drivers/STM32H7xx_HAL_Driver/Src/stm32h7xx_hal_spi.c.obj
 .debug_rnglists
                0x00000666      0x1f8 cmake/stm32cubemx/CMakeFiles/STM32_Drivers.dir/__/__/Drivers/STM32H7xx_HAL_Driver/Src/stm32h7xx_hal_uart.c.obj
 .debug_rnglists
                0x0000085e       0x7f cmake/stm32cubemx/CMakeFiles/STM32_Drivers.dir/__/__/Drivers/STM32H7xx_HAL_Driver/Src/stm32h7xx_hal_uart_ex.c.obj
 .debug_rnglists
                0x000008dd       0x70 CMakeFiles/com_H753VIT.dir/Core/Src/main.c.obj
 .debug_rnglists
                0x0000094d       0x49 CMakeFiles/com_H753VIT.dir/Core/Src/stm32h7xx_it.c.obj
 .debug_rnglists
                0x00000996       0x2d CMakeFiles/com_H753VIT.dir/Core/Src/stm32h7xx_hal_msp.c.obj
 .debug_rnglists
                0x000009c3       0x13 CMakeFiles/com_H753VIT.dir/Core/Src/sysmem.c.obj
 .debug_rnglists
                0x000009d6       0x19 CMakeFiles/com_H753VIT.dir/startup_stm32h753xx.s.obj

.debug_macro    0x00000000    0x3728d
 .debug_macro   0x00000000      0x2aa cmake/stm32cubemx/CMakeFiles/STM32_Drivers.dir/__/__/Core/Src/system_stm32h7xx.c.obj
 .debug_macro   0x000002aa      0xaf6 cmake/stm32cubemx/CMakeFiles/STM32_Drivers.dir/__/__/Core/Src/system_stm32h7xx.c.obj
 .debug_macro   0x00000da0       0x2e cmake/stm32cubemx/CMakeFiles/STM32_Drivers.dir/__/__/Core/Src/system_stm32h7xx.c.obj
 .debug_macro   0x00000dce       0x3b cmake/stm32cubemx/CMakeFiles/STM32_Drivers.dir/__/__/Core/Src/system_stm32h7xx.c.obj
 .debug_macro   0x00000e09       0x22 cmake/stm32cubemx/CMakeFiles/STM32_Drivers.dir/__/__/Core/Src/system_stm32h7xx.c.obj
 .debug_macro   0x00000e2b       0x8e cmake/stm32cubemx/CMakeFiles/STM32_Drivers.dir/__/__/Core/Src/system_stm32h7xx.c.obj
 .debug_macro   0x00000eb9       0x51 cmake/stm32cubemx/CMakeFiles/STM32_Drivers.dir/__/__/Core/Src/system_stm32h7xx.c.obj
 .debug_macro   0x00000f0a      0x103 cmake/stm32cubemx/CMakeFiles/STM32_Drivers.dir/__/__/Core/Src/system_stm32h7xx.c.obj
 .debug_macro   0x0000100d       0x6a cmake/stm32cubemx/CMakeFiles/STM32_Drivers.dir/__/__/Core/Src/system_stm32h7xx.c.obj
 .debug_macro   0x00001077      0x1df cmake/stm32cubemx/CMakeFiles/STM32_Drivers.dir/__/__/Core/Src/system_stm32h7xx.c.obj
 .debug_macro   0x00001256       0x1c cmake/stm32cubemx/CMakeFiles/STM32_Drivers.dir/__/__/Core/Src/system_stm32h7xx.c.obj
 .debug_macro   0x00001272       0x22 cmake/stm32cubemx/CMakeFiles/STM32_Drivers.dir/__/__/Core/Src/system_stm32h7xx.c.obj
 .debug_macro   0x00001294       0xfb cmake/stm32cubemx/CMakeFiles/STM32_Drivers.dir/__/__/Core/Src/system_stm32h7xx.c.obj
 .debug_macro   0x0000138f     0x1313 cmake/stm32cubemx/CMakeFiles/STM32_Drivers.dir/__/__/Core/Src/system_stm32h7xx.c.obj
 .debug_macro   0x000026a2      0x11f cmake/stm32cubemx/CMakeFiles/STM32_Drivers.dir/__/__/Core/Src/system_stm32h7xx.c.obj
 .debug_macro   0x000027c1       0x22 cmake/stm32cubemx/CMakeFiles/STM32_Drivers.dir/__/__/Core/Src/system_stm32h7xx.c.obj
 .debug_macro   0x000027e3    0x261e4 cmake/stm32cubemx/CMakeFiles/STM32_Drivers.dir/__/__/Core/Src/system_stm32h7xx.c.obj
 .debug_macro   0x000289c7       0x6d cmake/stm32cubemx/CMakeFiles/STM32_Drivers.dir/__/__/Core/Src/system_stm32h7xx.c.obj
 .debug_macro   0x00028a34      0x238 cmake/stm32cubemx/CMakeFiles/STM32_Drivers.dir/__/__/Core/Src/system_stm32h7xx.c.obj
 .debug_macro   0x00028c6c     0x3d79 cmake/stm32cubemx/CMakeFiles/STM32_Drivers.dir/__/__/Core/Src/system_stm32h7xx.c.obj
 .debug_macro   0x0002c9e5      0x190 cmake/stm32cubemx/CMakeFiles/STM32_Drivers.dir/__/__/Core/Src/system_stm32h7xx.c.obj
 .debug_macro   0x0002cb75       0x7b cmake/stm32cubemx/CMakeFiles/STM32_Drivers.dir/__/__/Core/Src/system_stm32h7xx.c.obj
 .debug_macro   0x0002cbf0       0x29 cmake/stm32cubemx/CMakeFiles/STM32_Drivers.dir/__/__/Core/Src/system_stm32h7xx.c.obj
 .debug_macro   0x0002cc19       0x3c cmake/stm32cubemx/CMakeFiles/STM32_Drivers.dir/__/__/Core/Src/system_stm32h7xx.c.obj
 .debug_macro   0x0002cc55       0x34 cmake/stm32cubemx/CMakeFiles/STM32_Drivers.dir/__/__/Core/Src/system_stm32h7xx.c.obj
 .debug_macro   0x0002cc89      0x364 cmake/stm32cubemx/CMakeFiles/STM32_Drivers.dir/__/__/Core/Src/system_stm32h7xx.c.obj
 .debug_macro   0x0002cfed       0x16 cmake/stm32cubemx/CMakeFiles/STM32_Drivers.dir/__/__/Core/Src/system_stm32h7xx.c.obj
 .debug_macro   0x0002d003       0x4a cmake/stm32cubemx/CMakeFiles/STM32_Drivers.dir/__/__/Core/Src/system_stm32h7xx.c.obj
 .debug_macro   0x0002d04d       0x34 cmake/stm32cubemx/CMakeFiles/STM32_Drivers.dir/__/__/Core/Src/system_stm32h7xx.c.obj
 .debug_macro   0x0002d081       0x10 cmake/stm32cubemx/CMakeFiles/STM32_Drivers.dir/__/__/Core/Src/system_stm32h7xx.c.obj
 .debug_macro   0x0002d091       0x58 cmake/stm32cubemx/CMakeFiles/STM32_Drivers.dir/__/__/Core/Src/system_stm32h7xx.c.obj
 .debug_macro   0x0002d0e9      0x1e5 cmake/stm32cubemx/CMakeFiles/STM32_Drivers.dir/__/__/Core/Src/system_stm32h7xx.c.obj
 .debug_macro   0x0002d2ce      0x19b cmake/stm32cubemx/CMakeFiles/STM32_Drivers.dir/__/__/Core/Src/system_stm32h7xx.c.obj
 .debug_macro   0x0002d469       0x5d cmake/stm32cubemx/CMakeFiles/STM32_Drivers.dir/__/__/Core/Src/system_stm32h7xx.c.obj
 .debug_macro   0x0002d4c6     0x240e cmake/stm32cubemx/CMakeFiles/STM32_Drivers.dir/__/__/Core/Src/system_stm32h7xx.c.obj
 .debug_macro   0x0002f8d4     0x102c cmake/stm32cubemx/CMakeFiles/STM32_Drivers.dir/__/__/Core/Src/system_stm32h7xx.c.obj
 .debug_macro   0x00030900      0x154 cmake/stm32cubemx/CMakeFiles/STM32_Drivers.dir/__/__/Core/Src/system_stm32h7xx.c.obj
 .debug_macro   0x00030a54      0x114 cmake/stm32cubemx/CMakeFiles/STM32_Drivers.dir/__/__/Core/Src/system_stm32h7xx.c.obj
 .debug_macro   0x00030b68      0x3b6 cmake/stm32cubemx/CMakeFiles/STM32_Drivers.dir/__/__/Core/Src/system_stm32h7xx.c.obj
 .debug_macro   0x00030f1e       0xac cmake/stm32cubemx/CMakeFiles/STM32_Drivers.dir/__/__/Core/Src/system_stm32h7xx.c.obj
 .debug_macro   0x00030fca      0x72d cmake/stm32cubemx/CMakeFiles/STM32_Drivers.dir/__/__/Core/Src/system_stm32h7xx.c.obj
 .debug_macro   0x000316f7      0x228 cmake/stm32cubemx/CMakeFiles/STM32_Drivers.dir/__/__/Core/Src/system_stm32h7xx.c.obj
 .debug_macro   0x0003191f       0x66 cmake/stm32cubemx/CMakeFiles/STM32_Drivers.dir/__/__/Core/Src/system_stm32h7xx.c.obj
 .debug_macro   0x00031985      0x3bb cmake/stm32cubemx/CMakeFiles/STM32_Drivers.dir/__/__/Core/Src/system_stm32h7xx.c.obj
 .debug_macro   0x00031d40      0x3e4 cmake/stm32cubemx/CMakeFiles/STM32_Drivers.dir/__/__/Core/Src/system_stm32h7xx.c.obj
 .debug_macro   0x00032124      0x275 cmake/stm32cubemx/CMakeFiles/STM32_Drivers.dir/__/__/Core/Src/system_stm32h7xx.c.obj
 .debug_macro   0x00032399      0x3ca cmake/stm32cubemx/CMakeFiles/STM32_Drivers.dir/__/__/Core/Src/system_stm32h7xx.c.obj
 .debug_macro   0x00032763      0x408 cmake/stm32cubemx/CMakeFiles/STM32_Drivers.dir/__/__/Core/Src/system_stm32h7xx.c.obj
 .debug_macro   0x00032b6b       0x51 cmake/stm32cubemx/CMakeFiles/STM32_Drivers.dir/__/__/Core/Src/system_stm32h7xx.c.obj
 .debug_macro   0x00032bbc       0x4a cmake/stm32cubemx/CMakeFiles/STM32_Drivers.dir/__/__/Core/Src/system_stm32h7xx.c.obj
 .debug_macro   0x00032c06      0x22c cmake/stm32cubemx/CMakeFiles/STM32_Drivers.dir/__/__/Core/Src/system_stm32h7xx.c.obj
 .debug_macro   0x00032e32       0x67 cmake/stm32cubemx/CMakeFiles/STM32_Drivers.dir/__/__/Core/Src/system_stm32h7xx.c.obj
 .debug_macro   0x00032e99       0xa5 cmake/stm32cubemx/CMakeFiles/STM32_Drivers.dir/__/__/Core/Src/system_stm32h7xx.c.obj
 .debug_macro   0x00032f3e      0x1c4 cmake/stm32cubemx/CMakeFiles/STM32_Drivers.dir/__/__/Core/Src/system_stm32h7xx.c.obj
 .debug_macro   0x00033102      0x25e cmake/stm32cubemx/CMakeFiles/STM32_Drivers.dir/__/__/Core/Src/system_stm32h7xx.c.obj
 .debug_macro   0x00033360       0x35 cmake/stm32cubemx/CMakeFiles/STM32_Drivers.dir/__/__/Core/Src/system_stm32h7xx.c.obj
 .debug_macro   0x00033395      0x5e4 cmake/stm32cubemx/CMakeFiles/STM32_Drivers.dir/__/__/Core/Src/system_stm32h7xx.c.obj
 .debug_macro   0x00033979       0xc1 cmake/stm32cubemx/CMakeFiles/STM32_Drivers.dir/__/__/Core/Src/system_stm32h7xx.c.obj
 .debug_macro   0x00033a3a      0x693 cmake/stm32cubemx/CMakeFiles/STM32_Drivers.dir/__/__/Core/Src/system_stm32h7xx.c.obj
 .debug_macro   0x000340cd       0xa6 cmake/stm32cubemx/CMakeFiles/STM32_Drivers.dir/__/__/Core/Src/system_stm32h7xx.c.obj
 .debug_macro   0x00034173      0x5ac cmake/stm32cubemx/CMakeFiles/STM32_Drivers.dir/__/__/Core/Src/system_stm32h7xx.c.obj
 .debug_macro   0x0003471f      0x2aa cmake/stm32cubemx/CMakeFiles/STM32_Drivers.dir/__/__/Drivers/STM32H7xx_HAL_Driver/Src/stm32h7xx_hal_cortex.c.obj
 .debug_macro   0x000349c9      0x2ce cmake/stm32cubemx/CMakeFiles/STM32_Drivers.dir/__/__/Drivers/STM32H7xx_HAL_Driver/Src/stm32h7xx_hal_rcc.c.obj
 .debug_macro   0x00034c97      0x2c8 cmake/stm32cubemx/CMakeFiles/STM32_Drivers.dir/__/__/Drivers/STM32H7xx_HAL_Driver/Src/stm32h7xx_hal_rcc_ex.c.obj
 .debug_macro   0x00034f5f      0x2b1 cmake/stm32cubemx/CMakeFiles/STM32_Drivers.dir/__/__/Drivers/STM32H7xx_HAL_Driver/Src/stm32h7xx_hal_gpio.c.obj
 .debug_macro   0x00035210      0x2fe cmake/stm32cubemx/CMakeFiles/STM32_Drivers.dir/__/__/Drivers/STM32H7xx_HAL_Driver/Src/stm32h7xx_hal_dma.c.obj
 .debug_macro   0x0003550e      0x2e3 cmake/stm32cubemx/CMakeFiles/STM32_Drivers.dir/__/__/Drivers/STM32H7xx_HAL_Driver/Src/stm32h7xx_hal_pwr_ex.c.obj
 .debug_macro   0x000357f1      0x2d4 cmake/stm32cubemx/CMakeFiles/STM32_Drivers.dir/__/__/Drivers/STM32H7xx_HAL_Driver/Src/stm32h7xx_hal.c.obj
 .debug_macro   0x00035ac5      0x2b2 cmake/stm32cubemx/CMakeFiles/STM32_Drivers.dir/__/__/Drivers/STM32H7xx_HAL_Driver/Src/stm32h7xx_hal_spi.c.obj
 .debug_macro   0x00035d77      0x2d5 cmake/stm32cubemx/CMakeFiles/STM32_Drivers.dir/__/__/Drivers/STM32H7xx_HAL_Driver/Src/stm32h7xx_hal_uart.c.obj
 .debug_macro   0x0003604c      0x2b6 cmake/stm32cubemx/CMakeFiles/STM32_Drivers.dir/__/__/Drivers/STM32H7xx_HAL_Driver/Src/stm32h7xx_hal_uart_ex.c.obj
 .debug_macro   0x00036302      0x318 CMakeFiles/com_H753VIT.dir/Core/Src/main.c.obj
 .debug_macro   0x0003661a       0x28 CMakeFiles/com_H753VIT.dir/Core/Src/main.c.obj
 .debug_macro   0x00036642       0x16 CMakeFiles/com_H753VIT.dir/Core/Src/main.c.obj
 .debug_macro   0x00036658       0x3c CMakeFiles/com_H753VIT.dir/Core/Src/main.c.obj
 .debug_macro   0x00036694       0x1c CMakeFiles/com_H753VIT.dir/Core/Src/main.c.obj
 .debug_macro   0x000366b0       0x10 CMakeFiles/com_H753VIT.dir/Core/Src/main.c.obj
 .debug_macro   0x000366c0       0x1c CMakeFiles/com_H753VIT.dir/Core/Src/main.c.obj
 .debug_macro   0x000366dc       0x16 CMakeFiles/com_H753VIT.dir/Core/Src/main.c.obj
 .debug_macro   0x000366f2      0x170 CMakeFiles/com_H753VIT.dir/Core/Src/main.c.obj
 .debug_macro   0x00036862      0x2c3 CMakeFiles/com_H753VIT.dir/Core/Src/stm32h7xx_it.c.obj
 .debug_macro   0x00036b25      0x2b9 CMakeFiles/com_H753VIT.dir/Core/Src/stm32h7xx_hal_msp.c.obj
 .debug_macro   0x00036dde      0x103 CMakeFiles/com_H753VIT.dir/Core/Src/sysmem.c.obj
 .debug_macro   0x00036ee1       0x10 CMakeFiles/com_H753VIT.dir/Core/Src/sysmem.c.obj
 .debug_macro   0x00036ef1       0x75 CMakeFiles/com_H753VIT.dir/Core/Src/sysmem.c.obj
 .debug_macro   0x00036f66       0x94 CMakeFiles/com_H753VIT.dir/Core/Src/sysmem.c.obj
 .debug_macro   0x00036ffa       0x57 CMakeFiles/com_H753VIT.dir/Core/Src/sysmem.c.obj
 .debug_macro   0x00037051      0x23c CMakeFiles/com_H753VIT.dir/Core/Src/sysmem.c.obj

.debug_line     0x00000000    0x11bea
 .debug_line    0x00000000      0x94c cmake/stm32cubemx/CMakeFiles/STM32_Drivers.dir/__/__/Core/Src/system_stm32h7xx.c.obj
 .debug_line    0x0000094c      0xd02 cmake/stm32cubemx/CMakeFiles/STM32_Drivers.dir/__/__/Drivers/STM32H7xx_HAL_Driver/Src/stm32h7xx_hal_cortex.c.obj
 .debug_line    0x0000164e     0x13c3 cmake/stm32cubemx/CMakeFiles/STM32_Drivers.dir/__/__/Drivers/STM32H7xx_HAL_Driver/Src/stm32h7xx_hal_rcc.c.obj
 .debug_line    0x00002a11     0x1ccf cmake/stm32cubemx/CMakeFiles/STM32_Drivers.dir/__/__/Drivers/STM32H7xx_HAL_Driver/Src/stm32h7xx_hal_rcc_ex.c.obj
 .debug_line    0x000046e0      0xbb8 cmake/stm32cubemx/CMakeFiles/STM32_Drivers.dir/__/__/Drivers/STM32H7xx_HAL_Driver/Src/stm32h7xx_hal_gpio.c.obj
 .debug_line    0x00005298     0x269f cmake/stm32cubemx/CMakeFiles/STM32_Drivers.dir/__/__/Drivers/STM32H7xx_HAL_Driver/Src/stm32h7xx_hal_dma.c.obj
 .debug_line    0x00007937      0xea0 cmake/stm32cubemx/CMakeFiles/STM32_Drivers.dir/__/__/Drivers/STM32H7xx_HAL_Driver/Src/stm32h7xx_hal_pwr_ex.c.obj
 .debug_line    0x000087d7      0xd1c cmake/stm32cubemx/CMakeFiles/STM32_Drivers.dir/__/__/Drivers/STM32H7xx_HAL_Driver/Src/stm32h7xx_hal.c.obj
 .debug_line    0x000094f3     0x20f7 cmake/stm32cubemx/CMakeFiles/STM32_Drivers.dir/__/__/Drivers/STM32H7xx_HAL_Driver/Src/stm32h7xx_hal_spi.c.obj
 .debug_line    0x0000b5ea     0x389a cmake/stm32cubemx/CMakeFiles/STM32_Drivers.dir/__/__/Drivers/STM32H7xx_HAL_Driver/Src/stm32h7xx_hal_uart.c.obj
 .debug_line    0x0000ee84      0xca8 cmake/stm32cubemx/CMakeFiles/STM32_Drivers.dir/__/__/Drivers/STM32H7xx_HAL_Driver/Src/stm32h7xx_hal_uart_ex.c.obj
 .debug_line    0x0000fb2c      0xd0e CMakeFiles/com_H753VIT.dir/Core/Src/main.c.obj
 .debug_line    0x0001083a      0x80b CMakeFiles/com_H753VIT.dir/Core/Src/stm32h7xx_it.c.obj
 .debug_line    0x00011045      0x886 CMakeFiles/com_H753VIT.dir/Core/Src/stm32h7xx_hal_msp.c.obj
 .debug_line    0x000118cb      0x2a4 CMakeFiles/com_H753VIT.dir/Core/Src/sysmem.c.obj
 .debug_line    0x00011b6f       0x7b CMakeFiles/com_H753VIT.dir/startup_stm32h753xx.s.obj

.debug_str      0x00000000   0x15e1ed
 .debug_str     0x00000000   0x15e1ed cmake/stm32cubemx/CMakeFiles/STM32_Drivers.dir/__/__/Core/Src/system_stm32h7xx.c.obj
                             0x158755 (size before relaxing)
 .debug_str     0x0015e1ed   0x159076 cmake/stm32cubemx/CMakeFiles/STM32_Drivers.dir/__/__/Drivers/STM32H7xx_HAL_Driver/Src/stm32h7xx_hal_cortex.c.obj
 .debug_str     0x0015e1ed   0x158aaa cmake/stm32cubemx/CMakeFiles/STM32_Drivers.dir/__/__/Drivers/STM32H7xx_HAL_Driver/Src/stm32h7xx_hal_rcc.c.obj
 .debug_str     0x0015e1ed   0x158f8b cmake/stm32cubemx/CMakeFiles/STM32_Drivers.dir/__/__/Drivers/STM32H7xx_HAL_Driver/Src/stm32h7xx_hal_rcc_ex.c.obj
 .debug_str     0x0015e1ed   0x1586c6 cmake/stm32cubemx/CMakeFiles/STM32_Drivers.dir/__/__/Drivers/STM32H7xx_HAL_Driver/Src/stm32h7xx_hal_gpio.c.obj
 .debug_str     0x0015e1ed   0x158e49 cmake/stm32cubemx/CMakeFiles/STM32_Drivers.dir/__/__/Drivers/STM32H7xx_HAL_Driver/Src/stm32h7xx_hal_dma.c.obj
 .debug_str     0x0015e1ed   0x158b8e cmake/stm32cubemx/CMakeFiles/STM32_Drivers.dir/__/__/Drivers/STM32H7xx_HAL_Driver/Src/stm32h7xx_hal_pwr_ex.c.obj
 .debug_str     0x0015e1ed   0x159634 cmake/stm32cubemx/CMakeFiles/STM32_Drivers.dir/__/__/Drivers/STM32H7xx_HAL_Driver/Src/stm32h7xx_hal.c.obj
 .debug_str     0x0015e1ed   0x158dce cmake/stm32cubemx/CMakeFiles/STM32_Drivers.dir/__/__/Drivers/STM32H7xx_HAL_Driver/Src/stm32h7xx_hal_spi.c.obj
 .debug_str     0x0015e1ed   0x1595eb cmake/stm32cubemx/CMakeFiles/STM32_Drivers.dir/__/__/Drivers/STM32H7xx_HAL_Driver/Src/stm32h7xx_hal_uart.c.obj
 .debug_str     0x0015e1ed   0x158bab cmake/stm32cubemx/CMakeFiles/STM32_Drivers.dir/__/__/Drivers/STM32H7xx_HAL_Driver/Src/stm32h7xx_hal_uart_ex.c.obj
 .debug_str     0x0015e1ed   0x159a74 CMakeFiles/com_H753VIT.dir/Core/Src/main.c.obj
 .debug_str     0x0015e1ed   0x1588e8 CMakeFiles/com_H753VIT.dir/Core/Src/stm32h7xx_it.c.obj
 .debug_str     0x0015e1ed   0x15999b CMakeFiles/com_H753VIT.dir/Core/Src/stm32h7xx_hal_msp.c.obj
 .debug_str     0x0015e1ed     0x71bf CMakeFiles/com_H753VIT.dir/Core/Src/sysmem.c.obj
 .debug_str     0x0015e1ed       0xc2 CMakeFiles/com_H753VIT.dir/startup_stm32h753xx.s.obj

.debug_frame    0x00000000     0x3b2c
 .debug_frame   0x00000000       0x68 cmake/stm32cubemx/CMakeFiles/STM32_Drivers.dir/__/__/Core/Src/system_stm32h7xx.c.obj
 .debug_frame   0x00000068      0x508 cmake/stm32cubemx/CMakeFiles/STM32_Drivers.dir/__/__/Drivers/STM32H7xx_HAL_Driver/Src/stm32h7xx_hal_cortex.c.obj
 .debug_frame   0x00000570      0x1f8 cmake/stm32cubemx/CMakeFiles/STM32_Drivers.dir/__/__/Drivers/STM32H7xx_HAL_Driver/Src/stm32h7xx_hal_rcc.c.obj
 .debug_frame   0x00000768      0x414 cmake/stm32cubemx/CMakeFiles/STM32_Drivers.dir/__/__/Drivers/STM32H7xx_HAL_Driver/Src/stm32h7xx_hal_rcc_ex.c.obj
 .debug_frame   0x00000b7c      0x14c cmake/stm32cubemx/CMakeFiles/STM32_Drivers.dir/__/__/Drivers/STM32H7xx_HAL_Driver/Src/stm32h7xx_hal_gpio.c.obj
 .debug_frame   0x00000cc8      0x2b4 cmake/stm32cubemx/CMakeFiles/STM32_Drivers.dir/__/__/Drivers/STM32H7xx_HAL_Driver/Src/stm32h7xx_hal_dma.c.obj
 .debug_frame   0x00000f7c      0x580 cmake/stm32cubemx/CMakeFiles/STM32_Drivers.dir/__/__/Drivers/STM32H7xx_HAL_Driver/Src/stm32h7xx_hal_pwr_ex.c.obj
 .debug_frame   0x000014fc      0x690 cmake/stm32cubemx/CMakeFiles/STM32_Drivers.dir/__/__/Drivers/STM32H7xx_HAL_Driver/Src/stm32h7xx_hal.c.obj
 .debug_frame   0x00001b8c      0x7ac cmake/stm32cubemx/CMakeFiles/STM32_Drivers.dir/__/__/Drivers/STM32H7xx_HAL_Driver/Src/stm32h7xx_hal_spi.c.obj
 .debug_frame   0x00002338      0xa98 cmake/stm32cubemx/CMakeFiles/STM32_Drivers.dir/__/__/Drivers/STM32H7xx_HAL_Driver/Src/stm32h7xx_hal_uart.c.obj
 .debug_frame   0x00002dd0      0x2c0 cmake/stm32cubemx/CMakeFiles/STM32_Drivers.dir/__/__/Drivers/STM32H7xx_HAL_Driver/Src/stm32h7xx_hal_uart_ex.c.obj
 .debug_frame   0x00003090      0x218 CMakeFiles/com_H753VIT.dir/Core/Src/main.c.obj
 .debug_frame   0x000032a8      0x120 CMakeFiles/com_H753VIT.dir/Core/Src/stm32h7xx_it.c.obj
 .debug_frame   0x000033c8       0xd0 CMakeFiles/com_H753VIT.dir/Core/Src/stm32h7xx_hal_msp.c.obj
 .debug_frame   0x00003498       0x34 CMakeFiles/com_H753VIT.dir/Core/Src/sysmem.c.obj
 .debug_frame   0x000034cc       0x2c C:/PROGRA~2/ARMGNU~1/14EFD8~1.2RE/bin/../lib/gcc/arm-none-eabi/14.2.1/thumb/v7e-m+dp/hard\libgcc.a(_aeabi_uldivmod.o)
 .debug_frame   0x000034f8       0x34 C:/PROGRA~2/ARMGNU~1/14EFD8~1.2RE/bin/../lib/gcc/arm-none-eabi/14.2.1/thumb/v7e-m+dp/hard\libgcc.a(_udivmoddi4.o)
 .debug_frame   0x0000352c      0x144 C:/PROGRA~2/ARMGNU~1/14EFD8~1.2RE/bin/../lib/gcc/arm-none-eabi/14.2.1/thumb/v7e-m+dp/hard\libg_nano.a(libc_a-findfp.o)
 .debug_frame   0x00003670       0x7c C:/PROGRA~2/ARMGNU~1/14EFD8~1.2RE/bin/../lib/gcc/arm-none-eabi/14.2.1/thumb/v7e-m+dp/hard\libg_nano.a(libc_a-snprintf.o)
 .debug_frame   0x000036ec       0x20 C:/PROGRA~2/ARMGNU~1/14EFD8~1.2RE/bin/../lib/gcc/arm-none-eabi/14.2.1/thumb/v7e-m+dp/hard\libg_nano.a(libc_a-memset.o)
 .debug_frame   0x0000370c       0x38 C:/PROGRA~2/ARMGNU~1/14EFD8~1.2RE/bin/../lib/gcc/arm-none-eabi/14.2.1/thumb/v7e-m+dp/hard\libg_nano.a(libc_a-reent.o)
 .debug_frame   0x00003744       0x20 C:/PROGRA~2/ARMGNU~1/14EFD8~1.2RE/bin/../lib/gcc/arm-none-eabi/14.2.1/thumb/v7e-m+dp/hard\libg_nano.a(libc_a-errno.o)
 .debug_frame   0x00003764       0x2c C:/PROGRA~2/ARMGNU~1/14EFD8~1.2RE/bin/../lib/gcc/arm-none-eabi/14.2.1/thumb/v7e-m+dp/hard\libg_nano.a(libc_a-init.o)
 .debug_frame   0x00003790       0xb0 C:/PROGRA~2/ARMGNU~1/14EFD8~1.2RE/bin/../lib/gcc/arm-none-eabi/14.2.1/thumb/v7e-m+dp/hard\libg_nano.a(libc_a-lock.o)
 .debug_frame   0x00003840       0x20 C:/PROGRA~2/ARMGNU~1/14EFD8~1.2RE/bin/../lib/gcc/arm-none-eabi/14.2.1/thumb/v7e-m+dp/hard\libg_nano.a(libc_a-strlen.o)
 .debug_frame   0x00003860       0x38 C:/PROGRA~2/ARMGNU~1/14EFD8~1.2RE/bin/../lib/gcc/arm-none-eabi/14.2.1/thumb/v7e-m+dp/hard\libg_nano.a(libc_a-freer.o)
 .debug_frame   0x00003898       0x50 C:/PROGRA~2/ARMGNU~1/14EFD8~1.2RE/bin/../lib/gcc/arm-none-eabi/14.2.1/thumb/v7e-m+dp/hard\libg_nano.a(libc_a-mallocr.o)
 .debug_frame   0x000038e8       0x30 C:/PROGRA~2/ARMGNU~1/14EFD8~1.2RE/bin/../lib/gcc/arm-none-eabi/14.2.1/thumb/v7e-m+dp/hard\libg_nano.a(libc_a-mlock.o)
 .debug_frame   0x00003918       0x90 C:/PROGRA~2/ARMGNU~1/14EFD8~1.2RE/bin/../lib/gcc/arm-none-eabi/14.2.1/thumb/v7e-m+dp/hard\libg_nano.a(libc_a-nano-svfprintf.o)
 .debug_frame   0x000039a8       0x60 C:/PROGRA~2/ARMGNU~1/14EFD8~1.2RE/bin/../lib/gcc/arm-none-eabi/14.2.1/thumb/v7e-m+dp/hard\libg_nano.a(libc_a-nano-vfprintf_i.o)
 .debug_frame   0x00003a08       0x28 C:/PROGRA~2/ARMGNU~1/14EFD8~1.2RE/bin/../lib/gcc/arm-none-eabi/14.2.1/thumb/v7e-m+dp/hard\libg_nano.a(libc_a-memmove.o)
 .debug_frame   0x00003a30       0x2c C:/PROGRA~2/ARMGNU~1/14EFD8~1.2RE/bin/../lib/gcc/arm-none-eabi/14.2.1/thumb/v7e-m+dp/hard\libg_nano.a(libc_a-sbrkr.o)
 .debug_frame   0x00003a5c       0x4c C:/PROGRA~2/ARMGNU~1/14EFD8~1.2RE/bin/../lib/gcc/arm-none-eabi/14.2.1/thumb/v7e-m+dp/hard\libg_nano.a(libc_a-memchr.o)
 .debug_frame   0x00003aa8       0x28 C:/PROGRA~2/ARMGNU~1/14EFD8~1.2RE/bin/../lib/gcc/arm-none-eabi/14.2.1/thumb/v7e-m+dp/hard\libg_nano.a(libc_a-memcpy-stub.o)
 .debug_frame   0x00003ad0       0x3c C:/PROGRA~2/ARMGNU~1/14EFD8~1.2RE/bin/../lib/gcc/arm-none-eabi/14.2.1/thumb/v7e-m+dp/hard\libg_nano.a(libc_a-reallocr.o)
 .debug_frame   0x00003b0c       0x20 C:/PROGRA~2/ARMGNU~1/14EFD8~1.2RE/bin/../lib/gcc/arm-none-eabi/14.2.1/thumb/v7e-m+dp/hard\libg_nano.a(libc_a-msizer.o)

.debug_line_str
                0x00000000      0x26f
 .debug_line_str
                0x00000000      0x26f CMakeFiles/com_H753VIT.dir/startup_stm32h753xx.s.obj
                                 0xa6 (size before relaxing)