C:/Users/Quang Huy Nugyen/Documents/com_h753/com_H753VIT/Core/Src/stm32h7xx_hal_msp.c:62:6:HAL_MspInit	8	static
C:/Users/Quang Huy Nugyen/Documents/com_h753/com_H753VIT/Core/Src/stm32h7xx_hal_msp.c:84:6:HAL_SPI_MspInit	232	static
C:/Users/Quang Huy Nugyen/Documents/com_h753/com_H753VIT/Core/Src/stm32h7xx_hal_msp.c:133:6:HAL_SPI_MspDeInit	0	static
C:/Users/Quang Huy Nugyen/Documents/com_h753/com_H753VIT/Core/Src/stm32h7xx_hal_msp.c:163:6:HAL_UART_MspInit	240	static
C:/Users/Quang Huy Nugyen/Documents/com_h753/com_H753VIT/Core/Src/stm32h7xx_hal_msp.c:244:6:HAL_UART_MspDeInit	0	static
