Archive member included to satisfy reference by file (symbol)

C:/PROGRA~2/ARMGNU~1/14EFD8~1.2RE/bin/../lib/gcc/arm-none-eabi/14.2.1/thumb/v7e-m+fp/hard\libgcc.a(_aeabi_uldivmod.o)
                              cmake/stm32cubemx/CMakeFiles/STM32_Drivers.dir/__/__/Drivers/STM32F4xx_HAL_Driver/Src/stm32f4xx_hal_rcc.c.obj (__aeabi_uldivmod)
C:/PROGRA~2/ARMGNU~1/14EFD8~1.2RE/bin/../lib/gcc/arm-none-eabi/14.2.1/thumb/v7e-m+fp/hard\libgcc.a(_udivmoddi4.o)
                              C:/PROGRA~2/ARMGNU~1/14EFD8~1.2RE/bin/../lib/gcc/arm-none-eabi/14.2.1/thumb/v7e-m+fp/hard\libgcc.a(_aeabi_uldivmod.o) (__udivmoddi4)
C:/PROGRA~2/ARMGNU~1/14EFD8~1.2RE/bin/../lib/gcc/arm-none-eabi/14.2.1/thumb/v7e-m+fp/hard\libgcc.a(_dvmd_tls.o)
                              C:/PROGRA~2/ARMGNU~1/14EFD8~1.2RE/bin/../lib/gcc/arm-none-eabi/14.2.1/thumb/v7e-m+fp/hard\libgcc.a(_aeabi_uldivmod.o) (__aeabi_ldiv0)
C:/PROGRA~2/ARMGNU~1/14EFD8~1.2RE/bin/../lib/gcc/arm-none-eabi/14.2.1/thumb/v7e-m+fp/hard\libg_nano.a(libc_a-exit.o)
                              C:/PROGRA~2/ARMGNU~1/14EFD8~1.2RE/bin/../lib/gcc/arm-none-eabi/14.2.1/thumb/v7e-m+fp/hard/crt0.o (exit)
C:/PROGRA~2/ARMGNU~1/14EFD8~1.2RE/bin/../lib/gcc/arm-none-eabi/14.2.1/thumb/v7e-m+fp/hard\libg_nano.a(libc_a-findfp.o)
                              C:/PROGRA~2/ARMGNU~1/14EFD8~1.2RE/bin/../lib/gcc/arm-none-eabi/14.2.1/thumb/v7e-m+fp/hard\libg_nano.a(libc_a-exit.o) (__stdio_exit_handler)
C:/PROGRA~2/ARMGNU~1/14EFD8~1.2RE/bin/../lib/gcc/arm-none-eabi/14.2.1/thumb/v7e-m+fp/hard\libg_nano.a(libc_a-fwalk.o)
                              C:/PROGRA~2/ARMGNU~1/14EFD8~1.2RE/bin/../lib/gcc/arm-none-eabi/14.2.1/thumb/v7e-m+fp/hard\libg_nano.a(libc_a-findfp.o) (_fwalk_sglue)
C:/PROGRA~2/ARMGNU~1/14EFD8~1.2RE/bin/../lib/gcc/arm-none-eabi/14.2.1/thumb/v7e-m+fp/hard\libg_nano.a(libc_a-snprintf.o)
                              CMakeFiles/nav_f405_test.dir/Core/Src/main.c.obj (snprintf)
C:/PROGRA~2/ARMGNU~1/14EFD8~1.2RE/bin/../lib/gcc/arm-none-eabi/14.2.1/thumb/v7e-m+fp/hard\libg_nano.a(libc_a-stdio.o)
                              C:/PROGRA~2/ARMGNU~1/14EFD8~1.2RE/bin/../lib/gcc/arm-none-eabi/14.2.1/thumb/v7e-m+fp/hard\libg_nano.a(libc_a-findfp.o) (__sread)
C:/PROGRA~2/ARMGNU~1/14EFD8~1.2RE/bin/../lib/gcc/arm-none-eabi/14.2.1/thumb/v7e-m+fp/hard\libg_nano.a(libc_a-memset.o)
                              C:/PROGRA~2/ARMGNU~1/14EFD8~1.2RE/bin/../lib/gcc/arm-none-eabi/14.2.1/thumb/v7e-m+fp/hard/crt0.o (memset)
C:/PROGRA~2/ARMGNU~1/14EFD8~1.2RE/bin/../lib/gcc/arm-none-eabi/14.2.1/thumb/v7e-m+fp/hard\libg_nano.a(libc_a-closer.o)
                              C:/PROGRA~2/ARMGNU~1/14EFD8~1.2RE/bin/../lib/gcc/arm-none-eabi/14.2.1/thumb/v7e-m+fp/hard\libg_nano.a(libc_a-stdio.o) (_close_r)
C:/PROGRA~2/ARMGNU~1/14EFD8~1.2RE/bin/../lib/gcc/arm-none-eabi/14.2.1/thumb/v7e-m+fp/hard\libg_nano.a(libc_a-reent.o)
                              C:/PROGRA~2/ARMGNU~1/14EFD8~1.2RE/bin/../lib/gcc/arm-none-eabi/14.2.1/thumb/v7e-m+fp/hard\libg_nano.a(libc_a-closer.o) (errno)
C:/PROGRA~2/ARMGNU~1/14EFD8~1.2RE/bin/../lib/gcc/arm-none-eabi/14.2.1/thumb/v7e-m+fp/hard\libg_nano.a(libc_a-impure.o)
                              C:/PROGRA~2/ARMGNU~1/14EFD8~1.2RE/bin/../lib/gcc/arm-none-eabi/14.2.1/thumb/v7e-m+fp/hard\libg_nano.a(libc_a-snprintf.o) (_impure_ptr)
C:/PROGRA~2/ARMGNU~1/14EFD8~1.2RE/bin/../lib/gcc/arm-none-eabi/14.2.1/thumb/v7e-m+fp/hard\libg_nano.a(libc_a-lseekr.o)
                              C:/PROGRA~2/ARMGNU~1/14EFD8~1.2RE/bin/../lib/gcc/arm-none-eabi/14.2.1/thumb/v7e-m+fp/hard\libg_nano.a(libc_a-stdio.o) (_lseek_r)
C:/PROGRA~2/ARMGNU~1/14EFD8~1.2RE/bin/../lib/gcc/arm-none-eabi/14.2.1/thumb/v7e-m+fp/hard\libg_nano.a(libc_a-readr.o)
                              C:/PROGRA~2/ARMGNU~1/14EFD8~1.2RE/bin/../lib/gcc/arm-none-eabi/14.2.1/thumb/v7e-m+fp/hard\libg_nano.a(libc_a-stdio.o) (_read_r)
C:/PROGRA~2/ARMGNU~1/14EFD8~1.2RE/bin/../lib/gcc/arm-none-eabi/14.2.1/thumb/v7e-m+fp/hard\libg_nano.a(libc_a-writer.o)
                              C:/PROGRA~2/ARMGNU~1/14EFD8~1.2RE/bin/../lib/gcc/arm-none-eabi/14.2.1/thumb/v7e-m+fp/hard\libg_nano.a(libc_a-stdio.o) (_write_r)
C:/PROGRA~2/ARMGNU~1/14EFD8~1.2RE/bin/../lib/gcc/arm-none-eabi/14.2.1/thumb/v7e-m+fp/hard\libg_nano.a(libc_a-errno.o)
                              CMakeFiles/nav_f405_test.dir/Core/Src/sysmem.c.obj (__errno)
C:/PROGRA~2/ARMGNU~1/14EFD8~1.2RE/bin/../lib/gcc/arm-none-eabi/14.2.1/thumb/v7e-m+fp/hard\libg_nano.a(libc_a-init.o)
                              C:/PROGRA~2/ARMGNU~1/14EFD8~1.2RE/bin/../lib/gcc/arm-none-eabi/14.2.1/thumb/v7e-m+fp/hard/crt0.o (__libc_init_array)
C:/PROGRA~2/ARMGNU~1/14EFD8~1.2RE/bin/../lib/gcc/arm-none-eabi/14.2.1/thumb/v7e-m+fp/hard\libg_nano.a(libc_a-lock.o)
                              C:/PROGRA~2/ARMGNU~1/14EFD8~1.2RE/bin/../lib/gcc/arm-none-eabi/14.2.1/thumb/v7e-m+fp/hard\libg_nano.a(libc_a-findfp.o) (__retarget_lock_init_recursive)
[...]
Memory Configuration

Name             Origin             Length             Attributes
RAM              0x20000000         0x00020000         xrw
CCMRAM           0x10000000         0x00010000         xrw
FLASH            0x08000000         0x00100000         xr
*default*        0x00000000         0xffffffff

Linker script and memory map

LOAD C:/PROGRA~2/ARMGNU~1/14EFD8~1.2RE/bin/../lib/gcc/arm-none-eabi/14.2.1/thumb/v7e-m+fp/hard/crti.o
LOAD C:/PROGRA~2/ARMGNU~1/14EFD8~1.2RE/bin/../lib/gcc/arm-none-eabi/14.2.1/thumb/v7e-m+fp/hard/crtbegin.o
LOAD C:/PROGRA~2/ARMGNU~1/14EFD8~1.2RE/bin/../lib/gcc/arm-none-eabi/14.2.1/thumb/v7e-m+fp/hard/crt0.o
LOAD cmake/stm32cubemx/CMakeFiles/STM32_Drivers.dir/__/__/Core/Src/system_stm32f4xx.c.obj
LOAD cmake/stm32cubemx/CMakeFiles/STM32_Drivers.dir/__/__/Drivers/STM32F4xx_HAL_Driver/Src/stm32f4xx_hal_i2c.c.obj
LOAD cmake/stm32cubemx/CMakeFiles/STM32_Drivers.dir/__/__/Drivers/STM32F4xx_HAL_Driver/Src/stm32f4xx_hal_i2c_ex.c.obj
LOAD cmake/stm32cubemx/CMakeFiles/STM32_Drivers.dir/__/__/Drivers/STM32F4xx_HAL_Driver/Src/stm32f4xx_hal_rcc.c.obj
LOAD cmake/stm32cubemx/CMakeFiles/STM32_Drivers.dir/__/__/Drivers/STM32F4xx_HAL_Driver/Src/stm32f4xx_hal_rcc_ex.c.obj
LOAD cmake/stm32cubemx/CMakeFiles/STM32_Drivers.dir/__/__/Drivers/STM32F4xx_HAL_Driver/Src/stm32f4xx_hal_flash.c.obj
LOAD cmake/stm32cubemx/CMakeFiles/STM32_Drivers.dir/__/__/Drivers/STM32F4xx_HAL_Driver/Src/stm32f4xx_hal_flash_ex.c.obj
LOAD cmake/stm32cubemx/CMakeFiles/STM32_Drivers.dir/__/__/Drivers/STM32F4xx_HAL_Driver/Src/stm32f4xx_hal_flash_ramfunc.c.obj
LOAD cmake/stm32cubemx/CMakeFiles/STM32_Drivers.dir/__/__/Drivers/STM32F4xx_HAL_Driver/Src/stm32f4xx_hal_gpio.c.obj
LOAD cmake/stm32cubemx/CMakeFiles/STM32_Drivers.dir/__/__/Drivers/STM32F4xx_HAL_Driver/Src/stm32f4xx_hal_dma_ex.c.obj
LOAD cmake/stm32cubemx/CMakeFiles/STM32_Drivers.dir/__/__/Drivers/STM32F4xx_HAL_Driver/Src/stm32f4xx_hal_dma.c.obj
LOAD cmake/stm32cubemx/CMakeFiles/STM32_Drivers.dir/__/__/Drivers/STM32F4xx_HAL_Driver/Src/stm32f4xx_hal_pwr.c.obj
LOAD cmake/stm32cubemx/CMakeFiles/STM32_Drivers.dir/__/__/Drivers/STM32F4xx_HAL_Driver/Src/stm32f4xx_hal_pwr_ex.c.obj
LOAD cmake/stm32cubemx/CMakeFiles/STM32_Drivers.dir/__/__/Drivers/STM32F4xx_HAL_Driver/Src/stm32f4xx_hal_cortex.c.obj
LOAD cmake/stm32cubemx/CMakeFiles/STM32_Drivers.dir/__/__/Drivers/STM32F4xx_HAL_Driver/Src/stm32f4xx_hal.c.obj
LOAD cmake/stm32cubemx/CMakeFiles/STM32_Drivers.dir/__/__/Drivers/STM32F4xx_HAL_Driver/Src/stm32f4xx_hal_exti.c.obj
LOAD cmake/stm32cubemx/CMakeFiles/STM32_Drivers.dir/__/__/Drivers/STM32F4xx_HAL_Driver/Src/stm32f4xx_hal_spi.c.obj
LOAD cmake/stm32cubemx/CMakeFiles/STM32_Drivers.dir/__/__/Drivers/STM32F4xx_HAL_Driver/Src/stm32f4xx_hal_uart.c.obj
LOAD CMakeFiles/nav_f405_test.dir/Core/Src/main.c.obj
LOAD CMakeFiles/nav_f405_test.dir/Core/Src/stm32f4xx_it.c.obj
LOAD CMakeFiles/nav_f405_test.dir/Core/Src/stm32f4xx_hal_msp.c.obj
LOAD CMakeFiles/nav_f405_test.dir/Core/Src/sysmem.c.obj
LOAD CMakeFiles/nav_f405_test.dir/Core/Src/syscalls.c.obj
LOAD CMakeFiles/nav_f405_test.dir/startup_stm32f405xx.s.obj
LOAD CMakeFiles/nav_f405_test.dir/Core/Src/iim42652.c.obj
LOAD C:/PROGRA~2/ARMGNU~1/14EFD8~1.2RE/bin/../lib/gcc/arm-none-eabi/14.2.1/thumb/v7e-m+fp/hard\libm.a
START GROUP
LOAD C:/PROGRA~2/ARMGNU~1/14EFD8~1.2RE/bin/../lib/gcc/arm-none-eabi/14.2.1/thumb/v7e-m+fp/hard\libgcc.a
LOAD C:/PROGRA~2/ARMGNU~1/14EFD8~1.2RE/bin/../lib/gcc/arm-none-eabi/14.2.1/thumb/v7e-m+fp/hard\libg_nano.a
LOAD C:/PROGRA~2/ARMGNU~1/14EFD8~1.2RE/bin/../lib/gcc/arm-none-eabi/14.2.1/thumb/v7e-m+fp/hard\libc_nano.a
END GROUP
START GROUP
LOAD C:/PROGRA~2/ARMGNU~1/14EFD8~1.2RE/bin/../lib/gcc/arm-none-eabi/14.2.1/thumb/v7e-m+fp/hard\libgcc.a
LOAD C:/PROGRA~2/ARMGNU~1/14EFD8~1.2RE/bin/../lib/gcc/arm-none-eabi/14.2.1/thumb/v7e-m+fp/hard\libc_nano.a
END GROUP
LOAD C:/PROGRA~2/ARMGNU~1/14EFD8~1.2RE/bin/../lib/gcc/arm-none-eabi/14.2.1/thumb/v7e-m+fp/hard/crtend.o
LOAD C:/PROGRA~2/ARMGNU~1/14EFD8~1.2RE/bin/../lib/gcc/arm-none-eabi/14.2.1/thumb/v7e-m+fp/hard/crtn.o
                0x20020000                        _estack = (ORIGIN (RAM) + LENGTH (RAM))
                0x2001fc00                        _sstack = (_estack - _Min_Stack_Size)
                0x00000200                        _Min_Heap_Size = 0x200
                0x00000400                        _Min_Stack_Size = 0x400

.isr_vector     0x08000000      0x188
                0x08000000                        . = ALIGN (0x4)
 *(.isr_vector)
 .isr_vector    0x08000000      0x188 CMakeFiles/nav_f405_test.dir/startup_stm32f405xx.s.obj
                0x08000000                g_pfnVectors
                0x08000188                        . = ALIGN (0x4)

.text           0x08000190     0x468c
                0x08000190                        . = ALIGN (0x4)
 *(.text)
 .text          0x08000190       0x30 C:/PROGRA~2/ARMGNU~1/14EFD8~1.2RE/bin/../lib/gcc/arm-none-eabi/14.2.1/thumb/v7e-m+fp/hard\libgcc.a(_aeabi_uldivmod.o)
                0x08000190                __aeabi_uldivmod
 .text          0x080001c0        0x4 C:/PROGRA~2/ARMGNU~1/14EFD8~1.2RE/bin/../lib/gcc/arm-none-eabi/14.2.1/thumb/v7e-m+fp/hard\libgcc.a(_dvmd_tls.o)
                0x080001c0                __aeabi_idiv0
                0x080001c0                __aeabi_ldiv0
 *fill*         0x080001c4        0xc 
 .text          0x080001d0       0xa0 C:/PROGRA~2/ARMGNU~1/14EFD8~1.2RE/bin/../lib/gcc/arm-none-eabi/14.2.1/thumb/v7e-m+fp/hard\libg_nano.a(libc_a-memchr.o)
                0x080001d0                memchr
 *(.text*)
 .text.deregister_tm_clones
                0x08000270       0x1c C:/PROGRA~2/ARMGNU~1/14EFD8~1.2RE/bin/../lib/gcc/arm-none-eabi/14.2.1/thumb/v7e-m+fp/hard/crtbegin.o
 .text.register_tm_clones
                0x0800028c       0x24 C:/PROGRA~2/ARMGNU~1/14EFD8~1.2RE/bin/../lib/gcc/arm-none-eabi/14.2.1/thumb/v7e-m+fp/hard/crtbegin.o
 .text.__do_global_dtors_aux
                0x080002b0       0x28 C:/PROGRA~2/ARMGNU~1/14EFD8~1.2RE/bin/../lib/gcc/arm-none-eabi/14.2.1/thumb/v7e-m+fp/hard/crtbegin.o
 .text.frame_dummy
                0x080002d8       0x24 C:/PROGRA~2/ARMGNU~1/14EFD8~1.2RE/bin/../lib/gcc/arm-none-eabi/14.2.1/thumb/v7e-m+fp/hard/crtbegin.o
 .text.SystemInit
                0x080002fc       0x24 cmake/stm32cubemx/CMakeFiles/STM32_Drivers.dir/__/__/Core/Src/system_stm32f4xx.c.obj
                0x080002fc                SystemInit
 .text.HAL_I2C_Init
                0x08000320      0x288 cmake/stm32cubemx/CMakeFiles/STM32_Drivers.dir/__/__/Drivers/STM32F4xx_HAL_Driver/Src/stm32f4xx_hal_i2c.c.obj
                0x08000320                HAL_I2C_Init
 .text.HAL_RCC_OscConfig
                0x080005a8      0x4f0 cmake/stm32cubemx/CMakeFiles/STM32_Drivers.dir/__/__/Drivers/STM32F4xx_HAL_Driver/Src/stm32f4xx_hal_rcc.c.obj
                0x080005a8                HAL_RCC_OscConfig
 .text.HAL_RCC_ClockConfig
                0x08000a98      0x1cc cmake/stm32cubemx/CMakeFiles/STM32_Drivers.dir/__/__/Drivers/STM32F4xx_HAL_Driver/Src/stm32f4xx_hal_rcc.c.obj
                0x08000a98                HAL_RCC_ClockConfig
 .text.HAL_RCC_GetSysClockFreq
                0x08000c64      0x188 cmake/stm32cubemx/CMakeFiles/STM32_Drivers.dir/__/__/Drivers/STM32F4xx_HAL_Driver/Src/stm32f4xx_hal_rcc.c.obj
                0x08000c64                HAL_RCC_GetSysClockFreq
 .text.HAL_RCC_GetHCLKFreq
                0x08000dec       0x18 cmake/stm32cubemx/CMakeFiles/STM32_Drivers.dir/__/__/Drivers/STM32F4xx_HAL_Driver/Src/stm32f4xx_hal_rcc.c.obj
                0x08000dec                HAL_RCC_GetHCLKFreq
 .text.HAL_RCC_GetPCLK1Freq
                0x08000e04       0x28 cmake/stm32cubemx/CMakeFiles/STM32_Drivers.dir/__/__/Drivers/STM32F4xx_HAL_Driver/Src/stm32f4xx_hal_rcc.c.obj
                0x08000e04                HAL_RCC_GetPCLK1Freq
 .text.HAL_RCC_GetPCLK2Freq
                0x08000e2c       0x28 cmake/stm32cubemx/CMakeFiles/STM32_Drivers.dir/__/__/Drivers/STM32F4xx_HAL_Driver/Src/stm32f4xx_hal_rcc.c.obj
                0x08000e2c                HAL_RCC_GetPCLK2Freq
 .text.HAL_GPIO_Init
                0x08000e54      0x338 cmake/stm32cubemx/CMakeFiles/STM32_Drivers.dir/__/__/Drivers/STM32F4xx_HAL_Driver/Src/stm32f4xx_hal_gpio.c.obj
                0x08000e54                HAL_GPIO_Init
 .text.HAL_GPIO_WritePin
                0x0800118c       0x32 cmake/stm32cubemx/CMakeFiles/STM32_Drivers.dir/__/__/Drivers/STM32F4xx_HAL_Driver/Src/stm32f4xx_hal_gpio.c.obj
                0x0800118c                HAL_GPIO_WritePin
 .text.HAL_GPIO_TogglePin
                0x080011be       0x34 cmake/stm32cubemx/CMakeFiles/STM32_Drivers.dir/__/__/Drivers/STM32F4xx_HAL_Driver/Src/stm32f4xx_hal_gpio.c.obj
                0x080011be                HAL_GPIO_TogglePin
 *fill*         0x080011f2        0x2 
 .text.HAL_GPIO_EXTI_IRQHandler
                0x080011f4       0x30 cmake/stm32cubemx/CMakeFiles/STM32_Drivers.dir/__/__/Drivers/STM32F4xx_HAL_Driver/Src/stm32f4xx_hal_gpio.c.obj
                0x080011f4                HAL_GPIO_EXTI_IRQHandler
 .text.HAL_DMA_Abort_IT
                0x08001224       0x44 cmake/stm32cubemx/CMakeFiles/STM32_Drivers.dir/__/__/Drivers/STM32F4xx_HAL_Driver/Src/stm32f4xx_hal_dma.c.obj
                0x08001224                HAL_DMA_Abort_IT
 .text.__NVIC_SetPriorityGrouping
                0x08001268       0x48 cmake/stm32cubemx/CMakeFiles/STM32_Drivers.dir/__/__/Drivers/STM32F4xx_HAL_Driver/Src/stm32f4xx_hal_cortex.c.obj
 .text.__NVIC_GetPriorityGrouping
                0x080012b0       0x1c cmake/stm32cubemx/CMakeFiles/STM32_Drivers.dir/__/__/Drivers/STM32F4xx_HAL_Driver/Src/stm32f4xx_hal_cortex.c.obj
 .text.__NVIC_EnableIRQ
                0x080012cc       0x3c cmake/stm32cubemx/CMakeFiles/STM32_Drivers.dir/__/__/Drivers/STM32F4xx_HAL_Driver/Src/stm32f4xx_hal_cortex.c.obj
 .text.__NVIC_SetPriority
                0x08001308       0x54 cmake/stm32cubemx/CMakeFiles/STM32_Drivers.dir/__/__/Drivers/STM32F4xx_HAL_Driver/Src/stm32f4xx_hal_cortex.c.obj
 .text.NVIC_EncodePriority
                0x0800135c       0x66 cmake/stm32cubemx/CMakeFiles/STM32_Drivers.dir/__/__/Drivers/STM32F4xx_HAL_Driver/Src/stm32f4xx_hal_cortex.c.obj
 *fill*         0x080013c2        0x2 
 .text.SysTick_Config
                0x080013c4       0x44 cmake/stm32cubemx/CMakeFiles/STM32_Drivers.dir/__/__/Drivers/STM32F4xx_HAL_Driver/Src/stm32f4xx_hal_cortex.c.obj
 .text.HAL_NVIC_SetPriorityGrouping
                0x08001408       0x16 cmake/stm32cubemx/CMakeFiles/STM32_Drivers.dir/__/__/Drivers/STM32F4xx_HAL_Driver/Src/stm32f4xx_hal_cortex.c.obj
                0x08001408                HAL_NVIC_SetPriorityGrouping
 .text.HAL_NVIC_SetPriority
                0x0800141e       0x38 cmake/stm32cubemx/CMakeFiles/STM32_Drivers.dir/__/__/Drivers/STM32F4xx_HAL_Driver/Src/stm32f4xx_hal_cortex.c.obj
                0x0800141e                HAL_NVIC_SetPriority
 .text.HAL_NVIC_EnableIRQ
                0x08001456       0x1c cmake/stm32cubemx/CMakeFiles/STM32_Drivers.dir/__/__/Drivers/STM32F4xx_HAL_Driver/Src/stm32f4xx_hal_cortex.c.obj
                0x08001456                HAL_NVIC_EnableIRQ
 .text.HAL_SYSTICK_Config
                0x08001472       0x18 cmake/stm32cubemx/CMakeFiles/STM32_Drivers.dir/__/__/Drivers/STM32F4xx_HAL_Driver/Src/stm32f4xx_hal_cortex.c.obj
                0x08001472                HAL_SYSTICK_Config
 *fill*         0x0800148a        0x2 
 .text.HAL_Init
                0x0800148c       0x44 cmake/stm32cubemx/CMakeFiles/STM32_Drivers.dir/__/__/Drivers/STM32F4xx_HAL_Driver/Src/stm32f4xx_hal.c.obj
                0x0800148c                HAL_Init
 .text.HAL_InitTick
                0x080014d0       0x60 cmake/stm32cubemx/CMakeFiles/STM32_Drivers.dir/__/__/Drivers/STM32F4xx_HAL_Driver/Src/stm32f4xx_hal.c.obj
                0x080014d0                HAL_InitTick
 .text.HAL_IncTick
                0x08001530       0x28 cmake/stm32cubemx/CMakeFiles/STM32_Drivers.dir/__/__/Drivers/STM32F4xx_HAL_Driver/Src/stm32f4xx_hal.c.obj
                0x08001530                HAL_IncTick
 .text.HAL_GetTick
                0x08001558       0x18 cmake/stm32cubemx/CMakeFiles/STM32_Drivers.dir/__/__/Drivers/STM32F4xx_HAL_Driver/Src/stm32f4xx_hal.c.obj
                0x08001558                HAL_GetTick
 .text.HAL_Delay
                0x08001570       0x48 cmake/stm32cubemx/CMakeFiles/STM32_Drivers.dir/__/__/Drivers/STM32F4xx_HAL_Driver/Src/stm32f4xx_hal.c.obj
                0x08001570                HAL_Delay
 .text.HAL_SPI_Init
                0x080015b8      0x112 cmake/stm32cubemx/CMakeFiles/STM32_Drivers.dir/__/__/Drivers/STM32F4xx_HAL_Driver/Src/stm32f4xx_hal_spi.c.obj
                0x080015b8                HAL_SPI_Init
 .text.HAL_SPI_Transmit
                0x080016ca      0x288 cmake/stm32cubemx/CMakeFiles/STM32_Drivers.dir/__/__/Drivers/STM32F4xx_HAL_Driver/Src/stm32f4xx_hal_spi.c.obj
                0x080016ca                HAL_SPI_Transmit
 .text.HAL_SPI_Receive
                0x08001952      0x232 cmake/stm32cubemx/CMakeFiles/STM32_Drivers.dir/__/__/Drivers/STM32F4xx_HAL_Driver/Src/stm32f4xx_hal_spi.c.obj
                0x08001952                HAL_SPI_Receive
 .text.HAL_SPI_TransmitReceive
                0x08001b84      0x352 cmake/stm32cubemx/CMakeFiles/STM32_Drivers.dir/__/__/Drivers/STM32F4xx_HAL_Driver/Src/stm32f4xx_hal_spi.c.obj
                0x08001b84                HAL_SPI_TransmitReceive
 *fill*         0x08001ed6        0x2 
 .text.HAL_SPI_IRQHandler
                0x08001ed8      0x200 cmake/stm32cubemx/CMakeFiles/STM32_Drivers.dir/__/__/Drivers/STM32F4xx_HAL_Driver/Src/stm32f4xx_hal_spi.c.obj
                0x08001ed8                HAL_SPI_IRQHandler
 .text.HAL_SPI_ErrorCallback
                0x080020d8       0x14 cmake/stm32cubemx/CMakeFiles/STM32_Drivers.dir/__/__/Drivers/STM32F4xx_HAL_Driver/Src/stm32f4xx_hal_spi.c.obj
                0x080020d8                HAL_SPI_ErrorCallback
 .text.SPI_DMAAbortOnError
                0x080020ec       0x28 cmake/stm32cubemx/CMakeFiles/STM32_Drivers.dir/__/__/Drivers/STM32F4xx_HAL_Driver/Src/stm32f4xx_hal_spi.c.obj
 .text.SPI_WaitFlagStateUntilTimeout
                0x08002114      0x110 cmake/stm32cubemx/CMakeFiles/STM32_Drivers.dir/__/__/Drivers/STM32F4xx_HAL_Driver/Src/stm32f4xx_hal_spi.c.obj
 .text.SPI_EndRxTransaction
                0x08002224       0xca cmake/stm32cubemx/CMakeFiles/STM32_Drivers.dir/__/__/Drivers/STM32F4xx_HAL_Driver/Src/stm32f4xx_hal_spi.c.obj
 *fill*         0x080022ee        0x2 
 .text.SPI_EndRxTxTransaction
                0x080022f0       0xa8 cmake/stm32cubemx/CMakeFiles/STM32_Drivers.dir/__/__/Drivers/STM32F4xx_HAL_Driver/Src/stm32f4xx_hal_spi.c.obj
 .text.HAL_UART_Init
                0x08002398       0xa0 cmake/stm32cubemx/CMakeFiles/STM32_Drivers.dir/__/__/Drivers/STM32F4xx_HAL_Driver/Src/stm32f4xx_hal_uart.c.obj
                0x08002398                HAL_UART_Init
 .text.HAL_UART_Transmit
                0x08002438      0x116 cmake/stm32cubemx/CMakeFiles/STM32_Drivers.dir/__/__/Drivers/STM32F4xx_HAL_Driver/Src/stm32f4xx_hal_uart.c.obj
                0x08002438                HAL_UART_Transmit
 .text.UART_WaitOnFlagUntilTimeout
                0x0800254e       0xb2 cmake/stm32cubemx/CMakeFiles/STM32_Drivers.dir/__/__/Drivers/STM32F4xx_HAL_Driver/Src/stm32f4xx_hal_uart.c.obj
 .text.UART_EndRxTransfer
                0x08002600       0xc6 cmake/stm32cubemx/CMakeFiles/STM32_Drivers.dir/__/__/Drivers/STM32F4xx_HAL_Driver/Src/stm32f4xx_hal_uart.c.obj
 *fill*         0x080026c6        0x2 
 .text.UART_SetConfig
                0x080026c8      0x4e8 cmake/stm32cubemx/CMakeFiles/STM32_Drivers.dir/__/__/Drivers/STM32F4xx_HAL_Driver/Src/stm32f4xx_hal_uart.c.obj
 .text.NAV_PackSpiBuffer
                0x08002bb0      0x13c CMakeFiles/nav_f405_test.dir/Core/Src/main.c.obj
 .text.SPI3_DMA_Init
                0x08002cec       0xa0 CMakeFiles/nav_f405_test.dir/Core/Src/main.c.obj
 .text.SPI3_DMA_Arm
                0x08002d8c       0xbc CMakeFiles/nav_f405_test.dir/Core/Src/main.c.obj
 .text.main     0x08002e48      0x2a0 CMakeFiles/nav_f405_test.dir/Core/Src/main.c.obj
                0x08002e48                main
 .text.SystemClock_Config
                0x080030e8       0xd4 CMakeFiles/nav_f405_test.dir/Core/Src/main.c.obj
                0x080030e8                SystemClock_Config
 .text.MX_I2C1_Init
                0x080031bc       0x5c CMakeFiles/nav_f405_test.dir/Core/Src/main.c.obj
 .text.MX_SPI1_Init
                0x08003218       0x6c CMakeFiles/nav_f405_test.dir/Core/Src/main.c.obj
 .text.MX_SPI3_Init
                0x08003284       0x68 CMakeFiles/nav_f405_test.dir/Core/Src/main.c.obj
 .text.MX_UART4_Init
                0x080032ec       0x54 CMakeFiles/nav_f405_test.dir/Core/Src/main.c.obj
 .text.MX_USART6_UART_Init
                0x08003340       0x54 CMakeFiles/nav_f405_test.dir/Core/Src/main.c.obj
 .text.MX_GPIO_Init
                0x08003394       0xe0 CMakeFiles/nav_f405_test.dir/Core/Src/main.c.obj
 .text.HAL_GPIO_EXTI_Callback
                0x08003474       0x44 CMakeFiles/nav_f405_test.dir/Core/Src/main.c.obj
                0x08003474                HAL_GPIO_EXTI_Callback
 .text.Error_Handler
                0x080034b8        0xc CMakeFiles/nav_f405_test.dir/Core/Src/main.c.obj
                0x080034b8                Error_Handler
 .text.NMI_Handler
                0x080034c4        0x8 CMakeFiles/nav_f405_test.dir/Core/Src/stm32f4xx_it.c.obj
                0x080034c4                NMI_Handler
 .text.HardFault_Handler
                0x080034cc        0x8 CMakeFiles/nav_f405_test.dir/Core/Src/stm32f4xx_it.c.obj
                0x080034cc                HardFault_Handler
 .text.MemManage_Handler
                0x080034d4        0x8 CMakeFiles/nav_f405_test.dir/Core/Src/stm32f4xx_it.c.obj
                0x080034d4                MemManage_Handler
 .text.BusFault_Handler
                0x080034dc        0x8 CMakeFiles/nav_f405_test.dir/Core/Src/stm32f4xx_it.c.obj
                0x080034dc                BusFault_Handler
 .text.UsageFault_Handler
                0x080034e4        0x8 CMakeFiles/nav_f405_test.dir/Core/Src/stm32f4xx_it.c.obj
                0x080034e4                UsageFault_Handler
 .text.SVC_Handler
                0x080034ec        0xe CMakeFiles/nav_f405_test.dir/Core/Src/stm32f4xx_it.c.obj
                0x080034ec                SVC_Handler
 .text.DebugMon_Handler
                0x080034fa        0xe CMakeFiles/nav_f405_test.dir/Core/Src/stm32f4xx_it.c.obj
                0x080034fa                DebugMon_Handler
 .text.PendSV_Handler
                0x08003508        0xe CMakeFiles/nav_f405_test.dir/Core/Src/stm32f4xx_it.c.obj
                0x08003508                PendSV_Handler
 .text.SysTick_Handler
                0x08003516        0xc CMakeFiles/nav_f405_test.dir/Core/Src/stm32f4xx_it.c.obj
                0x08003516                SysTick_Handler
 *fill*         0x08003522        0x2 
 .text.SPI3_IRQHandler
                0x08003524       0x14 CMakeFiles/nav_f405_test.dir/Core/Src/stm32f4xx_it.c.obj
                0x08003524                SPI3_IRQHandler
 .text.EXTI15_10_IRQHandler
                0x08003538       0x10 CMakeFiles/nav_f405_test.dir/Core/Src/stm32f4xx_it.c.obj
                0x08003538                EXTI15_10_IRQHandler
 .text.HAL_MspInit
                0x08003548       0x50 CMakeFiles/nav_f405_test.dir/Core/Src/stm32f4xx_hal_msp.c.obj
                0x08003548                HAL_MspInit
 .text.HAL_I2C_MspInit
                0x08003598       0x90 CMakeFiles/nav_f405_test.dir/Core/Src/stm32f4xx_hal_msp.c.obj
                0x08003598                HAL_I2C_MspInit
 .text.HAL_SPI_MspInit
                0x08003628      0x138 CMakeFiles/nav_f405_test.dir/Core/Src/stm32f4xx_hal_msp.c.obj
                0x08003628                HAL_SPI_MspInit
 .text.HAL_UART_MspInit
                0x08003760       0xf8 CMakeFiles/nav_f405_test.dir/Core/Src/stm32f4xx_hal_msp.c.obj
                0x08003760                HAL_UART_MspInit
 .text._sbrk    0x08003858       0x6c CMakeFiles/nav_f405_test.dir/Core/Src/sysmem.c.obj
                0x08003858                _sbrk
 .text.Reset_Handler
                0x080038c4       0x50 CMakeFiles/nav_f405_test.dir/startup_stm32f405xx.s.obj
                0x080038c4                Reset_Handler
 .text.Default_Handler
                0x08003914        0x2 CMakeFiles/nav_f405_test.dir/startup_stm32f405xx.s.obj
                0x08003914                RTC_Alarm_IRQHandler
                0x08003914                HASH_RNG_IRQHandler
                0x08003914                EXTI2_IRQHandler
                0x08003914                TIM8_CC_IRQHandler
                0x08003914                TIM1_CC_IRQHandler
                0x08003914                DMA2_Stream5_IRQHandler
                0x08003914                DMA1_Stream5_IRQHandler
                0x08003914                PVD_IRQHandler
                0x08003914                SDIO_IRQHandler
                0x08003914                TAMP_STAMP_IRQHandler
                0x08003914                CAN2_RX1_IRQHandler
                0x08003914                EXTI3_IRQHandler
                0x08003914                TIM8_TRG_COM_TIM14_IRQHandler
                0x08003914                TIM1_UP_TIM10_IRQHandler
                0x08003914                TIM8_UP_TIM13_IRQHandler
                0x08003914                I2C3_ER_IRQHandler
                0x08003914                EXTI0_IRQHandler
                0x08003914                I2C2_EV_IRQHandler
                0x08003914                DMA1_Stream2_IRQHandler
                0x08003914                CAN1_RX0_IRQHandler
                0x08003914                FPU_IRQHandler
                0x08003914                OTG_HS_WKUP_IRQHandler
                0x08003914                CAN2_SCE_IRQHandler
                0x08003914                DMA2_Stream2_IRQHandler
                0x08003914                SPI1_IRQHandler
                0x08003914                TIM6_DAC_IRQHandler
                0x08003914                TIM1_BRK_TIM9_IRQHandler
                0x08003914                CAN2_RX0_IRQHandler
                0x08003914                DMA2_Stream3_IRQHandler
                0x08003914                USART6_IRQHandler
                0x08003914                USART3_IRQHandler
                0x08003914                CAN1_RX1_IRQHandler
                0x08003914                UART5_IRQHandler
                0x08003914                DMA2_Stream0_IRQHandler
                0x08003914                TIM4_IRQHandler
                0x08003914                I2C1_EV_IRQHandler
                0x08003914                DMA1_Stream6_IRQHandler
                0x08003914                DMA1_Stream1_IRQHandler
                0x08003914                UART4_IRQHandler
                0x08003914                TIM3_IRQHandler
                0x08003914                RCC_IRQHandler
                0x08003914                TIM8_BRK_TIM12_IRQHandler
                0x08003914                Default_Handler
                0x08003914                ADC_IRQHandler
                0x08003914                DMA1_Stream7_IRQHandler
                0x08003914                TIM7_IRQHandler
                0x08003914                CAN2_TX_IRQHandler
                0x08003914                TIM5_IRQHandler
                0x08003914                DMA2_Stream7_IRQHandler
                0x08003914                I2C3_EV_IRQHandler
                0x08003914                EXTI9_5_IRQHandler
                0x08003914                RTC_WKUP_IRQHandler
                0x08003914                SPI2_IRQHandler
                0x08003914                OTG_HS_EP1_IN_IRQHandler
                0x08003914                DMA1_Stream0_IRQHandler
                0x08003914                CAN1_TX_IRQHandler
                0x08003914                EXTI4_IRQHandler
                0x08003914                FSMC_IRQHandler
                0x08003914                OTG_HS_EP1_OUT_IRQHandler
                0x08003914                WWDG_IRQHandler
                0x08003914                TIM2_IRQHandler
                0x08003914                OTG_FS_WKUP_IRQHandler
                0x08003914                TIM1_TRG_COM_TIM11_IRQHandler
                0x08003914                OTG_HS_IRQHandler
                0x08003914                EXTI1_IRQHandler
                0x08003914                USART2_IRQHandler
                0x08003914                I2C2_ER_IRQHandler
                0x08003914                DMA2_Stream1_IRQHandler
                0x08003914                CAN1_SCE_IRQHandler
                0x08003914                FLASH_IRQHandler
                0x08003914                DMA2_Stream4_IRQHandler
                0x08003914                USART1_IRQHandler
                0x08003914                OTG_FS_IRQHandler
                0x08003914                DMA1_Stream4_IRQHandler
                0x08003914                I2C1_ER_IRQHandler
                0x08003914                DMA2_Stream6_IRQHandler
                0x08003914                DMA1_Stream3_IRQHandler
 .text.CS_Low   0x08003916       0x20 CMakeFiles/nav_f405_test.dir/Core/Src/iim42652.c.obj
 .text.CS_High  0x08003936       0x20 CMakeFiles/nav_f405_test.dir/Core/Src/iim42652.c.obj
 .text.IIM42652_ReadReg
                0x08003956       0x48 CMakeFiles/nav_f405_test.dir/Core/Src/iim42652.c.obj
                0x08003956                IIM42652_ReadReg
 .text.IIM42652_WriteReg
                0x0800399e       0x44 CMakeFiles/nav_f405_test.dir/Core/Src/iim42652.c.obj
                0x0800399e                IIM42652_WriteReg
 .text.IIM42652_ReadRegs
                0x080039e2       0x54 CMakeFiles/nav_f405_test.dir/Core/Src/iim42652.c.obj
                0x080039e2                IIM42652_ReadRegs
 .text.IIM42652_ReadWhoAmI
                0x08003a36       0x1a CMakeFiles/nav_f405_test.dir/Core/Src/iim42652.c.obj
                0x08003a36                IIM42652_ReadWhoAmI
 .text.IIM42652_Init
                0x08003a50       0x9a CMakeFiles/nav_f405_test.dir/Core/Src/iim42652.c.obj
                0x08003a50                IIM42652_Init
 .text.IIM42652_ReadSensorData
                0x08003aea       0xae CMakeFiles/nav_f405_test.dir/Core/Src/iim42652.c.obj
                0x08003aea                IIM42652_ReadSensorData
 .text.__udivmoddi4
                0x08003b98      0x2f8 C:/PROGRA~2/ARMGNU~1/14EFD8~1.2RE/bin/../lib/gcc/arm-none-eabi/14.2.1/thumb/v7e-m+fp/hard\libgcc.a(_udivmoddi4.o)
                0x08003b98                __udivmoddi4
 .text.snprintf
                0x08003e90       0x6c C:/PROGRA~2/ARMGNU~1/14EFD8~1.2RE/bin/../lib/gcc/arm-none-eabi/14.2.1/thumb/v7e-m+fp/hard\libg_nano.a(libc_a-snprintf.o)
                0x08003e90                sniprintf
                0x08003e90                snprintf
 .text.memset   0x08003efc       0x10 C:/PROGRA~2/ARMGNU~1/14EFD8~1.2RE/bin/../lib/gcc/arm-none-eabi/14.2.1/thumb/v7e-m+fp/hard\libg_nano.a(libc_a-memset.o)
                0x08003efc                memset
 .text.__errno  0x08003f0c        0xc C:/PROGRA~2/ARMGNU~1/14EFD8~1.2RE/bin/../lib/gcc/arm-none-eabi/14.2.1/thumb/v7e-m+fp/hard\libg_nano.a(libc_a-errno.o)
                0x08003f0c                __errno
 .text.__libc_init_array
                0x08003f18       0x48 C:/PROGRA~2/ARMGNU~1/14EFD8~1.2RE/bin/../lib/gcc/arm-none-eabi/14.2.1/thumb/v7e-m+fp/hard\libg_nano.a(libc_a-init.o)
                0x08003f18                __libc_init_array
 .text.__retarget_lock_acquire_recursive
                0x08003f60        0x2 C:/PROGRA~2/ARMGNU~1/14EFD8~1.2RE/bin/../lib/gcc/arm-none-eabi/14.2.1/thumb/v7e-m+fp/hard\libg_nano.a(libc_a-lock.o)
                0x08003f60                __retarget_lock_acquire_recursive
 .text.__retarget_lock_release_recursive
                0x08003f62        0x2 C:/PROGRA~2/ARMGNU~1/14EFD8~1.2RE/bin/../lib/gcc/arm-none-eabi/14.2.1/thumb/v7e-m+fp/hard\libg_nano.a(libc_a-lock.o)
                0x08003f62                __retarget_lock_release_recursive
 .text._free_r  0x08003f64       0x94 C:/PROGRA~2/ARMGNU~1/14EFD8~1.2RE/bin/../lib/gcc/arm-none-eabi/14.2.1/thumb/v7e-m+fp/hard\libg_nano.a(libc_a-freer.o)
                0x08003f64                _free_r
 .text.sbrk_aligned
                0x08003ff8       0x44 C:/PROGRA~2/ARMGNU~1/14EFD8~1.2RE/bin/../lib/gcc/arm-none-eabi/14.2.1/thumb/v7e-m+fp/hard\libg_nano.a(libc_a-mallocr.o)
 .text._malloc_r
                0x0800403c      0x100 C:/PROGRA~2/ARMGNU~1/14EFD8~1.2RE/bin/../lib/gcc/arm-none-eabi/14.2.1/thumb/v7e-m+fp/hard\libg_nano.a(libc_a-mallocr.o)
                0x0800403c                _malloc_r
 .text.__malloc_lock
                0x0800413c        0xc C:/PROGRA~2/ARMGNU~1/14EFD8~1.2RE/bin/../lib/gcc/arm-none-eabi/14.2.1/thumb/v7e-m+fp/hard\libg_nano.a(libc_a-mlock.o)
                0x0800413c                __malloc_lock
 .text.__malloc_unlock
                0x08004148        0xc C:/PROGRA~2/ARMGNU~1/14EFD8~1.2RE/bin/../lib/gcc/arm-none-eabi/14.2.1/thumb/v7e-m+fp/hard\libg_nano.a(libc_a-mlock.o)
                0x08004148                __malloc_unlock
 .text.__ssputs_r
                0x08004154       0xc0 C:/PROGRA~2/ARMGNU~1/14EFD8~1.2RE/bin/../lib/gcc/arm-none-eabi/14.2.1/thumb/v7e-m+fp/hard\libg_nano.a(libc_a-nano-svfprintf.o)
                0x08004154                __ssputs_r
 .text._svfprintf_r
                0x08004214      0x1f8 C:/PROGRA~2/ARMGNU~1/14EFD8~1.2RE/bin/../lib/gcc/arm-none-eabi/14.2.1/thumb/v7e-m+fp/hard\libg_nano.a(libc_a-nano-svfprintf.o)
                0x08004214                _svfiprintf_r
                0x08004214                _svfprintf_r
 .text._printf_common
                0x0800440c       0xda C:/PROGRA~2/ARMGNU~1/14EFD8~1.2RE/bin/../lib/gcc/arm-none-eabi/14.2.1/thumb/v7e-m+fp/hard\libg_nano.a(libc_a-nano-vfprintf_i.o)
                0x0800440c                _printf_common
 *fill*         0x080044e6        0x2 
 .text._printf_i
                0x080044e8      0x240 C:/PROGRA~2/ARMGNU~1/14EFD8~1.2RE/bin/../lib/gcc/arm-none-eabi/14.2.1/thumb/v7e-m+fp/hard\libg_nano.a(libc_a-nano-vfprintf_i.o)
                0x080044e8                _printf_i
 .text.memmove  0x08004728       0x32 C:/PROGRA~2/ARMGNU~1/14EFD8~1.2RE/bin/../lib/gcc/arm-none-eabi/14.2.1/thumb/v7e-m+fp/hard\libg_nano.a(libc_a-memmove.o)
                0x08004728                memmove
 *fill*         0x0800475a        0x2 
 .text._sbrk_r  0x0800475c       0x20 C:/PROGRA~2/ARMGNU~1/14EFD8~1.2RE/bin/../lib/gcc/arm-none-eabi/14.2.1/thumb/v7e-m+fp/hard\libg_nano.a(libc_a-sbrkr.o)
                0x0800475c                _sbrk_r
 .text.memcpy   0x0800477c       0x1c C:/PROGRA~2/ARMGNU~1/14EFD8~1.2RE/bin/../lib/gcc/arm-none-eabi/14.2.1/thumb/v7e-m+fp/hard\libg_nano.a(libc_a-memcpy-stub.o)
                0x0800477c                memcpy
 .text._realloc_r
                0x08004798       0x5c C:/PROGRA~2/ARMGNU~1/14EFD8~1.2RE/bin/../lib/gcc/arm-none-eabi/14.2.1/thumb/v7e-m+fp/hard\libg_nano.a(libc_a-reallocr.o)
                0x08004798                _realloc_r
 .text._malloc_usable_size_r
                0x080047f4       0x10 C:/PROGRA~2/ARMGNU~1/14EFD8~1.2RE/bin/../lib/gcc/arm-none-eabi/14.2.1/thumb/v7e-m+fp/hard\libg_nano.a(libc_a-msizer.o)
                0x080047f4                _malloc_usable_size_r
 *(.glue_7)
 .glue_7        0x08004804        0x0 linker stubs
 *(.glue_7t)
 .glue_7t       0x08004804        0x0 linker stubs
 *(.eh_frame)
 .eh_frame      0x08004804        0x0 C:/PROGRA~2/ARMGNU~1/14EFD8~1.2RE/bin/../lib/gcc/arm-none-eabi/14.2.1/thumb/v7e-m+fp/hard/crtbegin.o
 *(.init)
 .init          0x08004804        0x4 C:/PROGRA~2/ARMGNU~1/14EFD8~1.2RE/bin/../lib/gcc/arm-none-eabi/14.2.1/thumb/v7e-m+fp/hard/crti.o
                0x08004804                _init
 .init          0x08004808        0x8 C:/PROGRA~2/ARMGNU~1/14EFD8~1.2RE/bin/../lib/gcc/arm-none-eabi/14.2.1/thumb/v7e-m+fp/hard/crtn.o
 *(.fini)
 .fini          0x08004810        0x4 C:/PROGRA~2/ARMGNU~1/14EFD8~1.2RE/bin/../lib/gcc/arm-none-eabi/14.2.1/thumb/v7e-m+fp/hard/crti.o
                0x08004810                _fini
 .fini          0x08004814        0x8 C:/PROGRA~2/ARMGNU~1/14EFD8~1.2RE/bin/../lib/gcc/arm-none-eabi/14.2.1/thumb/v7e-m+fp/hard/crtn.o
                0x0800481c                        . = ALIGN (0x4)
                0x0800481c                        _etext = .

.vfp11_veneer   0x0800481c        0x0
 .vfp11_veneer  0x0800481c        0x0 linker stubs

.v4_bx          0x0800481c        0x0
 .v4_bx         0x0800481c        0x0 linker stubs

.iplt           0x0800481c        0x0
 .iplt          0x0800481c        0x0 C:/PROGRA~2/ARMGNU~1/14EFD8~1.2RE/bin/../lib/gcc/arm-none-eabi/14.2.1/thumb/v7e-m+fp/hard/crtbegin.o

.rodata         0x0800481c       0x98
                0x0800481c                        . = ALIGN (0x4)
 *(.rodata)
 .rodata        0x0800481c       0x49 CMakeFiles/nav_f405_test.dir/Core/Src/main.c.obj
 *(.rodata*)
 *fill*         0x08004865        0x3 
 .rodata.AHBPrescTable
                0x08004868       0x10 cmake/stm32cubemx/CMakeFiles/STM32_Drivers.dir/__/__/Core/Src/system_stm32f4xx.c.obj
                0x08004868                AHBPrescTable
 .rodata.APBPrescTable
                0x08004878        0x8 cmake/stm32cubemx/CMakeFiles/STM32_Drivers.dir/__/__/Core/Src/system_stm32f4xx.c.obj
                0x08004878                APBPrescTable
 .rodata._svfprintf_r.str1.1
                0x08004880       0x33 C:/PROGRA~2/ARMGNU~1/14EFD8~1.2RE/bin/../lib/gcc/arm-none-eabi/14.2.1/thumb/v7e-m+fp/hard\libg_nano.a(libc_a-nano-svfprintf.o)
                                 0x11 (size before relaxing)
 .rodata._printf_i.str1.1
                0x080048b3       0x22 C:/PROGRA~2/ARMGNU~1/14EFD8~1.2RE/bin/../lib/gcc/arm-none-eabi/14.2.1/thumb/v7e-m+fp/hard\libg_nano.a(libc_a-nano-vfprintf_i.o)
                0x080048d8                        . = ALIGN (0x4)
 *fill*         0x080048b3        0x1 

.ARM.extab      0x080048b4        0x0
                0x080048b4                        . = ALIGN (0x4)
 *(.ARM.extab* .gnu.linkonce.armextab.*)
                0x080048b4                        . = ALIGN (0x4)

.ARM            0x080048b4        0x8
                0x080048b4                        . = ALIGN (0x4)
                0x080048b4                        __exidx_start = .
 *(.ARM.exidx*)
 .ARM.exidx     0x080048b4        0x8 C:/PROGRA~2/ARMGNU~1/14EFD8~1.2RE/bin/../lib/gcc/arm-none-eabi/14.2.1/thumb/v7e-m+fp/hard\libg_nano.a(libc_a-memchr.o)
 .ARM.exidx.text.__udivmoddi4
                0x080048bc        0x0 C:/PROGRA~2/ARMGNU~1/14EFD8~1.2RE/bin/../lib/gcc/arm-none-eabi/14.2.1/thumb/v7e-m+fp/hard\libgcc.a(_udivmoddi4.o)
                                  0x8 (size before relaxing)
                0x080048bc                        __exidx_end = .
                0x080048bc                        . = ALIGN (0x4)

.preinit_array  0x080048bc        0x0
                0x080048bc                        . = ALIGN (0x4)
                0x080048bc                        PROVIDE (__preinit_array_start = .)
 *(.preinit_array*)
                0x080048bc                        PROVIDE (__preinit_array_end = .)
                0x080048bc                        . = ALIGN (0x4)

.init_array     0x080048bc        0x4
                0x080048bc                        . = ALIGN (0x4)
                0x080048bc                        PROVIDE (__init_array_start = .)
 *(SORT_BY_NAME(.init_array.*))
 *(.init_array*)
 .init_array    0x080048bc        0x4 C:/PROGRA~2/ARMGNU~1/14EFD8~1.2RE/bin/../lib/gcc/arm-none-eabi/14.2.1/thumb/v7e-m+fp/hard/crtbegin.o
                0x080048c0                        PROVIDE (__init_array_end = .)
                0x080048c0                        . = ALIGN (0x4)

.fini_array     0x080048c0        0x4
                0x080048c0                        . = ALIGN (0x4)
                [!provide]                        PROVIDE (__fini_array_start = .)
 *(SORT_BY_NAME(.fini_array.*))
 *(.fini_array*)
 .fini_array    0x080048c0        0x4 C:/PROGRA~2/ARMGNU~1/14EFD8~1.2RE/bin/../lib/gcc/arm-none-eabi/14.2.1/thumb/v7e-m+fp/hard/crtbegin.o
                [!provide]                        PROVIDE (__fini_array_end = .)
                0x080048c4                        . = ALIGN (0x4)
                0x080048c4                        _siccmram = LOADADDR (.ccmram)

.rel.dyn        0x080048c4        0x0
 .rel.iplt      0x080048c4        0x0 C:/PROGRA~2/ARMGNU~1/14EFD8~1.2RE/bin/../lib/gcc/arm-none-eabi/14.2.1/thumb/v7e-m+fp/hard/crtbegin.o

.ccmram         0x10000000        0x0 load address 0x080048c4
                0x10000000                        . = ALIGN (0x4)
                0x10000000                        _sccmram = .
 *(.ccmram)
 *(.ccmram*)
                0x10000000                        . = ALIGN (0x4)
                0x10000000                        _eccmram = .
                0x080048c4                        _sidata = LOADADDR (.data)

.data           0x20000000       0x5c load address 0x080048c4
                0x20000000                        . = ALIGN (0x4)
                0x20000000                        _sdata = .
 *(.data)
 *(.data*)
 .data.SystemCoreClock
                0x20000000        0x4 cmake/stm32cubemx/CMakeFiles/STM32_Drivers.dir/__/__/Core/Src/system_stm32f4xx.c.obj
                0x20000000                SystemCoreClock
 .data.uwTickPrio
                0x20000004        0x4 cmake/stm32cubemx/CMakeFiles/STM32_Drivers.dir/__/__/Drivers/STM32F4xx_HAL_Driver/Src/stm32f4xx_hal.c.obj
                0x20000004                uwTickPrio
 .data.uwTickFreq
                0x20000008        0x1 cmake/stm32cubemx/CMakeFiles/STM32_Drivers.dir/__/__/Drivers/STM32F4xx_HAL_Driver/Src/stm32f4xx_hal.c.obj
                0x20000008                uwTickFreq
 *fill*         0x20000009        0x3 
 .data._impure_ptr
                0x2000000c        0x4 C:/PROGRA~2/ARMGNU~1/14EFD8~1.2RE/bin/../lib/gcc/arm-none-eabi/14.2.1/thumb/v7e-m+fp/hard\libg_nano.a(libc_a-impure.o)
                0x2000000c                _impure_ptr
 .data._impure_data
                0x20000010       0x4c C:/PROGRA~2/ARMGNU~1/14EFD8~1.2RE/bin/../lib/gcc/arm-none-eabi/14.2.1/thumb/v7e-m+fp/hard\libg_nano.a(libc_a-impure.o)
                0x20000010                _impure_data
 *(.RamFunc)
 *(.RamFunc*)
                0x2000005c                        . = ALIGN (0x4)

.tm_clone_table
                0x2000005c        0x0 load address 0x08004920
 .tm_clone_table
                0x2000005c        0x0 C:/PROGRA~2/ARMGNU~1/14EFD8~1.2RE/bin/../lib/gcc/arm-none-eabi/14.2.1/thumb/v7e-m+fp/hard/crtbegin.o
 .tm_clone_table
                0x2000005c        0x0 C:/PROGRA~2/ARMGNU~1/14EFD8~1.2RE/bin/../lib/gcc/arm-none-eabi/14.2.1/thumb/v7e-m+fp/hard/crtend.o

.igot.plt       0x2000005c        0x0 load address 0x08004920
 .igot.plt      0x2000005c        0x0 C:/PROGRA~2/ARMGNU~1/14EFD8~1.2RE/bin/../lib/gcc/arm-none-eabi/14.2.1/thumb/v7e-m+fp/hard/crtbegin.o

.tdata          0x2000005c        0x0 load address 0x08004920
 *(.tdata .tdata.* .gnu.linkonce.td.*)
                0x2000005c                        . = ALIGN (0x4)
                0x2000005c                        _edata = .
                [!provide]                        PROVIDE (__data_end = .)
                [!provide]                        PROVIDE (__tdata_end = .)
                [!provide]                        PROVIDE (__tdata_start = ADDR (.tdata))
                [!provide]                        PROVIDE (__tdata_size = (__tdata_end - __tdata_start))
                [!provide]                        PROVIDE (__data_start = ADDR (.data))
                [!provide]                        PROVIDE (__data_size = (__data_end - __data_start))
                [!provide]                        PROVIDE (__tdata_source = LOADADDR (.tdata))
                [!provide]                        PROVIDE (__tdata_source_end = (LOADADDR (.tdata) + SIZEOF (.tdata)))
                [!provide]                        PROVIDE (__tdata_source_size = (__tdata_source_end - __tdata_source))
                [!provide]                        PROVIDE (__data_source = LOADADDR (.data))
                [!provide]                        PROVIDE (__data_source_end = __tdata_source_end)
                [!provide]                        PROVIDE (__data_source_size = (__data_source_end - __data_source))

.tbss           0x2000005c        0x0 load address 0x08004920
                0x2000005c                        _sbss = .
                0x2000005c                        __bss_start__ = _sbss
 *(.tbss .tbss.*)
                0x2000005c                        . = ALIGN (0x4)
                [!provide]                        PROVIDE (__tbss_end = .)
                [!provide]                        PROVIDE (__tbss_start = ADDR (.tbss))
                [!provide]                        PROVIDE (__tbss_size = (__tbss_end - __tbss_start))
                [!provide]                        PROVIDE (__tbss_offset = (ADDR (.tbss) - ADDR (.tdata)))
                [!provide]                        PROVIDE (__tls_base = __tdata_start)
                [!provide]                        PROVIDE (__tls_end = __tbss_end)
                [!provide]                        PROVIDE (__tls_size = (__tls_end - __tls_base))
                [!provide]                        PROVIDE (__tls_align = MAX (ALIGNOF (.tdata), ALIGNOF (.tbss)))
                [!provide]                        PROVIDE (__tls_size_align = (((__tls_size + __tls_align) - 0x1) & ~ ((__tls_align - 0x1))))
                [!provide]                        PROVIDE (__arm32_tls_tcb_offset = MAX (0x8, __tls_align))
                [!provide]                        PROVIDE (__arm64_tls_tcb_offset = MAX (0x10, __tls_align))

.bss            0x2000005c      0x3f4 load address 0x08004920
 *(.bss)
 *(.bss*)
 .bss.completed.1
                0x2000005c        0x1 C:/PROGRA~2/ARMGNU~1/14EFD8~1.2RE/bin/../lib/gcc/arm-none-eabi/14.2.1/thumb/v7e-m+fp/hard/crtbegin.o
 *fill*         0x2000005d        0x3 
 .bss.object.0  0x20000060       0x18 C:/PROGRA~2/ARMGNU~1/14EFD8~1.2RE/bin/../lib/gcc/arm-none-eabi/14.2.1/thumb/v7e-m+fp/hard/crtbegin.o
 .bss.uwTick    0x20000078        0x4 cmake/stm32cubemx/CMakeFiles/STM32_Drivers.dir/__/__/Drivers/STM32F4xx_HAL_Driver/Src/stm32f4xx_hal.c.obj
                0x20000078                uwTick
 .bss.hi2c1     0x2000007c       0x54 CMakeFiles/nav_f405_test.dir/Core/Src/main.c.obj
                0x2000007c                hi2c1
 .bss.hspi1     0x200000d0       0x58 CMakeFiles/nav_f405_test.dir/Core/Src/main.c.obj
                0x200000d0                hspi1
 .bss.hspi3     0x20000128       0x58 CMakeFiles/nav_f405_test.dir/Core/Src/main.c.obj
                0x20000128                hspi3
 .bss.huart4    0x20000180       0x48 CMakeFiles/nav_f405_test.dir/Core/Src/main.c.obj
                0x20000180                huart4
 .bss.huart6    0x200001c8       0x48 CMakeFiles/nav_f405_test.dir/Core/Src/main.c.obj
                0x200001c8                huart6
 .bss.imu       0x20000210        0xc CMakeFiles/nav_f405_test.dir/Core/Src/main.c.obj
 .bss.imu_data  0x2000021c        0xe CMakeFiles/nav_f405_test.dir/Core/Src/main.c.obj
 *fill*         0x2000022a        0x2 
 .bss.spi3_tx_buf
                0x2000022c       0x24 CMakeFiles/nav_f405_test.dir/Core/Src/main.c.obj
 .bss.spi3_ready_idx
                0x20000250        0x1 CMakeFiles/nav_f405_test.dir/Core/Src/main.c.obj
 *fill*         0x20000251        0x3 
 .bss.spi3_rx_dummy
                0x20000254       0x12 CMakeFiles/nav_f405_test.dir/Core/Src/main.c.obj
 *fill*         0x20000266        0x2 
 .bss.uart6_tx_buf
                0x20000268       0x12 CMakeFiles/nav_f405_test.dir/Core/Src/main.c.obj
 *fill*         0x2000027a        0x2 
 .bss.uart_buf  0x2000027c       0x80 CMakeFiles/nav_f405_test.dir/Core/Src/main.c.obj
 .bss.last_uart_tx.1
                0x200002fc        0x4 CMakeFiles/nav_f405_test.dir/Core/Src/main.c.obj
 .bss.last_print.0
                0x20000300        0x4 CMakeFiles/nav_f405_test.dir/Core/Src/main.c.obj
 .bss.__sbrk_heap_end
                0x20000304        0x4 CMakeFiles/nav_f405_test.dir/Core/Src/sysmem.c.obj
 .bss.__sf      0x20000308      0x138 C:/PROGRA~2/ARMGNU~1/14EFD8~1.2RE/bin/../lib/gcc/arm-none-eabi/14.2.1/thumb/v7e-m+fp/hard\libg_nano.a(libc_a-findfp.o)
                0x20000308                __sf
 .bss.errno     0x20000440        0x4 C:/PROGRA~2/ARMGNU~1/14EFD8~1.2RE/bin/../lib/gcc/arm-none-eabi/14.2.1/thumb/v7e-m+fp/hard\libg_nano.a(libc_a-reent.o)
                0x20000440                errno
 .bss.__lock___malloc_recursive_mutex
                0x20000444        0x1 C:/PROGRA~2/ARMGNU~1/14EFD8~1.2RE/bin/../lib/gcc/arm-none-eabi/14.2.1/thumb/v7e-m+fp/hard\libg_nano.a(libc_a-lock.o)
                0x20000444                __lock___malloc_recursive_mutex
 *fill*         0x20000445        0x3 
 .bss.__malloc_sbrk_start
                0x20000448        0x4 C:/PROGRA~2/ARMGNU~1/14EFD8~1.2RE/bin/../lib/gcc/arm-none-eabi/14.2.1/thumb/v7e-m+fp/hard\libg_nano.a(libc_a-mallocr.o)
                0x20000448                __malloc_sbrk_start
 .bss.__malloc_free_list
                0x2000044c        0x4 C:/PROGRA~2/ARMGNU~1/14EFD8~1.2RE/bin/../lib/gcc/arm-none-eabi/14.2.1/thumb/v7e-m+fp/hard\libg_nano.a(libc_a-mallocr.o)
                0x2000044c                __malloc_free_list
 *(COMMON)
                0x20000450                        . = ALIGN (0x4)
                0x20000450                        _ebss = .
                0x20000450                        __bss_end__ = _ebss
                [!provide]                        PROVIDE (__bss_end = .)
                [!provide]                        PROVIDE (__non_tls_bss_start = ADDR (.bss))
                [!provide]                        PROVIDE (__bss_start = __tbss_start)
                [!provide]                        PROVIDE (__bss_size = (__bss_end - __bss_start))

._user_heap_stack
                0x20000450      0x600 load address 0x08004920
                0x20000450                        . = ALIGN (0x8)
                [!provide]                        PROVIDE (end = .)
                0x20000450                        PROVIDE (_end = .)
                0x20000650                        . = (. + _Min_Heap_Size)
 *fill*         0x20000450      0x200 
                0x20000a50                        . = (. + _Min_Stack_Size)
 *fill*         0x20000650      0x400 
                0x20000a50                        . = ALIGN (0x8)

/DISCARD/
 libc.a:*(*)
 libm.a:*(*)
 libgcc.a:*(*)
OUTPUT(nav_f405_test.elf elf32-littlearm)
LOAD linker stubs

.ARM.attributes
                0x00000000       0x30
 .ARM.attributes
                0x00000000       0x22 C:/PROGRA~2/ARMGNU~1/14EFD8~1.2RE/bin/../lib/gcc/arm-none-eabi/14.2.1/thumb/v7e-m+fp/hard/crti.o
 .ARM.attributes
                0x00000022       0x34 C:/PROGRA~2/ARMGNU~1/14EFD8~1.2RE/bin/../lib/gcc/arm-none-eabi/14.2.1/thumb/v7e-m+fp/hard/crtbegin.o
 .ARM.attributes
                0x00000056       0x34 cmake/stm32cubemx/CMakeFiles/STM32_Drivers.dir/__/__/Core/Src/system_stm32f4xx.c.obj
 .ARM.attributes
                0x0000008a       0x34 cmake/stm32cubemx/CMakeFiles/STM32_Drivers.dir/__/__/Drivers/STM32F4xx_HAL_Driver/Src/stm32f4xx_hal_i2c.c.obj
 .ARM.attributes
                0x000000be       0x34 cmake/stm32cubemx/CMakeFiles/STM32_Drivers.dir/__/__/Drivers/STM32F4xx_HAL_Driver/Src/stm32f4xx_hal_rcc.c.obj
 .ARM.attributes
                0x000000f2       0x34 cmake/stm32cubemx/CMakeFiles/STM32_Drivers.dir/__/__/Drivers/STM32F4xx_HAL_Driver/Src/stm32f4xx_hal_gpio.c.obj
 .ARM.attributes
                0x00000126       0x34 cmake/stm32cubemx/CMakeFiles/STM32_Drivers.dir/__/__/Drivers/STM32F4xx_HAL_Driver/Src/stm32f4xx_hal_dma.c.obj
 .ARM.attributes
                0x0000015a       0x34 cmake/stm32cubemx/CMakeFiles/STM32_Drivers.dir/__/__/Drivers/STM32F4xx_HAL_Driver/Src/stm32f4xx_hal_cortex.c.obj
 .ARM.attributes
                0x0000018e       0x34 cmake/stm32cubemx/CMakeFiles/STM32_Drivers.dir/__/__/Drivers/STM32F4xx_HAL_Driver/Src/stm32f4xx_hal.c.obj
 .ARM.attributes
                0x000001c2       0x34 cmake/stm32cubemx/CMakeFiles/STM32_Drivers.dir/__/__/Drivers/STM32F4xx_HAL_Driver/Src/stm32f4xx_hal_spi.c.obj
 .ARM.attributes
                0x000001f6       0x34 cmake/stm32cubemx/CMakeFiles/STM32_Drivers.dir/__/__/Drivers/STM32F4xx_HAL_Driver/Src/stm32f4xx_hal_uart.c.obj
 .ARM.attributes
                0x0000022a       0x34 CMakeFiles/nav_f405_test.dir/Core/Src/main.c.obj
 .ARM.attributes
                0x0000025e       0x34 CMakeFiles/nav_f405_test.dir/Core/Src/stm32f4xx_it.c.obj
 .ARM.attributes
                0x00000292       0x34 CMakeFiles/nav_f405_test.dir/Core/Src/stm32f4xx_hal_msp.c.obj
 .ARM.attributes
                0x000002c6       0x34 CMakeFiles/nav_f405_test.dir/Core/Src/sysmem.c.obj
 .ARM.attributes
                0x000002fa       0x21 CMakeFiles/nav_f405_test.dir/startup_stm32f405xx.s.obj
 .ARM.attributes
                0x0000031b       0x34 CMakeFiles/nav_f405_test.dir/Core/Src/iim42652.c.obj
 .ARM.attributes
                0x0000034f       0x22 C:/PROGRA~2/ARMGNU~1/14EFD8~1.2RE/bin/../lib/gcc/arm-none-eabi/14.2.1/thumb/v7e-m+fp/hard\libgcc.a(_aeabi_uldivmod.o)
 .ARM.attributes
                0x00000371       0x34 C:/PROGRA~2/ARMGNU~1/14EFD8~1.2RE/bin/../lib/gcc/arm-none-eabi/14.2.1/thumb/v7e-m+fp/hard\libgcc.a(_udivmoddi4.o)
 .ARM.attributes
                0x000003a5       0x22 C:/PROGRA~2/ARMGNU~1/14EFD8~1.2RE/bin/../lib/gcc/arm-none-eabi/14.2.1/thumb/v7e-m+fp/hard\libgcc.a(_dvmd_tls.o)
 .ARM.attributes
                0x000003c7       0x34 C:/PROGRA~2/ARMGNU~1/14EFD8~1.2RE/bin/../lib/gcc/arm-none-eabi/14.2.1/thumb/v7e-m+fp/hard\libg_nano.a(libc_a-findfp.o)
 .ARM.attributes
                0x000003fb       0x34 C:/PROGRA~2/ARMGNU~1/14EFD8~1.2RE/bin/../lib/gcc/arm-none-eabi/14.2.1/thumb/v7e-m+fp/hard\libg_nano.a(libc_a-snprintf.o)
 .ARM.attributes
                0x0000042f       0x34 C:/PROGRA~2/ARMGNU~1/14EFD8~1.2RE/bin/../lib/gcc/arm-none-eabi/14.2.1/thumb/v7e-m+fp/hard\libg_nano.a(libc_a-memset.o)
 .ARM.attributes
                0x00000463       0x34 C:/PROGRA~2/ARMGNU~1/14EFD8~1.2RE/bin/../lib/gcc/arm-none-eabi/14.2.1/thumb/v7e-m+fp/hard\libg_nano.a(libc_a-reent.o)
 .ARM.attributes
                0x00000497       0x34 C:/PROGRA~2/ARMGNU~1/14EFD8~1.2RE/bin/../lib/gcc/arm-none-eabi/14.2.1/thumb/v7e-m+fp/hard\libg_nano.a(libc_a-impure.o)
 .ARM.attributes
                0x000004cb       0x34 C:/PROGRA~2/ARMGNU~1/14EFD8~1.2RE/bin/../lib/gcc/arm-none-eabi/14.2.1/thumb/v7e-m+fp/hard\libg_nano.a(libc_a-errno.o)
 .ARM.attributes
                0x000004ff       0x34 C:/PROGRA~2/ARMGNU~1/14EFD8~1.2RE/bin/../lib/gcc/arm-none-eabi/14.2.1/thumb/v7e-m+fp/hard\libg_nano.a(libc_a-init.o)
 .ARM.attributes
                0x00000533       0x34 C:/PROGRA~2/ARMGNU~1/14EFD8~1.2RE/bin/../lib/gcc/arm-none-eabi/14.2.1/thumb/v7e-m+fp/hard\libg_nano.a(libc_a-lock.o)
 .ARM.attributes
                0x00000567       0x34 C:/PROGRA~2/ARMGNU~1/14EFD8~1.2RE/bin/../lib/gcc/arm-none-eabi/14.2.1/thumb/v7e-m+fp/hard\libg_nano.a(libc_a-freer.o)
 .ARM.attributes
                0x0000059b       0x34 C:/PROGRA~2/ARMGNU~1/14EFD8~1.2RE/bin/../lib/gcc/arm-none-eabi/14.2.1/thumb/v7e-m+fp/hard\libg_nano.a(libc_a-mallocr.o)
 .ARM.attributes
                0x000005cf       0x34 C:/PROGRA~2/ARMGNU~1/14EFD8~1.2RE/bin/../lib/gcc/arm-none-eabi/14.2.1/thumb/v7e-m+fp/hard\libg_nano.a(libc_a-mlock.o)
 .ARM.attributes
                0x00000603       0x34 C:/PROGRA~2/ARMGNU~1/14EFD8~1.2RE/bin/../lib/gcc/arm-none-eabi/14.2.1/thumb/v7e-m+fp/hard\libg_nano.a(libc_a-nano-svfprintf.o)
 .ARM.attributes
                0x00000637       0x34 C:/PROGRA~2/ARMGNU~1/14EFD8~1.2RE/bin/../lib/gcc/arm-none-eabi/14.2.1/thumb/v7e-m+fp/hard\libg_nano.a(libc_a-nano-vfprintf_i.o)
 .ARM.attributes
                0x0000066b       0x34 C:/PROGRA~2/ARMGNU~1/14EFD8~1.2RE/bin/../lib/gcc/arm-none-eabi/14.2.1/thumb/v7e-m+fp/hard\libg_nano.a(libc_a-memmove.o)
 .ARM.attributes
                0x0000069f       0x34 C:/PROGRA~2/ARMGNU~1/14EFD8~1.2RE/bin/../lib/gcc/arm-none-eabi/14.2.1/thumb/v7e-m+fp/hard\libg_nano.a(libc_a-sbrkr.o)
 .ARM.attributes
                0x000006d3       0x1c C:/PROGRA~2/ARMGNU~1/14EFD8~1.2RE/bin/../lib/gcc/arm-none-eabi/14.2.1/thumb/v7e-m+fp/hard\libg_nano.a(libc_a-memchr.o)
 .ARM.attributes
                0x000006ef       0x34 C:/PROGRA~2/ARMGNU~1/14EFD8~1.2RE/bin/../lib/gcc/arm-none-eabi/14.2.1/thumb/v7e-m+fp/hard\libg_nano.a(libc_a-memcpy-stub.o)
 .ARM.attributes
                0x00000723       0x34 C:/PROGRA~2/ARMGNU~1/14EFD8~1.2RE/bin/../lib/gcc/arm-none-eabi/14.2.1/thumb/v7e-m+fp/hard\libg_nano.a(libc_a-reallocr.o)
 .ARM.attributes
                0x00000757       0x34 C:/PROGRA~2/ARMGNU~1/14EFD8~1.2RE/bin/../lib/gcc/arm-none-eabi/14.2.1/thumb/v7e-m+fp/hard\libg_nano.a(libc_a-msizer.o)
 .ARM.attributes
                0x0000078b       0x34 C:/PROGRA~2/ARMGNU~1/14EFD8~1.2RE/bin/../lib/gcc/arm-none-eabi/14.2.1/thumb/v7e-m+fp/hard/crtend.o
 .ARM.attributes
                0x000007bf       0x22 C:/PROGRA~2/ARMGNU~1/14EFD8~1.2RE/bin/../lib/gcc/arm-none-eabi/14.2.1/thumb/v7e-m+fp/hard/crtn.o

.comment        0x00000000       0x45
 .comment       0x00000000       0x45 cmake/stm32cubemx/CMakeFiles/STM32_Drivers.dir/__/__/Core/Src/system_stm32f4xx.c.obj
                                 0x46 (size before relaxing)
 .comment       0x00000045       0x46 cmake/stm32cubemx/CMakeFiles/STM32_Drivers.dir/__/__/Drivers/STM32F4xx_HAL_Driver/Src/stm32f4xx_hal_i2c.c.obj
 .comment       0x00000045       0x46 cmake/stm32cubemx/CMakeFiles/STM32_Drivers.dir/__/__/Drivers/STM32F4xx_HAL_Driver/Src/stm32f4xx_hal_rcc.c.obj
 .comment       0x00000045       0x46 cmake/stm32cubemx/CMakeFiles/STM32_Drivers.dir/__/__/Drivers/STM32F4xx_HAL_Driver/Src/stm32f4xx_hal_gpio.c.obj
 .comment       0x00000045       0x46 cmake/stm32cubemx/CMakeFiles/STM32_Drivers.dir/__/__/Drivers/STM32F4xx_HAL_Driver/Src/stm32f4xx_hal_dma.c.obj
 .comment       0x00000045       0x46 cmake/stm32cubemx/CMakeFiles/STM32_Drivers.dir/__/__/Drivers/STM32F4xx_HAL_Driver/Src/stm32f4xx_hal_cortex.c.obj
 .comment       0x00000045       0x46 cmake/stm32cubemx/CMakeFiles/STM32_Drivers.dir/__/__/Drivers/STM32F4xx_HAL_Driver/Src/stm32f4xx_hal.c.obj
 .comment       0x00000045       0x46 cmake/stm32cubemx/CMakeFiles/STM32_Drivers.dir/__/__/Drivers/STM32F4xx_HAL_Driver/Src/stm32f4xx_hal_spi.c.obj
 .comment       0x00000045       0x46 cmake/stm32cubemx/CMakeFiles/STM32_Drivers.dir/__/__/Drivers/STM32F4xx_HAL_Driver/Src/stm32f4xx_hal_uart.c.obj
 .comment       0x00000045       0x46 CMakeFiles/nav_f405_test.dir/Core/Src/main.c.obj
 .comment       0x00000045       0x46 CMakeFiles/nav_f405_test.dir/Core/Src/stm32f4xx_it.c.obj
 .comment       0x00000045       0x46 CMakeFiles/nav_f405_test.dir/Core/Src/stm32f4xx_hal_msp.c.obj
 .comment       0x00000045       0x46 CMakeFiles/nav_f405_test.dir/Core/Src/sysmem.c.obj
 .comment       0x00000045       0x46 CMakeFiles/nav_f405_test.dir/Core/Src/iim42652.c.obj

.debug_info     0x00000000     0xd778
 .debug_info    0x00000000      0x512 cmake/stm32cubemx/CMakeFiles/STM32_Drivers.dir/__/__/Core/Src/system_stm32f4xx.c.obj
 .debug_info    0x00000512     0x2415 cmake/stm32cubemx/CMakeFiles/STM32_Drivers.dir/__/__/Drivers/STM32F4xx_HAL_Driver/Src/stm32f4xx_hal_i2c.c.obj
 .debug_info    0x00002927      0x8c3 cmake/stm32cubemx/CMakeFiles/STM32_Drivers.dir/__/__/Drivers/STM32F4xx_HAL_Driver/Src/stm32f4xx_hal_rcc.c.obj
 .debug_info    0x000031ea      0x6c3 cmake/stm32cubemx/CMakeFiles/STM32_Drivers.dir/__/__/Drivers/STM32F4xx_HAL_Driver/Src/stm32f4xx_hal_gpio.c.obj
 .debug_info    0x000038ad      0x8e7 cmake/stm32cubemx/CMakeFiles/STM32_Drivers.dir/__/__/Drivers/STM32F4xx_HAL_Driver/Src/stm32f4xx_hal_dma.c.obj
 .debug_info    0x00004194      0xd7a cmake/stm32cubemx/CMakeFiles/STM32_Drivers.dir/__/__/Drivers/STM32F4xx_HAL_Driver/Src/stm32f4xx_hal_cortex.c.obj
 .debug_info    0x00004f0e      0x932 cmake/stm32cubemx/CMakeFiles/STM32_Drivers.dir/__/__/Drivers/STM32F4xx_HAL_Driver/Src/stm32f4xx_hal.c.obj
 .debug_info    0x00005840     0x1525 cmake/stm32cubemx/CMakeFiles/STM32_Drivers.dir/__/__/Drivers/STM32F4xx_HAL_Driver/Src/stm32f4xx_hal_spi.c.obj
 .debug_info    0x00006d65     0x2f4f cmake/stm32cubemx/CMakeFiles/STM32_Drivers.dir/__/__/Drivers/STM32F4xx_HAL_Driver/Src/stm32f4xx_hal_uart.c.obj
 .debug_info    0x00009cb4     0x18fe CMakeFiles/nav_f405_test.dir/Core/Src/main.c.obj
 .debug_info    0x0000b5b2      0x68d CMakeFiles/nav_f405_test.dir/Core/Src/stm32f4xx_it.c.obj
 .debug_info    0x0000bc3f      0xf82 CMakeFiles/nav_f405_test.dir/Core/Src/stm32f4xx_hal_msp.c.obj
 .debug_info    0x0000cbc1      0x168 CMakeFiles/nav_f405_test.dir/Core/Src/sysmem.c.obj
 .debug_info    0x0000cd29       0x30 CMakeFiles/nav_f405_test.dir/startup_stm32f405xx.s.obj
 .debug_info    0x0000cd59      0xa1f CMakeFiles/nav_f405_test.dir/Core/Src/iim42652.c.obj

.debug_abbrev   0x00000000     0x1ede
 .debug_abbrev  0x00000000      0x11a cmake/stm32cubemx/CMakeFiles/STM32_Drivers.dir/__/__/Core/Src/system_stm32f4xx.c.obj
 .debug_abbrev  0x0000011a      0x2ad cmake/stm32cubemx/CMakeFiles/STM32_Drivers.dir/__/__/Drivers/STM32F4xx_HAL_Driver/Src/stm32f4xx_hal_i2c.c.obj
 .debug_abbrev  0x000003c7      0x2b7 cmake/stm32cubemx/CMakeFiles/STM32_Drivers.dir/__/__/Drivers/STM32F4xx_HAL_Driver/Src/stm32f4xx_hal_rcc.c.obj
 .debug_abbrev  0x0000067e      0x1d4 cmake/stm32cubemx/CMakeFiles/STM32_Drivers.dir/__/__/Drivers/STM32F4xx_HAL_Driver/Src/stm32f4xx_hal_gpio.c.obj
 .debug_abbrev  0x00000852      0x264 cmake/stm32cubemx/CMakeFiles/STM32_Drivers.dir/__/__/Drivers/STM32F4xx_HAL_Driver/Src/stm32f4xx_hal_dma.c.obj
 .debug_abbrev  0x00000ab6      0x31d cmake/stm32cubemx/CMakeFiles/STM32_Drivers.dir/__/__/Drivers/STM32F4xx_HAL_Driver/Src/stm32f4xx_hal_cortex.c.obj
 .debug_abbrev  0x00000dd3      0x214 cmake/stm32cubemx/CMakeFiles/STM32_Drivers.dir/__/__/Drivers/STM32F4xx_HAL_Driver/Src/stm32f4xx_hal.c.obj
 .debug_abbrev  0x00000fe7      0x27a cmake/stm32cubemx/CMakeFiles/STM32_Drivers.dir/__/__/Drivers/STM32F4xx_HAL_Driver/Src/stm32f4xx_hal_spi.c.obj
 .debug_abbrev  0x00001261      0x30e cmake/stm32cubemx/CMakeFiles/STM32_Drivers.dir/__/__/Drivers/STM32F4xx_HAL_Driver/Src/stm32f4xx_hal_uart.c.obj
 .debug_abbrev  0x0000156f      0x30d CMakeFiles/nav_f405_test.dir/Core/Src/main.c.obj
 .debug_abbrev  0x0000187c      0x19b CMakeFiles/nav_f405_test.dir/Core/Src/stm32f4xx_it.c.obj
 .debug_abbrev  0x00001a17      0x1ef CMakeFiles/nav_f405_test.dir/Core/Src/stm32f4xx_hal_msp.c.obj
 .debug_abbrev  0x00001c06       0xbc CMakeFiles/nav_f405_test.dir/Core/Src/sysmem.c.obj
 .debug_abbrev  0x00001cc2       0x24 CMakeFiles/nav_f405_test.dir/startup_stm32f405xx.s.obj
 .debug_abbrev  0x00001ce6      0x1f8 CMakeFiles/nav_f405_test.dir/Core/Src/iim42652.c.obj

.debug_aranges  0x00000000      0xc18
 .debug_aranges
                0x00000000       0x28 cmake/stm32cubemx/CMakeFiles/STM32_Drivers.dir/__/__/Core/Src/system_stm32f4xx.c.obj
 .debug_aranges
                0x00000028      0x2a8 cmake/stm32cubemx/CMakeFiles/STM32_Drivers.dir/__/__/Drivers/STM32F4xx_HAL_Driver/Src/stm32f4xx_hal_i2c.c.obj
 .debug_aranges
                0x000002d0       0x88 cmake/stm32cubemx/CMakeFiles/STM32_Drivers.dir/__/__/Drivers/STM32F4xx_HAL_Driver/Src/stm32f4xx_hal_rcc.c.obj
 .debug_aranges
                0x00000358       0x58 cmake/stm32cubemx/CMakeFiles/STM32_Drivers.dir/__/__/Drivers/STM32F4xx_HAL_Driver/Src/stm32f4xx_hal_gpio.c.obj
 .debug_aranges
                0x000003b0       0x90 cmake/stm32cubemx/CMakeFiles/STM32_Drivers.dir/__/__/Drivers/STM32F4xx_HAL_Driver/Src/stm32f4xx_hal_dma.c.obj
 .debug_aranges
                0x00000440      0x130 cmake/stm32cubemx/CMakeFiles/STM32_Drivers.dir/__/__/Drivers/STM32F4xx_HAL_Driver/Src/stm32f4xx_hal_cortex.c.obj
 .debug_aranges
                0x00000570       0xf0 cmake/stm32cubemx/CMakeFiles/STM32_Drivers.dir/__/__/Drivers/STM32F4xx_HAL_Driver/Src/stm32f4xx_hal.c.obj
 .debug_aranges
                0x00000660      0x1d0 cmake/stm32cubemx/CMakeFiles/STM32_Drivers.dir/__/__/Drivers/STM32F4xx_HAL_Driver/Src/stm32f4xx_hal_spi.c.obj
 .debug_aranges
                0x00000830      0x208 cmake/stm32cubemx/CMakeFiles/STM32_Drivers.dir/__/__/Drivers/STM32F4xx_HAL_Driver/Src/stm32f4xx_hal_uart.c.obj
 .debug_aranges
                0x00000a38       0x80 CMakeFiles/nav_f405_test.dir/Core/Src/main.c.obj
 .debug_aranges
                0x00000ab8       0x70 CMakeFiles/nav_f405_test.dir/Core/Src/stm32f4xx_it.c.obj
 .debug_aranges
                0x00000b28       0x50 CMakeFiles/nav_f405_test.dir/Core/Src/stm32f4xx_hal_msp.c.obj
 .debug_aranges
                0x00000b78       0x20 CMakeFiles/nav_f405_test.dir/Core/Src/sysmem.c.obj
 .debug_aranges
                0x00000b98       0x28 CMakeFiles/nav_f405_test.dir/startup_stm32f405xx.s.obj
 .debug_aranges
                0x00000bc0       0x58 CMakeFiles/nav_f405_test.dir/Core/Src/iim42652.c.obj

.debug_rnglists
                0x00000000      0x97a
 .debug_rnglists
                0x00000000       0x1a cmake/stm32cubemx/CMakeFiles/STM32_Drivers.dir/__/__/Core/Src/system_stm32f4xx.c.obj
 .debug_rnglists
                0x0000001a      0x23c cmake/stm32cubemx/CMakeFiles/STM32_Drivers.dir/__/__/Drivers/STM32F4xx_HAL_Driver/Src/stm32f4xx_hal_i2c.c.obj
 .debug_rnglists
                0x00000256       0x66 cmake/stm32cubemx/CMakeFiles/STM32_Drivers.dir/__/__/Drivers/STM32F4xx_HAL_Driver/Src/stm32f4xx_hal_rcc.c.obj
 .debug_rnglists
                0x000002bc       0x3f cmake/stm32cubemx/CMakeFiles/STM32_Drivers.dir/__/__/Drivers/STM32F4xx_HAL_Driver/Src/stm32f4xx_hal_gpio.c.obj
 .debug_rnglists
                0x000002fb       0x70 cmake/stm32cubemx/CMakeFiles/STM32_Drivers.dir/__/__/Drivers/STM32F4xx_HAL_Driver/Src/stm32f4xx_hal_dma.c.obj
 .debug_rnglists
                0x0000036b       0xe0 cmake/stm32cubemx/CMakeFiles/STM32_Drivers.dir/__/__/Drivers/STM32F4xx_HAL_Driver/Src/stm32f4xx_hal_cortex.c.obj
 .debug_rnglists
                0x0000044b       0xaf cmake/stm32cubemx/CMakeFiles/STM32_Drivers.dir/__/__/Drivers/STM32F4xx_HAL_Driver/Src/stm32f4xx_hal.c.obj
 .debug_rnglists
                0x000004fa      0x16f cmake/stm32cubemx/CMakeFiles/STM32_Drivers.dir/__/__/Drivers/STM32F4xx_HAL_Driver/Src/stm32f4xx_hal_spi.c.obj
 .debug_rnglists
                0x00000669      0x1bc cmake/stm32cubemx/CMakeFiles/STM32_Drivers.dir/__/__/Drivers/STM32F4xx_HAL_Driver/Src/stm32f4xx_hal_uart.c.obj
 .debug_rnglists
                0x00000825       0x61 CMakeFiles/nav_f405_test.dir/Core/Src/main.c.obj
 .debug_rnglists
                0x00000886       0x4f CMakeFiles/nav_f405_test.dir/Core/Src/stm32f4xx_it.c.obj
 .debug_rnglists
                0x000008d5       0x3a CMakeFiles/nav_f405_test.dir/Core/Src/stm32f4xx_hal_msp.c.obj
 .debug_rnglists
                0x0000090f       0x13 CMakeFiles/nav_f405_test.dir/Core/Src/sysmem.c.obj
 .debug_rnglists
                0x00000922       0x19 CMakeFiles/nav_f405_test.dir/startup_stm32f405xx.s.obj
 .debug_rnglists
                0x0000093b       0x3f CMakeFiles/nav_f405_test.dir/Core/Src/iim42652.c.obj

.debug_macro    0x00000000    0x1f5df
 .debug_macro   0x00000000      0x1de cmake/stm32cubemx/CMakeFiles/STM32_Drivers.dir/__/__/Core/Src/system_stm32f4xx.c.obj
 .debug_macro   0x000001de      0xad8 cmake/stm32cubemx/CMakeFiles/STM32_Drivers.dir/__/__/Core/Src/system_stm32f4xx.c.obj
 .debug_macro   0x00000cb6       0x2e cmake/stm32cubemx/CMakeFiles/STM32_Drivers.dir/__/__/Core/Src/system_stm32f4xx.c.obj
 .debug_macro   0x00000ce4       0x2f cmake/stm32cubemx/CMakeFiles/STM32_Drivers.dir/__/__/Core/Src/system_stm32f4xx.c.obj
 .debug_macro   0x00000d13       0x22 cmake/stm32cubemx/CMakeFiles/STM32_Drivers.dir/__/__/Core/Src/system_stm32f4xx.c.obj
 .debug_macro   0x00000d35       0x8e cmake/stm32cubemx/CMakeFiles/STM32_Drivers.dir/__/__/Core/Src/system_stm32f4xx.c.obj
 .debug_macro   0x00000dc3       0x51 cmake/stm32cubemx/CMakeFiles/STM32_Drivers.dir/__/__/Core/Src/system_stm32f4xx.c.obj
 .debug_macro   0x00000e14      0x103 cmake/stm32cubemx/CMakeFiles/STM32_Drivers.dir/__/__/Core/Src/system_stm32f4xx.c.obj
 .debug_macro   0x00000f17       0x6a cmake/stm32cubemx/CMakeFiles/STM32_Drivers.dir/__/__/Core/Src/system_stm32f4xx.c.obj
 .debug_macro   0x00000f81      0x1df cmake/stm32cubemx/CMakeFiles/STM32_Drivers.dir/__/__/Core/Src/system_stm32f4xx.c.obj
 .debug_macro   0x00001160       0x1c cmake/stm32cubemx/CMakeFiles/STM32_Drivers.dir/__/__/Core/Src/system_stm32f4xx.c.obj
 .debug_macro   0x0000117c       0x22 cmake/stm32cubemx/CMakeFiles/STM32_Drivers.dir/__/__/Core/Src/system_stm32f4xx.c.obj
 .debug_macro   0x0000119e       0xfb cmake/stm32cubemx/CMakeFiles/STM32_Drivers.dir/__/__/Core/Src/system_stm32f4xx.c.obj
 .debug_macro   0x00001299     0x1011 cmake/stm32cubemx/CMakeFiles/STM32_Drivers.dir/__/__/Core/Src/system_stm32f4xx.c.obj
 .debug_macro   0x000022aa      0x11f cmake/stm32cubemx/CMakeFiles/STM32_Drivers.dir/__/__/Core/Src/system_stm32f4xx.c.obj
 .debug_macro   0x000023c9    0x1427b cmake/stm32cubemx/CMakeFiles/STM32_Drivers.dir/__/__/Core/Src/system_stm32f4xx.c.obj
 .debug_macro   0x00016644       0x6d cmake/stm32cubemx/CMakeFiles/STM32_Drivers.dir/__/__/Core/Src/system_stm32f4xx.c.obj
 .debug_macro   0x000166b1      0x2a1 cmake/stm32cubemx/CMakeFiles/STM32_Drivers.dir/__/__/Core/Src/system_stm32f4xx.c.obj
 .debug_macro   0x00016952     0x3693 cmake/stm32cubemx/CMakeFiles/STM32_Drivers.dir/__/__/Core/Src/system_stm32f4xx.c.obj
 .debug_macro   0x00019fe5      0x190 cmake/stm32cubemx/CMakeFiles/STM32_Drivers.dir/__/__/Core/Src/system_stm32f4xx.c.obj
 .debug_macro   0x0001a175       0x5c cmake/stm32cubemx/CMakeFiles/STM32_Drivers.dir/__/__/Core/Src/system_stm32f4xx.c.obj
 .debug_macro   0x0001a1d1      0x8bc cmake/stm32cubemx/CMakeFiles/STM32_Drivers.dir/__/__/Core/Src/system_stm32f4xx.c.obj
 .debug_macro   0x0001aa8d      0x9e9 cmake/stm32cubemx/CMakeFiles/STM32_Drivers.dir/__/__/Core/Src/system_stm32f4xx.c.obj
 .debug_macro   0x0001b476      0x115 cmake/stm32cubemx/CMakeFiles/STM32_Drivers.dir/__/__/Core/Src/system_stm32f4xx.c.obj
 .debug_macro   0x0001b58b      0x130 cmake/stm32cubemx/CMakeFiles/STM32_Drivers.dir/__/__/Core/Src/system_stm32f4xx.c.obj
 .debug_macro   0x0001b6bb       0xa5 cmake/stm32cubemx/CMakeFiles/STM32_Drivers.dir/__/__/Core/Src/system_stm32f4xx.c.obj
 .debug_macro   0x0001b760      0x174 cmake/stm32cubemx/CMakeFiles/STM32_Drivers.dir/__/__/Core/Src/system_stm32f4xx.c.obj
 .debug_macro   0x0001b8d4      0x287 cmake/stm32cubemx/CMakeFiles/STM32_Drivers.dir/__/__/Core/Src/system_stm32f4xx.c.obj
 .debug_macro   0x0001bb5b       0x5f cmake/stm32cubemx/CMakeFiles/STM32_Drivers.dir/__/__/Core/Src/system_stm32f4xx.c.obj
 .debug_macro   0x0001bbba      0x236 cmake/stm32cubemx/CMakeFiles/STM32_Drivers.dir/__/__/Core/Src/system_stm32f4xx.c.obj
 .debug_macro   0x0001bdf0      0x12c cmake/stm32cubemx/CMakeFiles/STM32_Drivers.dir/__/__/Core/Src/system_stm32f4xx.c.obj
 .debug_macro   0x0001bf1c      0x21e cmake/stm32cubemx/CMakeFiles/STM32_Drivers.dir/__/__/Core/Src/system_stm32f4xx.c.obj
 .debug_macro   0x0001c13a       0x2e cmake/stm32cubemx/CMakeFiles/STM32_Drivers.dir/__/__/Core/Src/system_stm32f4xx.c.obj
 .debug_macro   0x0001c168      0x1b5 cmake/stm32cubemx/CMakeFiles/STM32_Drivers.dir/__/__/Core/Src/system_stm32f4xx.c.obj
 .debug_macro   0x0001c31d       0xd6 cmake/stm32cubemx/CMakeFiles/STM32_Drivers.dir/__/__/Core/Src/system_stm32f4xx.c.obj
 .debug_macro   0x0001c3f3      0x127 cmake/stm32cubemx/CMakeFiles/STM32_Drivers.dir/__/__/Core/Src/system_stm32f4xx.c.obj
 .debug_macro   0x0001c51a       0x7e cmake/stm32cubemx/CMakeFiles/STM32_Drivers.dir/__/__/Core/Src/system_stm32f4xx.c.obj
 .debug_macro   0x0001c598       0x89 cmake/stm32cubemx/CMakeFiles/STM32_Drivers.dir/__/__/Core/Src/system_stm32f4xx.c.obj
 .debug_macro   0x0001c621      0x225 cmake/stm32cubemx/CMakeFiles/STM32_Drivers.dir/__/__/Core/Src/system_stm32f4xx.c.obj
 .debug_macro   0x0001c846      0x2aa cmake/stm32cubemx/CMakeFiles/STM32_Drivers.dir/__/__/Core/Src/system_stm32f4xx.c.obj
 .debug_macro   0x0001caf0      0x12d cmake/stm32cubemx/CMakeFiles/STM32_Drivers.dir/__/__/Core/Src/system_stm32f4xx.c.obj
 .debug_macro   0x0001cc1d      0x22c cmake/stm32cubemx/CMakeFiles/STM32_Drivers.dir/__/__/Drivers/STM32F4xx_HAL_Driver/Src/stm32f4xx_hal_i2c.c.obj
 .debug_macro   0x0001ce49      0x202 cmake/stm32cubemx/CMakeFiles/STM32_Drivers.dir/__/__/Drivers/STM32F4xx_HAL_Driver/Src/stm32f4xx_hal_rcc.c.obj
 .debug_macro   0x0001d04b      0x1e4 cmake/stm32cubemx/CMakeFiles/STM32_Drivers.dir/__/__/Drivers/STM32F4xx_HAL_Driver/Src/stm32f4xx_hal_gpio.c.obj
 .debug_macro   0x0001d22f      0x1e4 cmake/stm32cubemx/CMakeFiles/STM32_Drivers.dir/__/__/Drivers/STM32F4xx_HAL_Driver/Src/stm32f4xx_hal_dma.c.obj
 .debug_macro   0x0001d413      0x1de cmake/stm32cubemx/CMakeFiles/STM32_Drivers.dir/__/__/Drivers/STM32F4xx_HAL_Driver/Src/stm32f4xx_hal_cortex.c.obj
 .debug_macro   0x0001d5f1      0x23e cmake/stm32cubemx/CMakeFiles/STM32_Drivers.dir/__/__/Drivers/STM32F4xx_HAL_Driver/Src/stm32f4xx_hal.c.obj
 .debug_macro   0x0001d82f      0x1ed cmake/stm32cubemx/CMakeFiles/STM32_Drivers.dir/__/__/Drivers/STM32F4xx_HAL_Driver/Src/stm32f4xx_hal_spi.c.obj
 .debug_macro   0x0001da1c      0x1df cmake/stm32cubemx/CMakeFiles/STM32_Drivers.dir/__/__/Drivers/STM32F4xx_HAL_Driver/Src/stm32f4xx_hal_uart.c.obj
 .debug_macro   0x0001dbfb      0x302 CMakeFiles/nav_f405_test.dir/Core/Src/main.c.obj
 .debug_macro   0x0001defd       0xc4 CMakeFiles/nav_f405_test.dir/Core/Src/main.c.obj
 .debug_macro   0x0001dfc1      0x118 CMakeFiles/nav_f405_test.dir/Core/Src/main.c.obj
 .debug_macro   0x0001e0d9       0x7b CMakeFiles/nav_f405_test.dir/Core/Src/main.c.obj
 .debug_macro   0x0001e154       0x2a CMakeFiles/nav_f405_test.dir/Core/Src/main.c.obj
 .debug_macro   0x0001e17e       0x3c CMakeFiles/nav_f405_test.dir/Core/Src/main.c.obj
 .debug_macro   0x0001e1ba       0x34 CMakeFiles/nav_f405_test.dir/Core/Src/main.c.obj
 .debug_macro   0x0001e1ee      0x364 CMakeFiles/nav_f405_test.dir/Core/Src/main.c.obj
 .debug_macro   0x0001e552       0x16 CMakeFiles/nav_f405_test.dir/Core/Src/main.c.obj
 .debug_macro   0x0001e568       0x4a CMakeFiles/nav_f405_test.dir/Core/Src/main.c.obj
 .debug_macro   0x0001e5b2       0x34 CMakeFiles/nav_f405_test.dir/Core/Src/main.c.obj
 .debug_macro   0x0001e5e6       0x10 CMakeFiles/nav_f405_test.dir/Core/Src/main.c.obj
 .debug_macro   0x0001e5f6       0x58 CMakeFiles/nav_f405_test.dir/Core/Src/main.c.obj
 .debug_macro   0x0001e64e      0x1e5 CMakeFiles/nav_f405_test.dir/Core/Src/main.c.obj
 .debug_macro   0x0001e833       0x10 CMakeFiles/nav_f405_test.dir/Core/Src/main.c.obj
 .debug_macro   0x0001e843       0x3c CMakeFiles/nav_f405_test.dir/Core/Src/main.c.obj
 .debug_macro   0x0001e87f       0x1c CMakeFiles/nav_f405_test.dir/Core/Src/main.c.obj
 .debug_macro   0x0001e89b       0x10 CMakeFiles/nav_f405_test.dir/Core/Src/main.c.obj
 .debug_macro   0x0001e8ab       0x1c CMakeFiles/nav_f405_test.dir/Core/Src/main.c.obj
 .debug_macro   0x0001e8c7       0x16 CMakeFiles/nav_f405_test.dir/Core/Src/main.c.obj
 .debug_macro   0x0001e8dd      0x170 CMakeFiles/nav_f405_test.dir/Core/Src/main.c.obj
 .debug_macro   0x0001ea4d      0x1f7 CMakeFiles/nav_f405_test.dir/Core/Src/stm32f4xx_it.c.obj
 .debug_macro   0x0001ec44      0x1ed CMakeFiles/nav_f405_test.dir/Core/Src/stm32f4xx_hal_msp.c.obj
 .debug_macro   0x0001ee31      0x103 CMakeFiles/nav_f405_test.dir/Core/Src/sysmem.c.obj
 .debug_macro   0x0001ef34       0x10 CMakeFiles/nav_f405_test.dir/Core/Src/sysmem.c.obj
 .debug_macro   0x0001ef44       0x75 CMakeFiles/nav_f405_test.dir/Core/Src/sysmem.c.obj
 .debug_macro   0x0001efb9       0x94 CMakeFiles/nav_f405_test.dir/Core/Src/sysmem.c.obj
 .debug_macro   0x0001f04d       0x57 CMakeFiles/nav_f405_test.dir/Core/Src/sysmem.c.obj
 .debug_macro   0x0001f0a4      0x23c CMakeFiles/nav_f405_test.dir/Core/Src/sysmem.c.obj
 .debug_macro   0x0001f2e0      0x1ed CMakeFiles/nav_f405_test.dir/Core/Src/iim42652.c.obj
 .debug_macro   0x0001f4cd      0x112 CMakeFiles/nav_f405_test.dir/Core/Src/iim42652.c.obj

.debug_line     0x00000000     0xe707
 .debug_line    0x00000000      0x71c cmake/stm32cubemx/CMakeFiles/STM32_Drivers.dir/__/__/Core/Src/system_stm32f4xx.c.obj
 .debug_line    0x0000071c     0x3a45 cmake/stm32cubemx/CMakeFiles/STM32_Drivers.dir/__/__/Drivers/STM32F4xx_HAL_Driver/Src/stm32f4xx_hal_i2c.c.obj
 .debug_line    0x00004161      0xda5 cmake/stm32cubemx/CMakeFiles/STM32_Drivers.dir/__/__/Drivers/STM32F4xx_HAL_Driver/Src/stm32f4xx_hal_rcc.c.obj
 .debug_line    0x00004f06      0xaf0 cmake/stm32cubemx/CMakeFiles/STM32_Drivers.dir/__/__/Drivers/STM32F4xx_HAL_Driver/Src/stm32f4xx_hal_gpio.c.obj
 .debug_line    0x000059f6      0xf04 cmake/stm32cubemx/CMakeFiles/STM32_Drivers.dir/__/__/Drivers/STM32F4xx_HAL_Driver/Src/stm32f4xx_hal_dma.c.obj
 .debug_line    0x000068fa      0xc68 cmake/stm32cubemx/CMakeFiles/STM32_Drivers.dir/__/__/Drivers/STM32F4xx_HAL_Driver/Src/stm32f4xx_hal_cortex.c.obj
 .debug_line    0x00007562      0x998 cmake/stm32cubemx/CMakeFiles/STM32_Drivers.dir/__/__/Drivers/STM32F4xx_HAL_Driver/Src/stm32f4xx_hal.c.obj
 .debug_line    0x00007efa     0x1c33 cmake/stm32cubemx/CMakeFiles/STM32_Drivers.dir/__/__/Drivers/STM32F4xx_HAL_Driver/Src/stm32f4xx_hal_spi.c.obj
 .debug_line    0x00009b2d     0x24e0 cmake/stm32cubemx/CMakeFiles/STM32_Drivers.dir/__/__/Drivers/STM32F4xx_HAL_Driver/Src/stm32f4xx_hal_uart.c.obj
 .debug_line    0x0000c00d      0xc68 CMakeFiles/nav_f405_test.dir/Core/Src/main.c.obj
 .debug_line    0x0000cc75      0x785 CMakeFiles/nav_f405_test.dir/Core/Src/stm32f4xx_it.c.obj
 .debug_line    0x0000d3fa      0x804 CMakeFiles/nav_f405_test.dir/Core/Src/stm32f4xx_hal_msp.c.obj
 .debug_line    0x0000dbfe      0x2ab CMakeFiles/nav_f405_test.dir/Core/Src/sysmem.c.obj
 .debug_line    0x0000dea9       0x7a CMakeFiles/nav_f405_test.dir/startup_stm32f405xx.s.obj
 .debug_line    0x0000df23      0x7e4 CMakeFiles/nav_f405_test.dir/Core/Src/iim42652.c.obj

.debug_str      0x00000000    0xbcbac
 .debug_str     0x00000000    0xbcbac cmake/stm32cubemx/CMakeFiles/STM32_Drivers.dir/__/__/Core/Src/system_stm32f4xx.c.obj
                              0xb50a5 (size before relaxing)
 .debug_str     0x000bcbac    0xb60c3 cmake/stm32cubemx/CMakeFiles/STM32_Drivers.dir/__/__/Drivers/STM32F4xx_HAL_Driver/Src/stm32f4xx_hal_i2c.c.obj
 .debug_str     0x000bcbac    0xb54d9 cmake/stm32cubemx/CMakeFiles/STM32_Drivers.dir/__/__/Drivers/STM32F4xx_HAL_Driver/Src/stm32f4xx_hal_rcc.c.obj
 .debug_str     0x000bcbac    0xb5220 cmake/stm32cubemx/CMakeFiles/STM32_Drivers.dir/__/__/Drivers/STM32F4xx_HAL_Driver/Src/stm32f4xx_hal_gpio.c.obj
 .debug_str     0x000bcbac    0xb54bf cmake/stm32cubemx/CMakeFiles/STM32_Drivers.dir/__/__/Drivers/STM32F4xx_HAL_Driver/Src/stm32f4xx_hal_dma.c.obj
 .debug_str     0x000bcbac    0xb5984 cmake/stm32cubemx/CMakeFiles/STM32_Drivers.dir/__/__/Drivers/STM32F4xx_HAL_Driver/Src/stm32f4xx_hal_cortex.c.obj
 .debug_str     0x000bcbac    0xb5c08 cmake/stm32cubemx/CMakeFiles/STM32_Drivers.dir/__/__/Drivers/STM32F4xx_HAL_Driver/Src/stm32f4xx_hal.c.obj
 .debug_str     0x000bcbac    0xb5963 cmake/stm32cubemx/CMakeFiles/STM32_Drivers.dir/__/__/Drivers/STM32F4xx_HAL_Driver/Src/stm32f4xx_hal_spi.c.obj
 .debug_str     0x000bcbac    0xb5aba cmake/stm32cubemx/CMakeFiles/STM32_Drivers.dir/__/__/Drivers/STM32F4xx_HAL_Driver/Src/stm32f4xx_hal_uart.c.obj
 .debug_str     0x000bcbac    0xb9d8f CMakeFiles/nav_f405_test.dir/Core/Src/main.c.obj
 .debug_str     0x000bcbac    0xb5769 CMakeFiles/nav_f405_test.dir/Core/Src/stm32f4xx_it.c.obj
 .debug_str     0x000bcbac    0xb5c92 CMakeFiles/nav_f405_test.dir/Core/Src/stm32f4xx_hal_msp.c.obj
 .debug_str     0x000bcbac     0x71a0 CMakeFiles/nav_f405_test.dir/Core/Src/sysmem.c.obj
 .debug_str     0x000bcbac       0xd0 CMakeFiles/nav_f405_test.dir/startup_stm32f405xx.s.obj
 .debug_str     0x000bcbac    0xb5a84 CMakeFiles/nav_f405_test.dir/Core/Src/iim42652.c.obj

.debug_frame    0x00000000     0x3810
 .debug_frame   0x00000000       0x58 cmake/stm32cubemx/CMakeFiles/STM32_Drivers.dir/__/__/Core/Src/system_stm32f4xx.c.obj
 .debug_frame   0x00000058      0xc84 cmake/stm32cubemx/CMakeFiles/STM32_Drivers.dir/__/__/Drivers/STM32F4xx_HAL_Driver/Src/stm32f4xx_hal_i2c.c.obj
 .debug_frame   0x00000cdc      0x1f4 cmake/stm32cubemx/CMakeFiles/STM32_Drivers.dir/__/__/Drivers/STM32F4xx_HAL_Driver/Src/stm32f4xx_hal_rcc.c.obj
 .debug_frame   0x00000ed0      0x14c cmake/stm32cubemx/CMakeFiles/STM32_Drivers.dir/__/__/Drivers/STM32F4xx_HAL_Driver/Src/stm32f4xx_hal_gpio.c.obj
 .debug_frame   0x0000101c      0x250 cmake/stm32cubemx/CMakeFiles/STM32_Drivers.dir/__/__/Drivers/STM32F4xx_HAL_Driver/Src/stm32f4xx_hal_dma.c.obj
 .debug_frame   0x0000126c      0x508 cmake/stm32cubemx/CMakeFiles/STM32_Drivers.dir/__/__/Drivers/STM32F4xx_HAL_Driver/Src/stm32f4xx_hal_cortex.c.obj
 .debug_frame   0x00001774      0x374 cmake/stm32cubemx/CMakeFiles/STM32_Drivers.dir/__/__/Drivers/STM32F4xx_HAL_Driver/Src/stm32f4xx_hal.c.obj
 .debug_frame   0x00001ae8      0x828 cmake/stm32cubemx/CMakeFiles/STM32_Drivers.dir/__/__/Drivers/STM32F4xx_HAL_Driver/Src/stm32f4xx_hal_spi.c.obj
 .debug_frame   0x00002310      0x954 cmake/stm32cubemx/CMakeFiles/STM32_Drivers.dir/__/__/Drivers/STM32F4xx_HAL_Driver/Src/stm32f4xx_hal_uart.c.obj
 .debug_frame   0x00002c64      0x1bc CMakeFiles/nav_f405_test.dir/Core/Src/main.c.obj
 .debug_frame   0x00002e20      0x13c CMakeFiles/nav_f405_test.dir/Core/Src/stm32f4xx_it.c.obj
 .debug_frame   0x00002f5c      0x110 CMakeFiles/nav_f405_test.dir/Core/Src/stm32f4xx_hal_msp.c.obj
 .debug_frame   0x0000306c       0x34 CMakeFiles/nav_f405_test.dir/Core/Src/sysmem.c.obj
 .debug_frame   0x000030a0      0x130 CMakeFiles/nav_f405_test.dir/Core/Src/iim42652.c.obj
 .debug_frame   0x000031d0       0x2c C:/PROGRA~2/ARMGNU~1/14EFD8~1.2RE/bin/../lib/gcc/arm-none-eabi/14.2.1/thumb/v7e-m+fp/hard\libgcc.a(_aeabi_uldivmod.o)
 .debug_frame   0x000031fc       0x34 C:/PROGRA~2/ARMGNU~1/14EFD8~1.2RE/bin/../lib/gcc/arm-none-eabi/14.2.1/thumb/v7e-m+fp/hard\libgcc.a(_udivmoddi4.o)
 .debug_frame   0x00003230      0x144 C:/PROGRA~2/ARMGNU~1/14EFD8~1.2RE/bin/../lib/gcc/arm-none-eabi/14.2.1/thumb/v7e-m+fp/hard\libg_nano.a(libc_a-findfp.o)
 .debug_frame   0x00003374       0x7c C:/PROGRA~2/ARMGNU~1/14EFD8~1.2RE/bin/../lib/gcc/arm-none-eabi/14.2.1/thumb/v7e-m+fp/hard\libg_nano.a(libc_a-snprintf.o)
 .debug_frame   0x000033f0       0x20 C:/PROGRA~2/ARMGNU~1/14EFD8~1.2RE/bin/../lib/gcc/arm-none-eabi/14.2.1/thumb/v7e-m+fp/hard\libg_nano.a(libc_a-memset.o)
 .debug_frame   0x00003410       0x38 C:/PROGRA~2/ARMGNU~1/14EFD8~1.2RE/bin/../lib/gcc/arm-none-eabi/14.2.1/thumb/v7e-m+fp/hard\libg_nano.a(libc_a-reent.o)
 .debug_frame   0x00003448       0x20 C:/PROGRA~2/ARMGNU~1/14EFD8~1.2RE/bin/../lib/gcc/arm-none-eabi/14.2.1/thumb/v7e-m+fp/hard\libg_nano.a(libc_a-errno.o)
 .debug_frame   0x00003468       0x2c C:/PROGRA~2/ARMGNU~1/14EFD8~1.2RE/bin/../lib/gcc/arm-none-eabi/14.2.1/thumb/v7e-m+fp/hard\libg_nano.a(libc_a-init.o)
 .debug_frame   0x00003494       0xb0 C:/PROGRA~2/ARMGNU~1/14EFD8~1.2RE/bin/../lib/gcc/arm-none-eabi/14.2.1/thumb/v7e-m+fp/hard\libg_nano.a(libc_a-lock.o)
 .debug_frame   0x00003544       0x38 C:/PROGRA~2/ARMGNU~1/14EFD8~1.2RE/bin/../lib/gcc/arm-none-eabi/14.2.1/thumb/v7e-m+fp/hard\libg_nano.a(libc_a-freer.o)
 .debug_frame   0x0000357c       0x50 C:/PROGRA~2/ARMGNU~1/14EFD8~1.2RE/bin/../lib/gcc/arm-none-eabi/14.2.1/thumb/v7e-m+fp/hard\libg_nano.a(libc_a-mallocr.o)
 .debug_frame   0x000035cc       0x30 C:/PROGRA~2/ARMGNU~1/14EFD8~1.2RE/bin/../lib/gcc/arm-none-eabi/14.2.1/thumb/v7e-m+fp/hard\libg_nano.a(libc_a-mlock.o)
 .debug_frame   0x000035fc       0x90 C:/PROGRA~2/ARMGNU~1/14EFD8~1.2RE/bin/../lib/gcc/arm-none-eabi/14.2.1/thumb/v7e-m+fp/hard\libg_nano.a(libc_a-nano-svfprintf.o)
 .debug_frame   0x0000368c       0x60 C:/PROGRA~2/ARMGNU~1/14EFD8~1.2RE/bin/../lib/gcc/arm-none-eabi/14.2.1/thumb/v7e-m+fp/hard\libg_nano.a(libc_a-nano-vfprintf_i.o)
 .debug_frame   0x000036ec       0x28 C:/PROGRA~2/ARMGNU~1/14EFD8~1.2RE/bin/../lib/gcc/arm-none-eabi/14.2.1/thumb/v7e-m+fp/hard\libg_nano.a(libc_a-memmove.o)
 .debug_frame   0x00003714       0x2c C:/PROGRA~2/ARMGNU~1/14EFD8~1.2RE/bin/../lib/gcc/arm-none-eabi/14.2.1/thumb/v7e-m+fp/hard\libg_nano.a(libc_a-sbrkr.o)
 .debug_frame   0x00003740       0x4c C:/PROGRA~2/ARMGNU~1/14EFD8~1.2RE/bin/../lib/gcc/arm-none-eabi/14.2.1/thumb/v7e-m+fp/hard\libg_nano.a(libc_a-memchr.o)
 .debug_frame   0x0000378c       0x28 C:/PROGRA~2/ARMGNU~1/14EFD8~1.2RE/bin/../lib/gcc/arm-none-eabi/14.2.1/thumb/v7e-m+fp/hard\libg_nano.a(libc_a-memcpy-stub.o)
 .debug_frame   0x000037b4       0x3c C:/PROGRA~2/ARMGNU~1/14EFD8~1.2RE/bin/../lib/gcc/arm-none-eabi/14.2.1/thumb/v7e-m+fp/hard\libg_nano.a(libc_a-reallocr.o)
 .debug_frame   0x000037f0       0x20 C:/PROGRA~2/ARMGNU~1/14EFD8~1.2RE/bin/../lib/gcc/arm-none-eabi/14.2.1/thumb/v7e-m+fp/hard\libg_nano.a(libc_a-msizer.o)

.debug_line_str
                0x00000000      0x26a
 .debug_line_str
                0x00000000      0x26a CMakeFiles/nav_f405_test.dir/startup_stm32f405xx.s.obj
                                 0xb4 (size before relaxing)
 .debug_line_str
                0x0000026a       0xc9 C:/PROGRA~2/ARMGNU~1/14EFD8~1.2RE/bin/../lib/gcc/arm-none-eabi/14.2.1/thumb/v7e-m+fp/hard\libgcc.a(_aeabi_uldivmod.o)
 .debug_line_str
                0x0000026a       0xcd C:/PROGRA~2/ARMGNU~1/14EFD8~1.2RE/bin/../lib/gcc/arm-none-eabi/14.2.1/thumb/v7e-m+fp/hard\libgcc.a(_dvmd_tls.o)
 .debug_line_str
                0x0000026a       0xe1 C:/PROGRA~2/ARMGNU~1/14EFD8~1.2RE/bin/../lib/gcc/arm-none-eabi/14.2.1/thumb/v7e-m+fp/hard\libg_nano.a(libc_a-memchr.o)
