C:/Users/Quang Huy Nugyen/Documents/nav_f405_test/nav_f405_test/Core/Src/main.c:105:13:NAV_PackSpiBuffer	32	static
C:/Users/Quang Huy Nugyen/Documents/nav_f405_test/nav_f405_test/Core/Src/main.c:137:5:main	104	static
C:/Users/Quang Huy Nugyen/Documents/nav_f405_test/nav_f405_test/Core/Src/main.c:277:6:SystemClock_Config	88	static
C:/Users/Quang Huy Nugyen/Documents/nav_f405_test/nav_f405_test/Core/Src/main.c:323:13:MX_SPI1_Init	8	static
C:/Users/Quang Huy Nugyen/Documents/nav_f405_test/nav_f405_test/Core/Src/main.c:361:13:MX_SPI3_Init	8	static
C:/Users/Quang Huy Nugyen/Documents/nav_f405_test/nav_f405_test/Core/Src/main.c:398:13:MX_UART4_Init	8	static
C:/Users/Quang Huy Nugyen/Documents/nav_f405_test/nav_f405_test/Core/Src/main.c:431:13:MX_USART6_UART_Init	8	static
C:/Users/Quang Huy Nugyen/Documents/nav_f405_test/nav_f405_test/Core/Src/main.c:464:13:MX_GPIO_Init	48	static
C:/Users/Quang Huy Nugyen/Documents/nav_f405_test/nav_f405_test/Core/Src/main.c:505:6:HAL_GPIO_EXTI_Callback	16	static
C:/Users/Quang Huy Nugyen/Documents/nav_f405_test/nav_f405_test/Core/Src/main.c:523:6:Error_Handler	4	static
