C:/Users/Quang Huy Nugyen/Documents/CartePCB/nav_f405_test/nav_f405_test/Core/Src/main.c:131:13:NAV_PackSpiBuffer	32	static
C:/Users/Quang Huy Nugyen/Documents/CartePCB/nav_f405_test/nav_f405_test/Core/Src/main.c:160:13:MX_SPI2_GPS_Init	40	static
C:/Users/Quang Huy Nugyen/Documents/CartePCB/nav_f405_test/nav_f405_test/Core/Src/main.c:218:13:SPI3_DMA_Init	16	static
C:/Users/Quang Huy Nugyen/Documents/CartePCB/nav_f405_test/nav_f405_test/Core/Src/main.c:248:13:SPI3_DMA_Arm	24	static
C:/Users/Quang Huy Nugyen/Documents/CartePCB/nav_f405_test/nav_f405_test/Core/Src/main.c:292:5:main	176	static
C:/Users/Quang Huy Nugyen/Documents/CartePCB/nav_f405_test/nav_f405_test/Core/Src/main.c:513:6:SystemClock_Config	88	static
C:/Users/Quang Huy Nugyen/Documents/CartePCB/nav_f405_test/nav_f405_test/Core/Src/main.c:559:13:MX_I2C1_Init	8	static
C:/Users/Quang Huy Nugyen/Documents/CartePCB/nav_f405_test/nav_f405_test/Core/Src/main.c:593:13:MX_SPI1_Init	8	static
C:/Users/Quang Huy Nugyen/Documents/CartePCB/nav_f405_test/nav_f405_test/Core/Src/main.c:631:13:MX_SPI3_Init	8	static
C:/Users/Quang Huy Nugyen/Documents/CartePCB/nav_f405_test/nav_f405_test/Core/Src/main.c:669:13:MX_UART4_Init	8	static
C:/Users/Quang Huy Nugyen/Documents/CartePCB/nav_f405_test/nav_f405_test/Core/Src/main.c:702:13:MX_USART6_UART_Init	8	static
C:/Users/Quang Huy Nugyen/Documents/CartePCB/nav_f405_test/nav_f405_test/Core/Src/main.c:735:13:MX_GPIO_Init	48	static
C:/Users/Quang Huy Nugyen/Documents/CartePCB/nav_f405_test/nav_f405_test/Core/Src/main.c:776:6:HAL_GPIO_EXTI_Callback	16	static
C:/Users/Quang Huy Nugyen/Documents/CartePCB/nav_f405_test/nav_f405_test/Core/Src/main.c:790:6:Error_Handler	4	static
